root@parrot:~/hackthebox/mirai# less nmap/mirai.nmap                           
root@parrot:~/hackthebox/mirai# dig @10.10.10.48 pi.hole                                                                                                       

; <<>> DiG 9.11.5-P4-5.1+b1-Debian <<>> @10.10.10.48 pi.hole                   
; (1 server found)                     
;; global options: +cmd                
;; Got answer:                         
;; ->>HEADER<<- opcode: QUERY, status: NOERROR, id: 37407                      
;; flags: qr aa rd ra; QUERY: 1, ANSWER: 1, AUTHORITY: 0, ADDITIONAL: 1        

;; OPT PSEUDOSECTION:                  
; EDNS: version: 0, flags:; udp: 4096  
;; QUESTION SECTION:                   
;pi.hole.                       IN      A                                      

;; ANSWER SECTION:                     
pi.hole.                300     IN      A       192.168.204.129                

;; Query time: 495 msec                
;; SERVER: 10.10.10.48#53(10.10.10.48) 
;; WHEN: Tue Jan 14 03:29:47 EST 2020  
;; MSG SIZE  rcvd: 52                  

root@parrot:~/hackthebox/mirai# vi /etc/hosts                                  
root@parrot:~/hackthebox/mirai# ping pii.hole                                  
^C                                     
root@parrot:~/hackthebox/mirai# ping pi.hole                                   
PING pi.hole (10.10.10.48) 56(84) bytes of data.                               
64 bytes from pi.hole (10.10.10.48): icmp_seq=1 ttl=63 time=1784 ms            
64 bytes from pi.hole (10.10.10.48): icmp_seq=2 ttl=63 time=1908 ms            
^C                                     
--- pi.hole ping statistics ---        
4 packets transmitted, 2 received, 50% packet loss, time 3032ms                
rtt min/avg/max/mdev = 1783.816/1845.736/1907.656/61.920 ms, pipe 2            
root@parrot:~/hackthebox/mirai# dig axfr @10.10.10.48 pi.hole                  
^Croot@parrot:~/hackthebox/mirai# dig axfr @10.10.10.48 htb                    
^Croot@parrot:~/hackthebox/mirai#      
