root@parrot:~/hackthebox/holiday# mkdir nmap                                    
root@parrot:~/hackthebox/holiday# nmap -sC -sV -oA nmap/holiday 10.10.10.25     
Starting Nmap 7.80 ( https://nmap.org ) at 2020-01-16 12:48 IST                 
Note: Host seems down. If it is really up, but blocking our ping probes, try -Pn                                                                                 
Nmap done: 1 IP address (0 hosts up) scanned in 4.69 seconds                    
root@parrot:~/hackthebox/holiday# nmap -sC -sV -oA nmap/holiday 10.10.10.25     
Starting Nmap 7.80 ( https://nmap.org ) at 2020-01-16 12:48 IST                 
Note: Host seems down. If it is really up, but blocking our ping probes, try -Pn                                                                                 
Nmap done: 1 IP address (0 hosts up) scanned in 4.00 seconds                    
root@parrot:~/hackthebox/holiday# ping 10.10.10.25                              
PING 10.10.10.25 (10.10.10.25) 56(84) bytes of data.                            
^C                                      
--- 10.10.10.25 ping statistics ---     
8 packets transmitted, 0 received, 100% packet loss, time 7159ms                

root@parrot:~/hackthebox/holiday# ping 10.10.10.25                              
PING 10.10.10.25 (10.10.10.25) 56(84) bytes of data.                            
64 bytes from 10.10.10.25: icmp_seq=1 ttl=63 time=209 ms                        
64 bytes from 10.10.10.25: icmp_seq=2 ttl=63 time=269 ms                        
^C                                      
--- 10.10.10.25 ping statistics ---     
3 packets transmitted, 2 received, 33.3333% packet loss, time 2001ms            
rtt min/avg/max/mdev = 209.161/239.048/268.935/29.887 ms                        
root@parrot:~/hackthebox/holiday# nmap -sC -sV -oA nmap/holiday 10.10.10.25                                                                                      
Starting Nmap 7.80 ( https://nmap.org ) at 2020-01-16 12:49 IST                 
Nmap scan report for 10.10.10.25        
Host is up (0.32s latency).             
Not shown: 998 closed ports             
PORT     STATE SERVICE VERSION          
22/tcp   open  ssh     OpenSSH 7.2p2 Ubuntu 4ubuntu2.2 (Ubuntu Linux; protocol 2.0)                                                                              
| ssh-hostkey:                          
|   2048 c3:aa:3d:bd:0e:01:46:c9:6b:46:73:f3:d1:ba:ce:f2 (RSA)                  
|   256 b5:67:f5:eb:8d:11:e9:0f:dd:f4:52:25:9f:b1:2f:23 (ECDSA)                 
|_  256 79:e9:78:96:c5:a8:f4:02:83:90:58:3f:e5:8d:fa:98 (ED25519)               
8000/tcp open  http    Node.js Express framework                                
|_http-title: Error                     
Service Info: OS: Linux; CPE: cpe:/o:linux:linux_kernel                         

Service detection performed. Please report any incorrect results at https://nmap.org/submit/ .                                                                   
Nmap done: 1 IP address (1 host up) scanned in 47.12 seconds                    
root@parrot:~/hackthebox/holiday# vi gobuster_list                              
root@parrot:~/hackthebox/holiday# gobuster dir -u http://10.10.10.25:8000 -a Linux -w gobuster_list                                                              
===============================================================                 
Gobuster v3.0.1                         
by OJ Reeves (@TheColonial) & Christian Mehlmauer (@_FireFart_)                 
===============================================================                 
[+] Url:            http://10.10.10.25:8000                                     
[+] Threads:        10                  
[+] Wordlist:       gobuster_list       
[+] Status codes:   200,204,301,302,307,401,403                                 
[+] User Agent:     Linux               
[+] Timeout:        10s                 
===============================================================                 
2020/01/16 13:01:00 Starting gobuster   
===============================================================                 
Error: error on running gobuster: unable to connect to http://10.10.10.25:8000/: Get http://10.10.10.25:8000/: net/http: request canceled while waiting for connection (Client.Timeout exceeded while awaiting headers)                          
root@parrot:~/hackthebox/holiday# ping 10.10.10.25                              
PING 10.10.10.25 (10.10.10.25) 56(84) bytes of data.                            
^C                                      
--- 10.10.10.25 ping statistics ---     
10 packets transmitted, 0 received, 100% packet loss, time 9203ms               

root@parrot:~/hackthebox/holiday# ping 10.10.10.25                              
PING 10.10.10.25 (10.10.10.25) 56(84) bytes of data.                            
64 bytes from 10.10.10.25: icmp_seq=1 ttl=63 time=328 ms                        
64 bytes from 10.10.10.25: icmp_seq=2 ttl=63 time=208 ms                        
^C                                      
--- 10.10.10.25 ping statistics ---     
2 packets transmitted, 2 received, 0% packet loss, time 1002ms                  
rtt min/avg/max/mdev = 208.130/268.166/328.203/60.036 ms                        
root@parrot:~/hackthebox/holiday# gobuster dir -u http://10.10.10.25:8000 -a Linux -w gobuster_list                                                              
===============================================================                 
Gobuster v3.0.1                         
by OJ Reeves (@TheColonial) & Christian Mehlmauer (@_FireFart_)                 
===============================================================                 
[+] Url:            http://10.10.10.25:8000                                     
[+] Threads:        10                  
[+] Wordlist:       gobuster_list       
[+] Status codes:   200,204,301,302,307,401,403                                 
[+] User Agent:     Linux               
[+] Timeout:        10s                 
===============================================================                 
2020/01/16 13:03:12 Starting gobuster   
===============================================================                 
/img (Status: 301)                      
/logout (Status: 302)                   
/admin (Status: 302)                    
/js (Status: 301)                       
/css (Status: 301)                      
/login (Status: 200)                    
===============================================================                 
2020/01/16 13:03:14 Finished            
===============================================================                 
root@parrot:~/hackthebox/holiday# echo $TERM                                    
screen-256color                         
root@parrot:~/hackthebox/holiday#       
